Archive member included because of file (symbol)

c:/winavr-20100110/bin/../lib/gcc/avr/4.3.3/../../../../avr/lib/avr5\libm.a(acos.o)
                              main.o (acos)
c:/winavr-20100110/bin/../lib/gcc/avr/4.3.3/../../../../avr/lib/avr5\libm.a(addsf3.o)
                              main.o (__subsf3)
c:/winavr-20100110/bin/../lib/gcc/avr/4.3.3/../../../../avr/lib/avr5\libm.a(addsf3x.o)
                              c:/winavr-20100110/bin/../lib/gcc/avr/4.3.3/../../../../avr/lib/avr5\libm.a(acos.o) (__addsf3x)
c:/winavr-20100110/bin/../lib/gcc/avr/4.3.3/../../../../avr/lib/avr5\libm.a(atan2.o)
                              main.o (atan2)
c:/winavr-20100110/bin/../lib/gcc/avr/4.3.3/../../../../avr/lib/avr5\libm.a(atan.o)
                              c:/winavr-20100110/bin/../lib/gcc/avr/4.3.3/../../../../avr/lib/avr5\libm.a(atan2.o) (atan)
c:/winavr-20100110/bin/../lib/gcc/avr/4.3.3/../../../../avr/lib/avr5\libm.a(cmpsf2.o)
                              main.o (__ltsf2)
c:/winavr-20100110/bin/../lib/gcc/avr/4.3.3/../../../../avr/lib/avr5\libm.a(divsf3.o)
                              main.o (__divsf3)
c:/winavr-20100110/bin/../lib/gcc/avr/4.3.3/../../../../avr/lib/avr5\libm.a(divsf3x.o)
                              c:/winavr-20100110/bin/../lib/gcc/avr/4.3.3/../../../../avr/lib/avr5\libm.a(divsf3.o) (__divsf3x)
c:/winavr-20100110/bin/../lib/gcc/avr/4.3.3/../../../../avr/lib/avr5\libm.a(floatsisf.o)
                              main.o (__floatsisf)
c:/winavr-20100110/bin/../lib/gcc/avr/4.3.3/../../../../avr/lib/avr5\libm.a(fp_arccos.o)
                              c:/winavr-20100110/bin/../lib/gcc/avr/4.3.3/../../../../avr/lib/avr5\libm.a(acos.o) (__fp_arccos)
c:/winavr-20100110/bin/../lib/gcc/avr/4.3.3/../../../../avr/lib/avr5\libm.a(fp_cmp.o)
                              c:/winavr-20100110/bin/../lib/gcc/avr/4.3.3/../../../../avr/lib/avr5\libm.a(cmpsf2.o) (__fp_cmp)
c:/winavr-20100110/bin/../lib/gcc/avr/4.3.3/../../../../avr/lib/avr5\libm.a(fp_inf.o)
                              c:/winavr-20100110/bin/../lib/gcc/avr/4.3.3/../../../../avr/lib/avr5\libm.a(addsf3x.o) (__fp_inf)
c:/winavr-20100110/bin/../lib/gcc/avr/4.3.3/../../../../avr/lib/avr5\libm.a(fp_nan.o)
                              c:/winavr-20100110/bin/../lib/gcc/avr/4.3.3/../../../../avr/lib/avr5\libm.a(addsf3x.o) (__fp_nan)
c:/winavr-20100110/bin/../lib/gcc/avr/4.3.3/../../../../avr/lib/avr5\libm.a(fp_powser.o)
                              c:/winavr-20100110/bin/../lib/gcc/avr/4.3.3/../../../../avr/lib/avr5\libm.a(atan.o) (__fp_powser)
c:/winavr-20100110/bin/../lib/gcc/avr/4.3.3/../../../../avr/lib/avr5\libm.a(fp_pscA.o)
                              c:/winavr-20100110/bin/../lib/gcc/avr/4.3.3/../../../../avr/lib/avr5\libm.a(addsf3x.o) (__fp_pscA)
c:/winavr-20100110/bin/../lib/gcc/avr/4.3.3/../../../../avr/lib/avr5\libm.a(fp_pscB.o)
                              c:/winavr-20100110/bin/../lib/gcc/avr/4.3.3/../../../../avr/lib/avr5\libm.a(addsf3x.o) (__fp_pscB)
c:/winavr-20100110/bin/../lib/gcc/avr/4.3.3/../../../../avr/lib/avr5\libm.a(fp_round.o)
                              c:/winavr-20100110/bin/../lib/gcc/avr/4.3.3/../../../../avr/lib/avr5\libm.a(acos.o) (__fp_round)
c:/winavr-20100110/bin/../lib/gcc/avr/4.3.3/../../../../avr/lib/avr5\libm.a(fp_split3.o)
                              c:/winavr-20100110/bin/../lib/gcc/avr/4.3.3/../../../../avr/lib/avr5\libm.a(addsf3x.o) (__fp_split3)
c:/winavr-20100110/bin/../lib/gcc/avr/4.3.3/../../../../avr/lib/avr5\libm.a(fp_zero.o)
                              c:/winavr-20100110/bin/../lib/gcc/avr/4.3.3/../../../../avr/lib/avr5\libm.a(addsf3x.o) (__fp_zero)
c:/winavr-20100110/bin/../lib/gcc/avr/4.3.3/../../../../avr/lib/avr5\libm.a(gesf2.o)
                              main.o (__gesf2)
c:/winavr-20100110/bin/../lib/gcc/avr/4.3.3/../../../../avr/lib/avr5\libm.a(inverse.o)
                              c:/winavr-20100110/bin/../lib/gcc/avr/4.3.3/../../../../avr/lib/avr5\libm.a(atan.o) (inverse)
c:/winavr-20100110/bin/../lib/gcc/avr/4.3.3/../../../../avr/lib/avr5\libm.a(mulsf3.o)
                              main.o (__mulsf3)
c:/winavr-20100110/bin/../lib/gcc/avr/4.3.3/../../../../avr/lib/avr5\libm.a(mulsf3x.o)
                              c:/winavr-20100110/bin/../lib/gcc/avr/4.3.3/../../../../avr/lib/avr5\libm.a(atan.o) (__mulsf3x)
c:/winavr-20100110/bin/../lib/gcc/avr/4.3.3/../../../../avr/lib/avr5\libm.a(round.o)
                              main.o (round)
c:/winavr-20100110/bin/../lib/gcc/avr/4.3.3/../../../../avr/lib/avr5\libm.a(sqrt.o)
                              main.o (sqrt)
c:/winavr-20100110/bin/../lib/gcc/avr/4.3.3/../../../../avr/lib/avr5\libm.a(square.o)
                              c:/winavr-20100110/bin/../lib/gcc/avr/4.3.3/../../../../avr/lib/avr5\libm.a(atan.o) (square)
c:/winavr-20100110/bin/../lib/gcc/avr/4.3.3/../../../../avr/lib/avr5\libm.a(fp_mintl.o)
[...]
Memory Configuration

Name             Origin             Length             Attributes
text             0x00000000         0x00020000         xr
data             0x00800060         0x0000ffa0         rw !x
eeprom           0x00810000         0x00010000         rw !x
fuse             0x00820000         0x00000400         rw !x
lock             0x00830000         0x00000400         rw !x
signature        0x00840000         0x00000400         rw !x
*default*        0x00000000         0xffffffff

Linker script and memory map

Address of section .data set to 0x800100
LOAD c:/winavr-20100110/bin/../lib/gcc/avr/4.3.3/../../../../avr/lib/avr5/crtm32u4.o
LOAD main.o
LOAD Descriptors.o
LOAD ..//LUFA/Drivers/USB/Core/AVR8/Device_AVR8.o
LOAD ..//LUFA/Drivers/USB/Core/AVR8/Endpoint_AVR8.o
LOAD ..//LUFA/Drivers/USB/Core/AVR8/Host_AVR8.o
LOAD ..//LUFA/Drivers/USB/Core/AVR8/Pipe_AVR8.o
LOAD ..//LUFA/Drivers/USB/Core/AVR8/USBController_AVR8.o
LOAD ..//LUFA/Drivers/USB/Core/AVR8/USBInterrupt_AVR8.o
LOAD ..//LUFA/Drivers/USB/Core/AVR8/EndpointStream_AVR8.o
LOAD ..//LUFA/Drivers/USB/Core/AVR8/PipeStream_AVR8.o
LOAD ..//LUFA/Drivers/USB/Core/ConfigDescriptor.o
LOAD ..//LUFA/Drivers/USB/Core/DeviceStandardReq.o
LOAD ..//LUFA/Drivers/USB/Core/Events.o
LOAD ..//LUFA/Drivers/USB/Core/HostStandardReq.o
LOAD ..//LUFA/Drivers/USB/Core/USBTask.o
LOAD ..//LUFA/Drivers/USB/Class/Common/HIDParser.o
LOAD ..//LUFA/Drivers/USB/Class/Device/AudioClassDevice.o
LOAD ..//LUFA/Drivers/USB/Class/Device/CDCClassDevice.o
LOAD ..//LUFA/Drivers/USB/Class/Device/HIDClassDevice.o
LOAD ..//LUFA/Drivers/USB/Class/Device/MassStorageClassDevice.o
LOAD ..//LUFA/Drivers/USB/Class/Device/MIDIClassDevice.o
LOAD ..//LUFA/Drivers/USB/Class/Device/RNDISClassDevice.o
LOAD ..//LUFA/Drivers/USB/Class/Host/AndroidAccessoryClassHost.o
LOAD ..//LUFA/Drivers/USB/Class/Host/AudioClassHost.o
LOAD ..//LUFA/Drivers/USB/Class/Host/CDCClassHost.o
LOAD ..//LUFA/Drivers/USB/Class/Host/HIDClassHost.o
LOAD ..//LUFA/Drivers/USB/Class/Host/MassStorageClassHost.o
LOAD ..//LUFA/Drivers/USB/Class/Host/MIDIClassHost.o
LOAD ..//LUFA/Drivers/USB/Class/Host/PrinterClassHost.o
LOAD ..//LUFA/Drivers/USB/Class/Host/RNDISClassHost.o
LOAD ..//LUFA/Drivers/USB/Class/Host/StillImageClassHost.o
LOAD c:/winavr-20100110/bin/../lib/gcc/avr/4.3.3/../../../../avr/lib/avr5\libm.a
LOAD c:/winavr-20100110/bin/../lib/gcc/avr/4.3.3/avr5\libgcc.a
LOAD c:/winavr-20100110/bin/../lib/gcc/avr/4.3.3/../../../../avr/lib/avr5\libc.a
LOAD c:/winavr-20100110/bin/../lib/gcc/avr/4.3.3/avr5\libgcc.a

.hash
 *(.hash)

.dynsym
 *(.dynsym)

.dynstr
 *(.dynstr)

.gnu.version
 *(.gnu.version)

.gnu.version_d
 *(.gnu.version_d)

.gnu.version_r
 *(.gnu.version_r)

.rel.init
 *(.rel.init)

.rela.init
 *(.rela.init)

.rel.text
 *(.rel.text)
 *(.rel.text.*)
 *(.rel.gnu.linkonce.t*)

.rela.text
 *(.rela.text)
 *(.rela.text.*)
 *(.rela.gnu.linkonce.t*)

.rel.fini
 *(.rel.fini)

.rela.fini
 *(.rela.fini)

.rel.rodata
 *(.rel.rodata)
 *(.rel.rodata.*)
 *(.rel.gnu.linkonce.r*)

.rela.rodata
 *(.rela.rodata)
 *(.rela.rodata.*)
 *(.rela.gnu.linkonce.r*)

.rel.data
 *(.rel.data)
 *(.rel.data.*)
 *(.rel.gnu.linkonce.d*)

.rela.data
 *(.rela.data)
 *(.rela.data.*)
 *(.rela.gnu.linkonce.d*)

.rel.ctors
 *(.rel.ctors)

.rela.ctors
 *(.rela.ctors)

.rel.dtors
 *(.rel.dtors)

.rela.dtors
 *(.rela.dtors)

.rel.got
 *(.rel.got)

.rela.got
 *(.rela.got)

.rel.bss
 *(.rel.bss)

.rela.bss
 *(.rela.bss)

.rel.plt
 *(.rel.plt)

.rela.plt
 *(.rela.plt)

.text           0x00000000     0x423e
 *(.vectors)
 .vectors       0x00000000       0xac c:/winavr-20100110/bin/../lib/gcc/avr/4.3.3/../../../../avr/lib/avr5/crtm32u4.o
                0x00000000                __vectors
                0x00000000                __vector_default
 *(.vectors)
 *(.progmem.gcc*)
 .progmem.gcc_fplib
                0x000000ac       0x2d c:/winavr-20100110/bin/../lib/gcc/avr/4.3.3/../../../../avr/lib/avr5\libm.a(atan.o)
 .progmem.gcc_fplib
                0x000000d9       0x28 c:/winavr-20100110/bin/../lib/gcc/avr/4.3.3/../../../../avr/lib/avr5\libm.a(fp_arccos.o)
 *(.progmem*)
 .progmem.data  0x00000101       0x8c Descriptors.o
                0x00000155                ManufacturerString
                0x00000151                LanguageString
                0x00000101                DeviceDescriptor
                0x0000016f                ProductString
                0x00000113                ConfigurationDescriptor
                0x0000018e                . = ALIGN (0x2)
 *fill*         0x0000018d        0x1 00
                0x0000018e                __trampolines_start = .
 *(.trampolines)
 .trampolines   0x0000018e        0x0 linker stubs
 *(.trampolines*)
                0x0000018e                __trampolines_end = .
 *(.jumptables)
 *(.jumptables*)
 *(.lowtext)
 *(.lowtext*)
                0x0000018e                __ctors_start = .
 *(.ctors)
                0x0000018e                __ctors_end = .
                0x0000018e                __dtors_start = .
 *(.dtors)
                0x0000018e                __dtors_end = .
 SORT(*)(.ctors)
 SORT(*)(.dtors)
 *(.init0)
 .init0         0x0000018e        0x0 c:/winavr-20100110/bin/../lib/gcc/avr/4.3.3/../../../../avr/lib/avr5/crtm32u4.o
                0x0000018e                __init
 *(.init0)
 *(.init1)
 *(.init1)
 *(.init2)
 .init2         0x0000018e        0xc c:/winavr-20100110/bin/../lib/gcc/avr/4.3.3/../../../../avr/lib/avr5/crtm32u4.o
 *(.init2)
 *(.init3)
 *(.init3)
 *(.init4)
 .init4         0x0000019a       0x16 c:/winavr-20100110/bin/../lib/gcc/avr/4.3.3/avr5\libgcc.a(_copy_data.o)
                0x0000019a                __do_copy_data
 .init4         0x000001b0       0x10 c:/winavr-20100110/bin/../lib/gcc/avr/4.3.3/avr5\libgcc.a(_clear_bss.o)
                0x000001b0                __do_clear_bss
 *(.init4)
 *(.init5)
 *(.init5)
 *(.init6)
 *(.init6)
 *(.init7)
 *(.init7)
 *(.init8)
 *(.init8)
 *(.init9)
 .init9         0x000001c0        0x8 c:/winavr-20100110/bin/../lib/gcc/avr/4.3.3/../../../../avr/lib/avr5/crtm32u4.o
 *(.init9)
 *(.text)
 .text          0x000001c8        0x2 c:/winavr-20100110/bin/../lib/gcc/avr/4.3.3/../../../../avr/lib/avr5/crtm32u4.o
                0x000001c8                __vector_38
                0x000001c8                __vector_22
                0x000001c8                __vector_28
                0x000001c8                __vector_1
                0x000001c8                __vector_32
                0x000001c8                __vector_34
                0x000001c8                __vector_24
                0x000001c8                __vector_12
                0x000001c8                __bad_interrupt
                0x000001c8                __vector_6
                0x000001c8                __vector_31
                0x000001c8                __vector_35
                0x000001c8                __vector_39
                0x000001c8                __vector_3
                0x000001c8                __vector_23
                0x000001c8                __vector_30
                0x000001c8                __vector_25
                0x000001c8                __vector_11
                0x000001c8                __vector_13
                0x000001c8                __vector_17
                0x000001c8                __vector_19
                0x000001c8                __vector_7
                0x000001c8                __vector_41
                0x000001c8                __vector_27
                0x000001c8                __vector_5
                0x000001c8                __vector_33
                0x000001c8                __vector_37
                0x000001c8                __vector_4
                0x000001c8                __vector_9
                0x000001c8                __vector_2
                0x000001c8                __vector_21
                0x000001c8                __vector_15
                0x000001c8                __vector_36
                0x000001c8                __vector_29
                0x000001c8                __vector_40
                0x000001c8                __vector_8
                0x000001c8                __vector_26
                0x000001c8                __vector_14
                0x000001c8                __vector_16
                0x000001c8                __vector_18
                0x000001c8                __vector_42
 .text          0x000001ca     0x2876 main.o
                0x00001e26                accel_measurement_noise()
                0x00001a68                EVENT_USB_Device_ConfigurationChanged
                0x00001b9c                accel_angle(vector)
                0x00001044                vector_dot(vector const*, vector const*)
                0x00000488                z_gyro()
                0x00000904                compass_config()
                0x000002a4                gyro_init()
                0x00000538                accelerometer_init()
                0x00000244                i2cReceiveByte(unsigned char)
                0x0000064e                y_accel()
                0x00000260                i2cGetReceivedByte()
                0x000016d6                init_all()
                0x000011de                gyro_angle(vector)
                0x00000222                i2cSendStop()
                0x00001152                gyro_dps(vector*)
                0x000016d2                EVENT_USB_Device_Connect
                0x0000070c                z_accel()
                0x00000590                x_accel()
                0x0000083e                magnetometer_values()
                0x00000908                compass_read_data(vector*, vector*)
                0x0000022a                i2cWaitForComplete()
                0x00001844                print_adxl345(__file)
                0x000025a6                accelcompass_angle_acquisition()
                0x0000028a                i2cSendByte(unsigned char)
                0x000010d2                accel_g(vector*)
                0x00000218                i2cSendStart()
                0x00001336                gyro_measurement_noise()
                0x000016d4                EVENT_USB_Device_Disconnect
                0x000003d8                y_gyro()
                0x00000328                x_gyro()
                0x00002664                filter()
                0x000007ca                magnetometer_init()
                0x00000cbc                gyro_read_data(vector*)
                0x00000cba                gyro_config()
                0x0000296e                main
                0x0000026c                delay_ms(unsigned int)
                0x00000266                i2cGetStatus()
                0x000012c2                gyro_angle_acquisition()
                0x000001ca                i2cSetBitrate(unsigned short)
                0x00000c26                compass_calibration()
                0x00001a60                EVENT_USB_Device_ControlRequest
                0x00000f36                vector_cross(vector const*, vector const*, vector*)
                0x00001ab0                vector_normalize(vector*)
                0x00001736                print_hmc5883(__file)
                0x00001934                print_itg3205(__file)
                0x00001a70                SetupHardware()
                0x0000227e                get_heading(vector*, vector*, vector*)
                0x000016e8                init_interrupts()
                0x000021d2                accel_angle_acquisition()
                0x00000206                i2cInit()
                0x00002916                __vector_20
                0x00002a40                . = ALIGN (0x2)
 *(.text.*)
 .text.CALLBACK_USB_GetDescriptor
                0x00002a40       0x5c Descriptors.o
                0x00002a40                CALLBACK_USB_GetDescriptor
 .text.Endpoint_ConfigureEndpoint_Prv
                0x00002a9c       0x6a ..//LUFA/Drivers/USB/Core/AVR8/Endpoint_AVR8.o
                0x00002a9c                Endpoint_ConfigureEndpoint_Prv
 .text.Endpoint_ClearStatusStage
                0x00002b06       0x42 ..//LUFA/Drivers/USB/Core/AVR8/Endpoint_AVR8.o
                0x00002b06                Endpoint_ClearStatusStage
 .text.Endpoint_WaitUntilReady
                0x00002b48       0x64 ..//LUFA/Drivers/USB/Core/AVR8/Endpoint_AVR8.o
                0x00002b48                Endpoint_WaitUntilReady
 .text.USB_ResetInterface
                0x00002bac       0x88 ..//LUFA/Drivers/USB/Core/AVR8/USBController_AVR8.o
                0x00002bac                USB_ResetInterface
 .text.USB_Init
                0x00002c34       0x16 ..//LUFA/Drivers/USB/Core/AVR8/USBController_AVR8.o
                0x00002c34                USB_Init
 .text.USB_INT_DisableAllInterrupts
                0x00002c4a       0x10 ..//LUFA/Drivers/USB/Core/AVR8/USBInterrupt_AVR8.o
                0x00002c4a                USB_INT_DisableAllInterrupts
 .text.USB_INT_ClearAllInterrupts
                0x00002c5a        0xa ..//LUFA/Drivers/USB/Core/AVR8/USBInterrupt_AVR8.o
                0x00002c5a                USB_INT_ClearAllInterrupts
 .text.__vector_10
                0x00002c64      0x18c ..//LUFA/Drivers/USB/Core/AVR8/USBInterrupt_AVR8.o
                0x00002c64                __vector_10
 .text.Endpoint_Write_Control_Stream_LE
                0x00002df0       0xcc ..//LUFA/Drivers/USB/Core/AVR8/EndpointStream_AVR8.o
                0x00002df0                Endpoint_Write_Control_Stream_LE
 .text.Endpoint_Write_Control_PStream_LE
                0x00002ebc       0xd0 ..//LUFA/Drivers/USB/Core/AVR8/EndpointStream_AVR8.o
                0x00002ebc                Endpoint_Write_Control_PStream_LE
 .text.USB_Device_ProcessControlRequest
                0x00002f8c      0x2da ..//LUFA/Drivers/USB/Core/DeviceStandardReq.o
                0x00002f8c                USB_Device_ProcessControlRequest
 .text.USB_Event_Stub
                0x00003266        0x2 ..//LUFA/Drivers/USB/Core/Events.o
                0x00003266                EVENT_USB_Device_WakeUp
                0x00003266                USB_Event_Stub
                0x00003266                EVENT_USB_Device_Suspend
                0x00003266                EVENT_USB_Device_StartOfFrame
                0x00003266                EVENT_USB_Device_Reset
 .text.USB_USBTask
                0x00003268       0x26 ..//LUFA/Drivers/USB/Core/USBTask.o
                0x00003268                USB_USBTask
 .text.CDC_Device_ReceiveByte
                0x0000328e       0x76 ..//LUFA/Drivers/USB/Class/Device/CDCClassDevice.o
                0x0000328e                CDC_Device_ReceiveByte
 .text.CDC_Device_CreateStream
                0x00003304       0x26 ..//LUFA/Drivers/USB/Class/Device/CDCClassDevice.o
                0x00003304                CDC_Device_CreateStream
 .text.CDC_Device_getchar
                0x0000332a       0x16 ..//LUFA/Drivers/USB/Class/Device/CDCClassDevice.o
 .text.CDC_Device_Event_Stub
                0x00003340        0x2 ..//LUFA/Drivers/USB/Class/Device/CDCClassDevice.o
                0x00003340                EVENT_CDC_Device_LineEncodingChanged
                0x00003340                EVENT_CDC_Device_ControLineStateChanged
                0x00003340                EVENT_CDC_Device_BreakSent
                0x00003340                CDC_Device_Event_Stub
 .text.CDC_Device_Flush
                0x00003342       0x66 ..//LUFA/Drivers/USB/Class/Device/CDCClassDevice.o
                0x00003342                CDC_Device_Flush
 .text.CDC_Device_USBTask
                0x000033a8       0x20 ..//LUFA/Drivers/USB/Class/Device/CDCClassDevice.o
                0x000033a8                CDC_Device_USBTask
 .text.CDC_Device_SendByte
                0x000033c8       0x4a ..//LUFA/Drivers/USB/Class/Device/CDCClassDevice.o
                0x000033c8                CDC_Device_SendByte
 .text.CDC_Device_putchar
                0x00003412       0x1e ..//LUFA/Drivers/USB/Class/Device/CDCClassDevice.o
 .text.CDC_Device_ConfigureEndpoints
                0x00003430       0xa0 ..//LUFA/Drivers/USB/Class/Device/CDCClassDevice.o
                0x00003430                CDC_Device_ConfigureEndpoints
 .text.CDC_Device_ProcessControlRequest
                0x000034d0      0x14e ..//LUFA/Drivers/USB/Class/Device/CDCClassDevice.o
                0x000034d0                CDC_Device_ProcessControlRequest
 .text.avr-libc.fplib
                0x0000361e       0x1c c:/winavr-20100110/bin/../lib/gcc/avr/4.3.3/../../../../avr/lib/avr5\libm.a(acos.o)
                0x0000361e                acos
 .text.avr-libc.fplib
                0x0000363a        0xa c:/winavr-20100110/bin/../lib/gcc/avr/4.3.3/../../../../avr/lib/avr5\libm.a(addsf3.o)
                0x0000363a                __subsf3
                0x0000363c                __addsf3
 .text.avr-libc.fplib
                0x00003644       0xc0 c:/winavr-20100110/bin/../lib/gcc/avr/4.3.3/../../../../avr/lib/avr5\libm.a(addsf3x.o)
                0x0000365e                __addsf3x
 .text.avr-libc.fplib
                0x00003704       0x74 c:/winavr-20100110/bin/../lib/gcc/avr/4.3.3/../../../../avr/lib/avr5\libm.a(atan2.o)
                0x00003722                atan2
 .text.avr-libc.fplib
                0x00003778       0x50 c:/winavr-20100110/bin/../lib/gcc/avr/4.3.3/../../../../avr/lib/avr5\libm.a(atan.o)
                0x00003778                atan
 .text.avr-libc.fplib
                0x000037c8        0x8 c:/winavr-20100110/bin/../lib/gcc/avr/4.3.3/../../../../avr/lib/avr5\libm.a(cmpsf2.o)
                0x000037c8                __lesf2
                0x000037c8                __nesf2
                0x000037c8                __eqsf2
                0x000037c8                __cmpsf2
                0x000037c8                __ltsf2
 .text.avr-libc.fplib
                0x000037d0        0x4 c:/winavr-20100110/bin/../lib/gcc/avr/4.3.3/../../../../avr/lib/avr5\libm.a(divsf3.o)
                0x000037d0                __divsf3
 .text.avr-libc.fplib
                0x000037d4       0xcc c:/winavr-20100110/bin/../lib/gcc/avr/4.3.3/../../../../avr/lib/avr5\libm.a(divsf3x.o)
                0x000037ea                __divsf3x
                0x000037ee                __divsf3_pse
 .text.avr-libc.fplib
                0x000038a0       0x7a c:/winavr-20100110/bin/../lib/gcc/avr/4.3.3/../../../../avr/lib/avr5\libm.a(floatsisf.o)
                0x000038a4                __floatsisf
                0x000038a0                __floatunsisf
 .text.avr-libc.fplib
                0x0000391a       0x36 c:/winavr-20100110/bin/../lib/gcc/avr/4.3.3/../../../../avr/lib/avr5\libm.a(fp_arccos.o)
                0x0000391a                __fp_arccos
 .text.avr-libc.fplib
                0x00003950       0x48 c:/winavr-20100110/bin/../lib/gcc/avr/4.3.3/../../../../avr/lib/avr5\libm.a(fp_cmp.o)
                0x00003950                __fp_cmp
 .text.avr-libc.fplib
                0x00003998        0xc c:/winavr-20100110/bin/../lib/gcc/avr/4.3.3/../../../../avr/lib/avr5\libm.a(fp_inf.o)
                0x00003998                __fp_inf
 .text.avr-libc.fplib
                0x000039a4        0x6 c:/winavr-20100110/bin/../lib/gcc/avr/4.3.3/../../../../avr/lib/avr5\libm.a(fp_nan.o)
                0x000039a4                __fp_nan
 .text.avr-libc.fplib
                0x000039aa       0x4a c:/winavr-20100110/bin/../lib/gcc/avr/4.3.3/../../../../avr/lib/avr5\libm.a(fp_powser.o)
                0x000039aa                __fp_powser
 .text.avr-libc.fplib
                0x000039f4        0xe c:/winavr-20100110/bin/../lib/gcc/avr/4.3.3/../../../../avr/lib/avr5\libm.a(fp_pscA.o)
                0x000039f4                __fp_pscA
 .text.avr-libc.fplib
                0x00003a02        0xe c:/winavr-20100110/bin/../lib/gcc/avr/4.3.3/../../../../avr/lib/avr5\libm.a(fp_pscB.o)
                0x00003a02                __fp_pscB
 .text.avr-libc.fplib
                0x00003a10       0x22 c:/winavr-20100110/bin/../lib/gcc/avr/4.3.3/../../../../avr/lib/avr5\libm.a(fp_round.o)
                0x00003a10                __fp_round
 .text.avr-libc.fplib
                0x00003a32       0x44 c:/winavr-20100110/bin/../lib/gcc/avr/4.3.3/../../../../avr/lib/avr5\libm.a(fp_split3.o)
                0x00003a32                __fp_split3
                0x00003a42                __fp_splitA
 .text.avr-libc.fplib
                0x00003a76        0xe c:/winavr-20100110/bin/../lib/gcc/avr/4.3.3/../../../../avr/lib/avr5\libm.a(fp_zero.o)
                0x00003a76                __fp_zero
                0x00003a78                __fp_szero
 .text.avr-libc.fplib
                0x00003a84        0x8 c:/winavr-20100110/bin/../lib/gcc/avr/4.3.3/../../../../avr/lib/avr5\libm.a(gesf2.o)
                0x00003a84                __gtsf2
                0x00003a84                __gesf2
 .text.avr-libc.fplib
                0x00003a8c        0xe c:/winavr-20100110/bin/../lib/gcc/avr/4.3.3/../../../../avr/lib/avr5\libm.a(inverse.o)
                0x00003a8c                inverse
 .text.avr-libc.fplib
                0x00003a9a        0x4 c:/winavr-20100110/bin/../lib/gcc/avr/4.3.3/../../../../avr/lib/avr5\libm.a(mulsf3.o)
                0x00003a9a                __mulsf3
 .text.avr-libc.fplib
                0x00003a9e       0xc2 c:/winavr-20100110/bin/../lib/gcc/avr/4.3.3/../../../../avr/lib/avr5\libm.a(mulsf3x.o)
                0x00003ab6                __mulsf3_pse
                0x00003ab2                __mulsf3x
 .text.avr-libc.fplib
                0x00003b60       0x40 c:/winavr-20100110/bin/../lib/gcc/avr/4.3.3/../../../../avr/lib/avr5\libm.a(round.o)
                0x00003b60                round
 .text.avr-libc.fplib
                0x00003ba0       0x84 c:/winavr-20100110/bin/../lib/gcc/avr/4.3.3/../../../../avr/lib/avr5\libm.a(sqrt.o)
                0x00003ba8                sqrt
 .text.avr-libc.fplib
                0x00003c24        0x6 c:/winavr-20100110/bin/../lib/gcc/avr/4.3.3/../../../../avr/lib/avr5\libm.a(square.o)
                0x00003c24                square
 .text.avr-libc.fplib
                0x00003c2a       0x36 c:/winavr-20100110/bin/../lib/gcc/avr/4.3.3/../../../../avr/lib/avr5\libm.a(fp_mintl.o)
                0x00003c2a                __fp_mintl
 .text.avr-libc.fplib
                0x00003c60       0x1c c:/winavr-20100110/bin/../lib/gcc/avr/4.3.3/../../../../avr/lib/avr5\libm.a(fp_mpack.o)
                0x00003c64                __fp_mpack_finite
                0x00003c60                __fp_mpack
 .text.avr-libc.fplib
                0x00003c7c        0xe c:/winavr-20100110/bin/../lib/gcc/avr/4.3.3/../../../../avr/lib/avr5\libm.a(fp_norm2.o)
                0x00003c7c                __fp_norm2
 .text.libgcc   0x00003c8a       0x44 c:/winavr-20100110/bin/../lib/gcc/avr/4.3.3/avr5\libgcc.a(_udivmodsi4.o)
                0x00003c8a                __udivmodsi4
 .text.avr-libc
                0x00003cce       0x22 c:/winavr-20100110/bin/../lib/gcc/avr/4.3.3/../../../../avr/lib/avr5\libc.a(fprintf.o)
                0x00003cce                fprintf
 .text.avr-libc
                0x00003cf0      0x39c c:/winavr-20100110/bin/../lib/gcc/avr/4.3.3/../../../../avr/lib/avr5\libc.a(vfprintf_std.o)
                0x00003cf0                vfprintf
 .text.avr-libc
                0x0000408c       0x16 c:/winavr-20100110/bin/../lib/gcc/avr/4.3.3/../../../../avr/lib/avr5\libc.a(strnlen_P.o)
                0x0000408c                strnlen_P
 .text.avr-libc
                0x000040a2       0x16 c:/winavr-20100110/bin/../lib/gcc/avr/4.3.3/../../../../avr/lib/avr5\libc.a(strnlen.o)
                0x000040a2                strnlen
 .text.avr-libc
                0x000040b8       0x58 c:/winavr-20100110/bin/../lib/gcc/avr/4.3.3/../../../../avr/lib/avr5\libc.a(fputc.o)
                0x000040b8                fputc
 .text.avr-libc
                0x00004110       0xbc c:/winavr-20100110/bin/../lib/gcc/avr/4.3.3/../../../../avr/lib/avr5\libc.a(ultoa_invert.o)
                0x00004110                __ultoa_invert
 .text.libgcc   0x000041cc       0x38 c:/winavr-20100110/bin/../lib/gcc/avr/4.3.3/avr5\libgcc.a(_prologue.o)
                0x000041cc                __prologue_saves__
 .text.libgcc   0x00004204       0x36 c:/winavr-20100110/bin/../lib/gcc/avr/4.3.3/avr5\libgcc.a(_epilogue.o)
                0x00004204                __epilogue_restores__
                0x0000423a                . = ALIGN (0x2)
 *(.fini9)
 .fini9         0x0000423a        0x0 c:/winavr-20100110/bin/../lib/gcc/avr/4.3.3/avr5\libgcc.a(_exit.o)
                0x0000423a                exit
                0x0000423a                _exit
 *(.fini9)
 *(.fini8)
 *(.fini8)
 *(.fini7)
 *(.fini7)
 *(.fini6)
 *(.fini6)
 *(.fini5)
 *(.fini5)
 *(.fini4)
 *(.fini4)
 *(.fini3)
 *(.fini3)
 *(.fini2)
 *(.fini2)
 *(.fini1)
 *(.fini1)
 *(.fini0)
 .fini0         0x0000423a        0x4 c:/winavr-20100110/bin/../lib/gcc/avr/4.3.3/avr5\libgcc.a(_exit.o)
 *(.fini0)
                0x0000423e                _etext = .

.data           0x00800100      0x1b4 load address 0x0000423e
                0x00800100                PROVIDE (__data_start, .)
 *(.data)
 .data          0x00800100      0x1b4 main.o
                0x0080025e                tcnt1
                0x0080022e                m_min
                0x00800246                VirtualSerial_CDC_Interface
                0x0080023a                m_max
 *(.data*)
 *(.rodata)
 *(.rodata*)
 *(.gnu.linkonce.d*)
                0x008002b4                . = ALIGN (0x2)
                0x008002b4                _edata = .
                0x008002b4                PROVIDE (__data_end, .)

.bss            0x008002b4       0x6d
                0x008002b4                PROVIDE (__bss_start, .)
 *(.bss)
 .bss           0x008002b4       0x60 main.o
                0x008002b8                Z_MAG
                0x008002e2                anglesGyro
                0x008002d6                anglesAccel
                0x008002ca                anglesGyroGlobal
                0x008002b4                X_MAG
                0x008002b6                Y_MAG
                0x008002ba                buffer
                0x008002fa                initialAngles
                0x008002ee                anglesOutput
 *(.bss*)
 *(COMMON)
 COMMON         0x00800314        0x3 ..//LUFA/Drivers/USB/Core/DeviceStandardReq.o
                0x00800314                USB_Device_ConfigurationNumber
                0x00800315                USB_Device_CurrentlySelfPowered
                0x00800316                USB_Device_RemoteWakeupEnabled
 COMMON         0x00800317        0xa ..//LUFA/Drivers/USB/Core/USBTask.o
                0x00800317                USB_IsInitialized
                0x00800318                USB_DeviceState
                0x00800319                USB_ControlRequest
                0x00800321                PROVIDE (__bss_end, .)
                0x0000423e                __data_load_start = LOADADDR (.data)
                0x000043f2                __data_load_end = (__data_load_start + SIZEOF (.data))

.noinit         0x00800321        0x0
                0x00800321                PROVIDE (__noinit_start, .)
 *(.noinit*)
                0x00800321                PROVIDE (__noinit_end, .)
                0x00800321                _end = .
                0x00800321                PROVIDE (__heap_start, .)

.eeprom         0x00810000        0x0
 *(.eeprom*)
                0x00810000                __eeprom_end = .

.fuse
 *(.fuse)
 *(.lfuse)
 *(.hfuse)
 *(.efuse)

.lock
 *(.lock*)

.signature
 *(.signature*)

.stab
 *(.stab)

.stabstr
 *(.stabstr)

.stab.excl
 *(.stab.excl)

.stab.exclstr
 *(.stab.exclstr)

.stab.index
 *(.stab.index)

.stab.indexstr
 *(.stab.indexstr)

.comment
 *(.comment)

.debug
 *(.debug)

.line
 *(.line)

.debug_srcinfo
 *(.debug_srcinfo)

.debug_sfnames
 *(.debug_sfnames)

.debug_aranges  0x00000000      0x440
 *(.debug_aranges)
 .debug_aranges
                0x00000000       0x20 main.o
 .debug_aranges
                0x00000020       0x20 Descriptors.o
 .debug_aranges
                0x00000040       0x20 ..//LUFA/Drivers/USB/Core/AVR8/Device_AVR8.o
 .debug_aranges
                0x00000060       0x38 ..//LUFA/Drivers/USB/Core/AVR8/Endpoint_AVR8.o
 .debug_aranges
                0x00000098       0x30 ..//LUFA/Drivers/USB/Core/AVR8/USBController_AVR8.o
 .debug_aranges
                0x000000c8       0x30 ..//LUFA/Drivers/USB/Core/AVR8/USBInterrupt_AVR8.o
 .debug_aranges
                0x000000f8       0xc8 ..//LUFA/Drivers/USB/Core/AVR8/EndpointStream_AVR8.o
 .debug_aranges
                0x000001c0       0x38 ..//LUFA/Drivers/USB/Core/ConfigDescriptor.o
 .debug_aranges
                0x000001f8       0x20 ..//LUFA/Drivers/USB/Core/DeviceStandardReq.o
 .debug_aranges
                0x00000218       0x20 ..//LUFA/Drivers/USB/Core/Events.o
 .debug_aranges
                0x00000238       0x20 ..//LUFA/Drivers/USB/Core/USBTask.o
 .debug_aranges
                0x00000258       0x38 ..//LUFA/Drivers/USB/Class/Common/HIDParser.o
 .debug_aranges
                0x00000290       0x30 ..//LUFA/Drivers/USB/Class/Device/AudioClassDevice.o
 .debug_aranges
                0x000002c0       0x98 ..//LUFA/Drivers/USB/Class/Device/CDCClassDevice.o
 .debug_aranges
                0x00000358       0x30 ..//LUFA/Drivers/USB/Class/Device/HIDClassDevice.o
 .debug_aranges
                0x00000388       0x30 ..//LUFA/Drivers/USB/Class/Device/MassStorageClassDevice.o
 .debug_aranges
                0x000003b8       0x40 ..//LUFA/Drivers/USB/Class/Device/MIDIClassDevice.o
 .debug_aranges
                0x000003f8       0x48 ..//LUFA/Drivers/USB/Class/Device/RNDISClassDevice.o

.debug_pubnames
                0x00000000     0x101b
 *(.debug_pubnames)
 .debug_pubnames
                0x00000000      0x4a0 main.o
 .debug_pubnames
                0x000004a0       0x9e Descriptors.o
 .debug_pubnames
                0x0000053e       0x32 ..//LUFA/Drivers/USB/Core/AVR8/Device_AVR8.o
 .debug_pubnames
                0x00000570       0x8b ..//LUFA/Drivers/USB/Core/AVR8/Endpoint_AVR8.o
 .debug_pubnames
                0x000005fb       0x46 ..//LUFA/Drivers/USB/Core/AVR8/USBController_AVR8.o
 .debug_pubnames
                0x00000641       0x62 ..//LUFA/Drivers/USB/Core/AVR8/USBInterrupt_AVR8.o
 .debug_pubnames
                0x000006a3      0x2df ..//LUFA/Drivers/USB/Core/AVR8/EndpointStream_AVR8.o
 .debug_pubnames
                0x00000982       0x9b ..//LUFA/Drivers/USB/Core/ConfigDescriptor.o
 .debug_pubnames
                0x00000a1d       0xa1 ..//LUFA/Drivers/USB/Core/DeviceStandardReq.o
 .debug_pubnames
                0x00000abe       0x25 ..//LUFA/Drivers/USB/Core/Events.o
 .debug_pubnames
                0x00000ae3       0x63 ..//LUFA/Drivers/USB/Core/USBTask.o
 .debug_pubnames
                0x00000b46       0x7e ..//LUFA/Drivers/USB/Class/Common/HIDParser.o
 .debug_pubnames
                0x00000bc4       0x79 ..//LUFA/Drivers/USB/Class/Device/AudioClassDevice.o
 .debug_pubnames
                0x00000c3d      0x18b ..//LUFA/Drivers/USB/Class/Device/CDCClassDevice.o
 .debug_pubnames
                0x00000dc8       0x70 ..//LUFA/Drivers/USB/Class/Device/HIDClassDevice.o
 .debug_pubnames
                0x00000e38       0x6d ..//LUFA/Drivers/USB/Class/Device/MassStorageClassDevice.o
 .debug_pubnames
                0x00000ea5       0xa6 ..//LUFA/Drivers/USB/Class/Device/MIDIClassDevice.o
 .debug_pubnames
                0x00000f4b       0xd0 ..//LUFA/Drivers/USB/Class/Device/RNDISClassDevice.o

.debug_info     0x00000000     0x9604
 *(.debug_info)
 .debug_info    0x00000000     0x1b44 main.o
 .debug_info    0x00001b44      0x691 Descriptors.o
 .debug_info    0x000021d5       0xc4 ..//LUFA/Drivers/USB/Core/AVR8/Device_AVR8.o
 .debug_info    0x00002299      0x449 ..//LUFA/Drivers/USB/Core/AVR8/Endpoint_AVR8.o
 .debug_info    0x000026e2        0x0 ..//LUFA/Drivers/USB/Core/AVR8/Host_AVR8.o
 .debug_info    0x000026e2        0x0 ..//LUFA/Drivers/USB/Core/AVR8/Pipe_AVR8.o
 .debug_info    0x000026e2      0x496 ..//LUFA/Drivers/USB/Core/AVR8/USBController_AVR8.o
 .debug_info    0x00002b78      0x56d ..//LUFA/Drivers/USB/Core/AVR8/USBInterrupt_AVR8.o
 .debug_info    0x000030e5     0x157b ..//LUFA/Drivers/USB/Core/AVR8/EndpointStream_AVR8.o
 .debug_info    0x00004660        0x0 ..//LUFA/Drivers/USB/Core/AVR8/PipeStream_AVR8.o
 .debug_info    0x00004660      0x34b ..//LUFA/Drivers/USB/Core/ConfigDescriptor.o
 .debug_info    0x000049ab      0x9ed ..//LUFA/Drivers/USB/Core/DeviceStandardReq.o
 .debug_info    0x00005398       0x79 ..//LUFA/Drivers/USB/Core/Events.o
 .debug_info    0x00005411        0x0 ..//LUFA/Drivers/USB/Core/HostStandardReq.o
 .debug_info    0x00005411      0x23b ..//LUFA/Drivers/USB/Core/USBTask.o
 .debug_info    0x0000564c      0x6ec ..//LUFA/Drivers/USB/Class/Common/HIDParser.o
 .debug_info    0x00005d38      0x654 ..//LUFA/Drivers/USB/Class/Device/AudioClassDevice.o
 .debug_info    0x0000638c      0xd1b ..//LUFA/Drivers/USB/Class/Device/CDCClassDevice.o
 .debug_info    0x000070a7      0x6d9 ..//LUFA/Drivers/USB/Class/Device/HIDClassDevice.o
 .debug_info    0x00007780      0x906 ..//LUFA/Drivers/USB/Class/Device/MassStorageClassDevice.o
 .debug_info    0x00008086      0x5d2 ..//LUFA/Drivers/USB/Class/Device/MIDIClassDevice.o
 .debug_info    0x00008658      0xfac ..//LUFA/Drivers/USB/Class/Device/RNDISClassDevice.o
 .debug_info    0x00009604        0x0 ..//LUFA/Drivers/USB/Class/Host/AndroidAccessoryClassHost.o
 .debug_info    0x00009604        0x0 ..//LUFA/Drivers/USB/Class/Host/AudioClassHost.o
 .debug_info    0x00009604        0x0 ..//LUFA/Drivers/USB/Class/Host/CDCClassHost.o
 .debug_info    0x00009604        0x0 ..//LUFA/Drivers/USB/Class/Host/HIDClassHost.o
 .debug_info    0x00009604        0x0 ..//LUFA/Drivers/USB/Class/Host/MassStorageClassHost.o
 .debug_info    0x00009604        0x0 ..//LUFA/Drivers/USB/Class/Host/MIDIClassHost.o
 .debug_info    0x00009604        0x0 ..//LUFA/Drivers/USB/Class/Host/PrinterClassHost.o
 .debug_info    0x00009604        0x0 ..//LUFA/Drivers/USB/Class/Host/RNDISClassHost.o
 .debug_info    0x00009604        0x0 ..//LUFA/Drivers/USB/Class/Host/StillImageClassHost.o
 *(.gnu.linkonce.wi.*)

.debug_abbrev   0x00000000     0x21a7
 *(.debug_abbrev)
 .debug_abbrev  0x00000000      0x3fd main.o
 .debug_abbrev  0x000003fd      0x170 Descriptors.o
 .debug_abbrev  0x0000056d       0x79 ..//LUFA/Drivers/USB/Core/AVR8/Device_AVR8.o
 .debug_abbrev  0x000005e6      0x1a1 ..//LUFA/Drivers/USB/Core/AVR8/Endpoint_AVR8.o
 .debug_abbrev  0x00000787        0x1 ..//LUFA/Drivers/USB/Core/AVR8/Host_AVR8.o
 .debug_abbrev  0x00000788        0x1 ..//LUFA/Drivers/USB/Core/AVR8/Pipe_AVR8.o
 .debug_abbrev  0x00000789      0x15a ..//LUFA/Drivers/USB/Core/AVR8/USBController_AVR8.o
 .debug_abbrev  0x000008e3      0x176 ..//LUFA/Drivers/USB/Core/AVR8/USBInterrupt_AVR8.o
 .debug_abbrev  0x00000a59      0x1aa ..//LUFA/Drivers/USB/Core/AVR8/EndpointStream_AVR8.o
 .debug_abbrev  0x00000c03        0x1 ..//LUFA/Drivers/USB/Core/AVR8/PipeStream_AVR8.o
 .debug_abbrev  0x00000c04      0x15c ..//LUFA/Drivers/USB/Core/ConfigDescriptor.o
 .debug_abbrev  0x00000d60      0x22d ..//LUFA/Drivers/USB/Core/DeviceStandardReq.o
 .debug_abbrev  0x00000f8d       0x4a ..//LUFA/Drivers/USB/Core/Events.o
 .debug_abbrev  0x00000fd7        0x1 ..//LUFA/Drivers/USB/Core/HostStandardReq.o
 .debug_abbrev  0x00000fd8      0x15d ..//LUFA/Drivers/USB/Core/USBTask.o
 .debug_abbrev  0x00001135      0x1e7 ..//LUFA/Drivers/USB/Class/Common/HIDParser.o
 .debug_abbrev  0x0000131c      0x1ea ..//LUFA/Drivers/USB/Class/Device/AudioClassDevice.o
 .debug_abbrev  0x00001506      0x347 ..//LUFA/Drivers/USB/Class/Device/CDCClassDevice.o
 .debug_abbrev  0x0000184d      0x21e ..//LUFA/Drivers/USB/Class/Device/HIDClassDevice.o
 .debug_abbrev  0x00001a6b      0x24f ..//LUFA/Drivers/USB/Class/Device/MassStorageClassDevice.o
 .debug_abbrev  0x00001cba      0x20b ..//LUFA/Drivers/USB/Class/Device/MIDIClassDevice.o
 .debug_abbrev  0x00001ec5      0x2d9 ..//LUFA/Drivers/USB/Class/Device/RNDISClassDevice.o
 .debug_abbrev  0x0000219e        0x1 ..//LUFA/Drivers/USB/Class/Host/AndroidAccessoryClassHost.o
 .debug_abbrev  0x0000219f        0x1 ..//LUFA/Drivers/USB/Class/Host/AudioClassHost.o
 .debug_abbrev  0x000021a0        0x1 ..//LUFA/Drivers/USB/Class/Host/CDCClassHost.o
 .debug_abbrev  0x000021a1        0x1 ..//LUFA/Drivers/USB/Class/Host/HIDClassHost.o
 .debug_abbrev  0x000021a2        0x1 ..//LUFA/Drivers/USB/Class/Host/MassStorageClassHost.o
 .debug_abbrev  0x000021a3        0x1 ..//LUFA/Drivers/USB/Class/Host/MIDIClassHost.o
 .debug_abbrev  0x000021a4        0x1 ..//LUFA/Drivers/USB/Class/Host/PrinterClassHost.o
 .debug_abbrev  0x000021a5        0x1 ..//LUFA/Drivers/USB/Class/Host/RNDISClassHost.o
 .debug_abbrev  0x000021a6        0x1 ..//LUFA/Drivers/USB/Class/Host/StillImageClassHost.o

.debug_line     0x00000000     0x8203
 *(.debug_line)
 .debug_line    0x00000000     0x2454 main.o
 .debug_line    0x00002454      0x1c5 Descriptors.o
 .debug_line    0x00002619      0x123 ..//LUFA/Drivers/USB/Core/AVR8/Device_AVR8.o
 .debug_line    0x0000273c      0x440 ..//LUFA/Drivers/USB/Core/AVR8/Endpoint_AVR8.o
 .debug_line    0x00002b7c       0x24 ..//LUFA/Drivers/USB/Core/AVR8/Host_AVR8.o
 .debug_line    0x00002ba0       0x24 ..//LUFA/Drivers/USB/Core/AVR8/Pipe_AVR8.o
 .debug_line    0x00002bc4      0x348 ..//LUFA/Drivers/USB/Core/AVR8/USBController_AVR8.o
 .debug_line    0x00002f0c      0x4ef ..//LUFA/Drivers/USB/Core/AVR8/USBInterrupt_AVR8.o
 .debug_line    0x000033fb     0x1789 ..//LUFA/Drivers/USB/Core/AVR8/EndpointStream_AVR8.o
 .debug_line    0x00004b84       0x24 ..//LUFA/Drivers/USB/Core/AVR8/PipeStream_AVR8.o
 .debug_line    0x00004ba8      0x23a ..//LUFA/Drivers/USB/Core/ConfigDescriptor.o
 .debug_line    0x00004de2      0x5c1 ..//LUFA/Drivers/USB/Core/DeviceStandardReq.o
 .debug_line    0x000053a3       0x7e ..//LUFA/Drivers/USB/Core/Events.o
 .debug_line    0x00005421       0x24 ..//LUFA/Drivers/USB/Core/HostStandardReq.o
 .debug_line    0x00005445      0x1a5 ..//LUFA/Drivers/USB/Core/USBTask.o
 .debug_line    0x000055ea      0x572 ..//LUFA/Drivers/USB/Class/Common/HIDParser.o
 .debug_line    0x00005b5c      0x4e8 ..//LUFA/Drivers/USB/Class/Device/AudioClassDevice.o
 .debug_line    0x00006044      0x962 ..//LUFA/Drivers/USB/Class/Device/CDCClassDevice.o
 .debug_line    0x000069a6      0x596 ..//LUFA/Drivers/USB/Class/Device/HIDClassDevice.o
 .debug_line    0x00006f3c      0x60d ..//LUFA/Drivers/USB/Class/Device/MassStorageClassDevice.o
 .debug_line    0x00007549      0x3fe ..//LUFA/Drivers/USB/Class/Device/MIDIClassDevice.o
 .debug_line    0x00007947      0x778 ..//LUFA/Drivers/USB/Class/Device/RNDISClassDevice.o
 .debug_line    0x000080bf       0x24 ..//LUFA/Drivers/USB/Class/Host/AndroidAccessoryClassHost.o
 .debug_line    0x000080e3       0x24 ..//LUFA/Drivers/USB/Class/Host/AudioClassHost.o
 .debug_line    0x00008107       0x24 ..//LUFA/Drivers/USB/Class/Host/CDCClassHost.o
 .debug_line    0x0000812b       0x24 ..//LUFA/Drivers/USB/Class/Host/HIDClassHost.o
 .debug_line    0x0000814f       0x24 ..//LUFA/Drivers/USB/Class/Host/MassStorageClassHost.o
 .debug_line    0x00008173       0x24 ..//LUFA/Drivers/USB/Class/Host/MIDIClassHost.o
 .debug_line    0x00008197       0x24 ..//LUFA/Drivers/USB/Class/Host/PrinterClassHost.o
 .debug_line    0x000081bb       0x24 ..//LUFA/Drivers/USB/Class/Host/RNDISClassHost.o
 .debug_line    0x000081df       0x24 ..//LUFA/Drivers/USB/Class/Host/StillImageClassHost.o

.debug_frame    0x00000000      0x960
 *(.debug_frame)
 .debug_frame   0x00000000      0x340 main.o
 .debug_frame   0x00000340       0x20 Descriptors.o
 .debug_frame   0x00000360       0x20 ..//LUFA/Drivers/USB/Core/AVR8/Device_AVR8.o
 .debug_frame   0x00000380       0x50 ..//LUFA/Drivers/USB/Core/AVR8/Endpoint_AVR8.o
 .debug_frame   0x000003d0       0x40 ..//LUFA/Drivers/USB/Core/AVR8/USBController_AVR8.o
 .debug_frame   0x00000410       0x40 ..//LUFA/Drivers/USB/Core/AVR8/USBInterrupt_AVR8.o
 .debug_frame   0x00000450      0x170 ..//LUFA/Drivers/USB/Core/AVR8/EndpointStream_AVR8.o
 .debug_frame   0x000005c0       0x50 ..//LUFA/Drivers/USB/Core/ConfigDescriptor.o
 .debug_frame   0x00000610       0x20 ..//LUFA/Drivers/USB/Core/DeviceStandardReq.o
 .debug_frame   0x00000630       0x20 ..//LUFA/Drivers/USB/Core/Events.o
 .debug_frame   0x00000650       0x20 ..//LUFA/Drivers/USB/Core/USBTask.o
 .debug_frame   0x00000670       0x50 ..//LUFA/Drivers/USB/Class/Common/HIDParser.o
 .debug_frame   0x000006c0       0x40 ..//LUFA/Drivers/USB/Class/Device/AudioClassDevice.o
 .debug_frame   0x00000700      0x110 ..//LUFA/Drivers/USB/Class/Device/CDCClassDevice.o
 .debug_frame   0x00000810       0x40 ..//LUFA/Drivers/USB/Class/Device/HIDClassDevice.o
 .debug_frame   0x00000850       0x40 ..//LUFA/Drivers/USB/Class/Device/MassStorageClassDevice.o
 .debug_frame   0x00000890       0x60 ..//LUFA/Drivers/USB/Class/Device/MIDIClassDevice.o
 .debug_frame   0x000008f0       0x70 ..//LUFA/Drivers/USB/Class/Device/RNDISClassDevice.o

.debug_str      0x00000000     0x394e
 *(.debug_str)
 .debug_str     0x00000000      0xa8a main.o
                                0xb06 (size before relaxing)
 .debug_str     0x00000a8a      0x53c Descriptors.o
                                0x67c (size before relaxing)
 .debug_str     0x00000fc6       0x75 ..//LUFA/Drivers/USB/Core/AVR8/Device_AVR8.o
                                0x12e (size before relaxing)
 .debug_str     0x0000103b      0x3bf ..//LUFA/Drivers/USB/Core/AVR8/Endpoint_AVR8.o
                                0x4bd (size before relaxing)
 .debug_str     0x000013fa      0x29a ..//LUFA/Drivers/USB/Core/AVR8/USBController_AVR8.o
                                0x442 (size before relaxing)
 .debug_str     0x00001694       0xe7 ..//LUFA/Drivers/USB/Core/AVR8/USBInterrupt_AVR8.o
                                0x3b4 (size before relaxing)
 .debug_str     0x0000177b      0x4fb ..//LUFA/Drivers/USB/Core/AVR8/EndpointStream_AVR8.o
                                0x75c (size before relaxing)
 .debug_str     0x00001c76      0x21a ..//LUFA/Drivers/USB/Core/ConfigDescriptor.o
                                0x2fb (size before relaxing)
 .debug_str     0x00001e90      0x3e7 ..//LUFA/Drivers/USB/Core/DeviceStandardReq.o
                                0x832 (size before relaxing)
 .debug_str     0x00002277       0x32 ..//LUFA/Drivers/USB/Core/Events.o
                                 0xe5 (size before relaxing)
 .debug_str     0x000022a9       0x68 ..//LUFA/Drivers/USB/Core/USBTask.o
                                0x285 (size before relaxing)
 .debug_str     0x00002311      0x47f ..//LUFA/Drivers/USB/Class/Common/HIDParser.o
                                0x5d3 (size before relaxing)
 .debug_str     0x00002790      0x241 ..//LUFA/Drivers/USB/Class/Device/AudioClassDevice.o
                                0x593 (size before relaxing)
 .debug_str     0x000029d1      0x319 ..//LUFA/Drivers/USB/Class/Device/CDCClassDevice.o
                                0x9d9 (size before relaxing)
 .debug_str     0x00002cea      0x221 ..//LUFA/Drivers/USB/Class/Device/HIDClassDevice.o
                                0x5d3 (size before relaxing)
 .debug_str     0x00002f0b      0x23b ..//LUFA/Drivers/USB/Class/Device/MassStorageClassDevice.o
                                0x782 (size before relaxing)
 .debug_str     0x00003146      0x122 ..//LUFA/Drivers/USB/Class/Device/MIDIClassDevice.o
                                0x605 (size before relaxing)
 .debug_str     0x00003268      0x6e6 ..//LUFA/Drivers/USB/Class/Device/RNDISClassDevice.o
                                0xcf3 (size before relaxing)

.debug_loc      0x00000000     0x4027
 *(.debug_loc)
 .debug_loc     0x00000000      0xa1a main.o
 .debug_loc     0x00000a1a      0x160 Descriptors.o
 .debug_loc     0x00000b7a       0x7f ..//LUFA/Drivers/USB/Core/AVR8/Endpoint_AVR8.o
 .debug_loc     0x00000bf9     0x1886 ..//LUFA/Drivers/USB/Core/AVR8/EndpointStream_AVR8.o
 .debug_loc     0x0000247f      0x2c7 ..//LUFA/Drivers/USB/Core/ConfigDescriptor.o
 .debug_loc     0x00002746      0x25a ..//LUFA/Drivers/USB/Core/DeviceStandardReq.o
 .debug_loc     0x000029a0      0x4fa ..//LUFA/Drivers/USB/Class/Common/HIDParser.o
 .debug_loc     0x00002e9a      0x269 ..//LUFA/Drivers/USB/Class/Device/AudioClassDevice.o
 .debug_loc     0x00003103      0x512 ..//LUFA/Drivers/USB/Class/Device/CDCClassDevice.o
 .debug_loc     0x00003615      0x16c ..//LUFA/Drivers/USB/Class/Device/HIDClassDevice.o
 .debug_loc     0x00003781      0x138 ..//LUFA/Drivers/USB/Class/Device/MassStorageClassDevice.o
 .debug_loc     0x000038b9      0x23c ..//LUFA/Drivers/USB/Class/Device/MIDIClassDevice.o
 .debug_loc     0x00003af5      0x532 ..//LUFA/Drivers/USB/Class/Device/RNDISClassDevice.o

.debug_macinfo
 *(.debug_macinfo)
OUTPUT(main.elf elf32-avr)
LOAD linker stubs

.debug_ranges   0x00000000      0x530
 .debug_ranges  0x00000000       0x18 Descriptors.o
 .debug_ranges  0x00000018       0x18 ..//LUFA/Drivers/USB/Core/AVR8/Device_AVR8.o
 .debug_ranges  0x00000030       0x48 ..//LUFA/Drivers/USB/Core/AVR8/Endpoint_AVR8.o
 .debug_ranges  0x00000078       0x28 ..//LUFA/Drivers/USB/Core/AVR8/USBController_AVR8.o
 .debug_ranges  0x000000a0       0x28 ..//LUFA/Drivers/USB/Core/AVR8/USBInterrupt_AVR8.o
 .debug_ranges  0x000000c8       0xc0 ..//LUFA/Drivers/USB/Core/AVR8/EndpointStream_AVR8.o
 .debug_ranges  0x00000188       0x30 ..//LUFA/Drivers/USB/Core/ConfigDescriptor.o
 .debug_ranges  0x000001b8       0x78 ..//LUFA/Drivers/USB/Core/DeviceStandardReq.o
 .debug_ranges  0x00000230       0x18 ..//LUFA/Drivers/USB/Core/Events.o
 .debug_ranges  0x00000248       0x30 ..//LUFA/Drivers/USB/Core/USBTask.o
 .debug_ranges  0x00000278       0xa0 ..//LUFA/Drivers/USB/Class/Common/HIDParser.o
 .debug_ranges  0x00000318       0x28 ..//LUFA/Drivers/USB/Class/Device/AudioClassDevice.o
 .debug_ranges  0x00000340       0x90 ..//LUFA/Drivers/USB/Class/Device/CDCClassDevice.o
 .debug_ranges  0x000003d0       0x28 ..//LUFA/Drivers/USB/Class/Device/HIDClassDevice.o
 .debug_ranges  0x000003f8       0x78 ..//LUFA/Drivers/USB/Class/Device/MassStorageClassDevice.o
 .debug_ranges  0x00000470       0x38 ..//LUFA/Drivers/USB/Class/Device/MIDIClassDevice.o
 .debug_ranges  0x000004a8       0x88 ..//LUFA/Drivers/USB/Class/Device/RNDISClassDevice.o

Cross Reference Table

Symbol                                            File
Audio_Device_ConfigureEndpoints                   ..//LUFA/Drivers/USB/Class/Device/AudioClassDevice.o
Audio_Device_Event_Stub                           ..//LUFA/Drivers/USB/Class/Device/AudioClassDevice.o
Audio_Device_ProcessControlRequest                ..//LUFA/Drivers/USB/Class/Device/AudioClassDevice.o
CALLBACK_Audio_Device_GetSetEndpointProperty      ..//LUFA/Drivers/USB/Class/Device/AudioClassDevice.o
CALLBACK_Audio_Device_GetSetInterfaceProperty     ..//LUFA/Drivers/USB/Class/Device/AudioClassDevice.o
CALLBACK_HIDParser_FilterHIDReportItem            ..//LUFA/Drivers/USB/Class/Common/HIDParser.o
CALLBACK_HID_Device_CreateHIDReport               ..//LUFA/Drivers/USB/Class/Device/HIDClassDevice.o
CALLBACK_HID_Device_ProcessHIDReport              ..//LUFA/Drivers/USB/Class/Device/HIDClassDevice.o
CALLBACK_MS_Device_SCSICommandReceived            ..//LUFA/Drivers/USB/Class/Device/MassStorageClassDevice.o
CALLBACK_USB_GetDescriptor                        Descriptors.o
                                                  ..//LUFA/Drivers/USB/Core/DeviceStandardReq.o
CDC_Device_BytesReceived                          ..//LUFA/Drivers/USB/Class/Device/CDCClassDevice.o
CDC_Device_ConfigureEndpoints                     ..//LUFA/Drivers/USB/Class/Device/CDCClassDevice.o
                                                  main.o
CDC_Device_CreateBlockingStream                   ..//LUFA/Drivers/USB/Class/Device/CDCClassDevice.o
CDC_Device_CreateStream                           ..//LUFA/Drivers/USB/Class/Device/CDCClassDevice.o
                                                  main.o
CDC_Device_Event_Stub                             ..//LUFA/Drivers/USB/Class/Device/CDCClassDevice.o
CDC_Device_Flush                                  ..//LUFA/Drivers/USB/Class/Device/CDCClassDevice.o
CDC_Device_ProcessControlRequest                  ..//LUFA/Drivers/USB/Class/Device/CDCClassDevice.o
                                                  main.o
CDC_Device_ReceiveByte                            ..//LUFA/Drivers/USB/Class/Device/CDCClassDevice.o
CDC_Device_SendByte                               ..//LUFA/Drivers/USB/Class/Device/CDCClassDevice.o
CDC_Device_SendControlLineStateChange             ..//LUFA/Drivers/USB/Class/Device/CDCClassDevice.o
CDC_Device_SendData                               ..//LUFA/Drivers/USB/Class/Device/CDCClassDevice.o
CDC_Device_SendString                             ..//LUFA/Drivers/USB/Class/Device/CDCClassDevice.o
CDC_Device_USBTask                                ..//LUFA/Drivers/USB/Class/Device/CDCClassDevice.o
                                                  main.o
ConfigurationDescriptor                           Descriptors.o
DeviceDescriptor                                  Descriptors.o
EVENT_Audio_Device_StreamStartStop                ..//LUFA/Drivers/USB/Class/Device/AudioClassDevice.o
EVENT_CDC_Device_BreakSent                        ..//LUFA/Drivers/USB/Class/Device/CDCClassDevice.o
EVENT_CDC_Device_ControLineStateChanged           ..//LUFA/Drivers/USB/Class/Device/CDCClassDevice.o
EVENT_CDC_Device_LineEncodingChanged              ..//LUFA/Drivers/USB/Class/Device/CDCClassDevice.o
EVENT_USB_Device_ConfigurationChanged             main.o
                                                  ..//LUFA/Drivers/USB/Core/DeviceStandardReq.o
EVENT_USB_Device_Connect                          main.o
                                                  ..//LUFA/Drivers/USB/Core/AVR8/USBInterrupt_AVR8.o
EVENT_USB_Device_ControlRequest                   main.o
                                                  ..//LUFA/Drivers/USB/Core/DeviceStandardReq.o
EVENT_USB_Device_Disconnect                       main.o
                                                  ..//LUFA/Drivers/USB/Core/AVR8/USBInterrupt_AVR8.o
EVENT_USB_Device_Reset                            ..//LUFA/Drivers/USB/Core/Events.o
                                                  ..//LUFA/Drivers/USB/Core/AVR8/USBInterrupt_AVR8.o
EVENT_USB_Device_StartOfFrame                     ..//LUFA/Drivers/USB/Core/Events.o
                                                  ..//LUFA/Drivers/USB/Core/AVR8/USBInterrupt_AVR8.o
EVENT_USB_Device_Suspend                          ..//LUFA/Drivers/USB/Core/Events.o
                                                  ..//LUFA/Drivers/USB/Core/AVR8/USBInterrupt_AVR8.o
EVENT_USB_Device_WakeUp                           ..//LUFA/Drivers/USB/Core/Events.o
                                                  ..//LUFA/Drivers/USB/Core/AVR8/USBInterrupt_AVR8.o
Endpoint_ClearEndpoints                           ..//LUFA/Drivers/USB/Core/AVR8/Endpoint_AVR8.o
Endpoint_ClearStatusStage                         ..//LUFA/Drivers/USB/Core/AVR8/Endpoint_AVR8.o
                                                  ..//LUFA/Drivers/USB/Class/Device/MassStorageClassDevice.o
                                                  ..//LUFA/Drivers/USB/Class/Device/HIDClassDevice.o
                                                  ..//LUFA/Drivers/USB/Class/Device/CDCClassDevice.o
                                                  ..//LUFA/Drivers/USB/Class/Device/AudioClassDevice.o
                                                  ..//LUFA/Drivers/USB/Core/DeviceStandardReq.o
Endpoint_ConfigureEndpoint_Prv                    ..//LUFA/Drivers/USB/Core/AVR8/Endpoint_AVR8.o
                                                  ..//LUFA/Drivers/USB/Class/Device/RNDISClassDevice.o
                                                  ..//LUFA/Drivers/USB/Class/Device/MIDIClassDevice.o
                                                  ..//LUFA/Drivers/USB/Class/Device/MassStorageClassDevice.o
                                                  ..//LUFA/Drivers/USB/Class/Device/HIDClassDevice.o
                                                  ..//LUFA/Drivers/USB/Class/Device/CDCClassDevice.o
                                                  ..//LUFA/Drivers/USB/Class/Device/AudioClassDevice.o
                                                  ..//LUFA/Drivers/USB/Core/AVR8/USBInterrupt_AVR8.o
                                                  ..//LUFA/Drivers/USB/Core/AVR8/USBController_AVR8.o
Endpoint_Discard_Stream                           ..//LUFA/Drivers/USB/Core/AVR8/EndpointStream_AVR8.o
Endpoint_Null_Stream                              ..//LUFA/Drivers/USB/Core/AVR8/EndpointStream_AVR8.o
Endpoint_Read_Control_EStream_BE                  ..//LUFA/Drivers/USB/Core/AVR8/EndpointStream_AVR8.o
Endpoint_Read_Control_EStream_LE                  ..//LUFA/Drivers/USB/Core/AVR8/EndpointStream_AVR8.o
Endpoint_Read_Control_Stream_BE                   ..//LUFA/Drivers/USB/Core/AVR8/EndpointStream_AVR8.o
Endpoint_Read_Control_Stream_LE                   ..//LUFA/Drivers/USB/Core/AVR8/EndpointStream_AVR8.o
                                                  ..//LUFA/Drivers/USB/Class/Device/RNDISClassDevice.o
                                                  ..//LUFA/Drivers/USB/Class/Device/HIDClassDevice.o
                                                  ..//LUFA/Drivers/USB/Class/Device/AudioClassDevice.o
Endpoint_Read_EStream_BE                          ..//LUFA/Drivers/USB/Core/AVR8/EndpointStream_AVR8.o
Endpoint_Read_EStream_LE                          ..//LUFA/Drivers/USB/Core/AVR8/EndpointStream_AVR8.o
Endpoint_Read_Stream_BE                           ..//LUFA/Drivers/USB/Core/AVR8/EndpointStream_AVR8.o
Endpoint_Read_Stream_LE                           ..//LUFA/Drivers/USB/Core/AVR8/EndpointStream_AVR8.o
                                                  ..//LUFA/Drivers/USB/Class/Device/RNDISClassDevice.o
                                                  ..//LUFA/Drivers/USB/Class/Device/MIDIClassDevice.o
                                                  ..//LUFA/Drivers/USB/Class/Device/MassStorageClassDevice.o
Endpoint_WaitUntilReady                           ..//LUFA/Drivers/USB/Core/AVR8/Endpoint_AVR8.o
                                                  ..//LUFA/Drivers/USB/Class/Device/RNDISClassDevice.o
                                                  ..//LUFA/Drivers/USB/Class/Device/MIDIClassDevice.o
                                                  ..//LUFA/Drivers/USB/Class/Device/CDCClassDevice.o
                                                  ..//LUFA/Drivers/USB/Core/AVR8/EndpointStream_AVR8.o
Endpoint_Write_Control_EStream_BE                 ..//LUFA/Drivers/USB/Core/AVR8/EndpointStream_AVR8.o
Endpoint_Write_Control_EStream_LE                 ..//LUFA/Drivers/USB/Core/AVR8/EndpointStream_AVR8.o
Endpoint_Write_Control_PStream_BE                 ..//LUFA/Drivers/USB/Core/AVR8/EndpointStream_AVR8.o
Endpoint_Write_Control_PStream_LE                 ..//LUFA/Drivers/USB/Core/AVR8/EndpointStream_AVR8.o
                                                  ..//LUFA/Drivers/USB/Core/DeviceStandardReq.o
Endpoint_Write_Control_Stream_BE                  ..//LUFA/Drivers/USB/Core/AVR8/EndpointStream_AVR8.o
Endpoint_Write_Control_Stream_LE                  ..//LUFA/Drivers/USB/Core/AVR8/EndpointStream_AVR8.o
                                                  ..//LUFA/Drivers/USB/Class/Device/RNDISClassDevice.o
                                                  ..//LUFA/Drivers/USB/Class/Device/HIDClassDevice.o
                                                  ..//LUFA/Drivers/USB/Class/Device/AudioClassDevice.o
                                                  ..//LUFA/Drivers/USB/Core/DeviceStandardReq.o
Endpoint_Write_EStream_BE                         ..//LUFA/Drivers/USB/Core/AVR8/EndpointStream_AVR8.o
Endpoint_Write_EStream_LE                         ..//LUFA/Drivers/USB/Core/AVR8/EndpointStream_AVR8.o
Endpoint_Write_PStream_BE                         ..//LUFA/Drivers/USB/Core/AVR8/EndpointStream_AVR8.o
Endpoint_Write_PStream_LE                         ..//LUFA/Drivers/USB/Core/AVR8/EndpointStream_AVR8.o
Endpoint_Write_Stream_BE                          ..//LUFA/Drivers/USB/Core/AVR8/EndpointStream_AVR8.o
Endpoint_Write_Stream_LE                          ..//LUFA/Drivers/USB/Core/AVR8/EndpointStream_AVR8.o
                                                  ..//LUFA/Drivers/USB/Class/Device/RNDISClassDevice.o
                                                  ..//LUFA/Drivers/USB/Class/Device/MIDIClassDevice.o
                                                  ..//LUFA/Drivers/USB/Class/Device/MassStorageClassDevice.o
                                                  ..//LUFA/Drivers/USB/Class/Device/HIDClassDevice.o
                                                  ..//LUFA/Drivers/USB/Class/Device/CDCClassDevice.o
HID_Device_ConfigureEndpoints                     ..//LUFA/Drivers/USB/Class/Device/HIDClassDevice.o
HID_Device_ProcessControlRequest                  ..//LUFA/Drivers/USB/Class/Device/HIDClassDevice.o
HID_Device_USBTask                                ..//LUFA/Drivers/USB/Class/Device/HIDClassDevice.o
LanguageString                                    Descriptors.o
MIDI_Device_ConfigureEndpoints                    ..//LUFA/Drivers/USB/Class/Device/MIDIClassDevice.o
MIDI_Device_Flush                                 ..//LUFA/Drivers/USB/Class/Device/MIDIClassDevice.o
MIDI_Device_ReceiveEventPacket                    ..//LUFA/Drivers/USB/Class/Device/MIDIClassDevice.o
MIDI_Device_SendEventPacket                       ..//LUFA/Drivers/USB/Class/Device/MIDIClassDevice.o
MIDI_Device_USBTask                               ..//LUFA/Drivers/USB/Class/Device/MIDIClassDevice.o
MS_Device_ConfigureEndpoints                      ..//LUFA/Drivers/USB/Class/Device/MassStorageClassDevice.o
MS_Device_ProcessControlRequest                   ..//LUFA/Drivers/USB/Class/Device/MassStorageClassDevice.o
MS_Device_USBTask                                 ..//LUFA/Drivers/USB/Class/Device/MassStorageClassDevice.o
ManufacturerString                                Descriptors.o
ProductString                                     Descriptors.o
RNDIS_Device_ConfigureEndpoints                   ..//LUFA/Drivers/USB/Class/Device/RNDISClassDevice.o
RNDIS_Device_IsPacketReceived                     ..//LUFA/Drivers/USB/Class/Device/RNDISClassDevice.o
RNDIS_Device_ProcessControlRequest                ..//LUFA/Drivers/USB/Class/Device/RNDISClassDevice.o
RNDIS_Device_ReadPacket                           ..//LUFA/Drivers/USB/Class/Device/RNDISClassDevice.o
RNDIS_Device_SendPacket                           ..//LUFA/Drivers/USB/Class/Device/RNDISClassDevice.o
RNDIS_Device_USBTask                              ..//LUFA/Drivers/USB/Class/Device/RNDISClassDevice.o
SetupHardware()                                   main.o
USB_ControlRequest                                ..//LUFA/Drivers/USB/Class/Device/RNDISClassDevice.o
                                                  ..//LUFA/Drivers/USB/Class/Device/MassStorageClassDevice.o
                                                  ..//LUFA/Drivers/USB/Class/Device/HIDClassDevice.o
                                                  ..//LUFA/Drivers/USB/Class/Device/CDCClassDevice.o
                                                  ..//LUFA/Drivers/USB/Class/Device/AudioClassDevice.o
                                                  ..//LUFA/Drivers/USB/Core/USBTask.o
                                                  ..//LUFA/Drivers/USB/Core/DeviceStandardReq.o
                                                  ..//LUFA/Drivers/USB/Core/AVR8/EndpointStream_AVR8.o
                                                  ..//LUFA/Drivers/USB/Core/AVR8/Endpoint_AVR8.o
USB_DeviceState                                   ..//LUFA/Drivers/USB/Class/Device/RNDISClassDevice.o
                                                  ..//LUFA/Drivers/USB/Class/Device/MIDIClassDevice.o
                                                  ..//LUFA/Drivers/USB/Class/Device/MassStorageClassDevice.o
                                                  ..//LUFA/Drivers/USB/Class/Device/HIDClassDevice.o
                                                  ..//LUFA/Drivers/USB/Class/Device/CDCClassDevice.o
                                                  ..//LUFA/Drivers/USB/Core/USBTask.o
                                                  ..//LUFA/Drivers/USB/Core/DeviceStandardReq.o
                                                  ..//LUFA/Drivers/USB/Core/AVR8/EndpointStream_AVR8.o
                                                  ..//LUFA/Drivers/USB/Core/AVR8/USBInterrupt_AVR8.o
                                                  ..//LUFA/Drivers/USB/Core/AVR8/USBController_AVR8.o
                                                  ..//LUFA/Drivers/USB/Core/AVR8/Endpoint_AVR8.o
USB_Device_ConfigurationNumber                    ..//LUFA/Drivers/USB/Core/DeviceStandardReq.o
                                                  ..//LUFA/Drivers/USB/Core/AVR8/USBInterrupt_AVR8.o
                                                  ..//LUFA/Drivers/USB/Core/AVR8/USBController_AVR8.o
USB_Device_CurrentlySelfPowered                   ..//LUFA/Drivers/USB/Core/DeviceStandardReq.o
                                                  ..//LUFA/Drivers/USB/Core/AVR8/USBController_AVR8.o
USB_Device_ProcessControlRequest                  ..//LUFA/Drivers/USB/Core/DeviceStandardReq.o
                                                  ..//LUFA/Drivers/USB/Core/USBTask.o
USB_Device_RemoteWakeupEnabled                    ..//LUFA/Drivers/USB/Core/DeviceStandardReq.o
                                                  ..//LUFA/Drivers/USB/Core/AVR8/USBController_AVR8.o
USB_Device_SendRemoteWakeup                       ..//LUFA/Drivers/USB/Core/AVR8/Device_AVR8.o
USB_Disable                                       ..//LUFA/Drivers/USB/Core/AVR8/USBController_AVR8.o
USB_Event_Stub                                    ..//LUFA/Drivers/USB/Core/Events.o
USB_GetHIDReportItemInfo                          ..//LUFA/Drivers/USB/Class/Common/HIDParser.o
USB_GetHIDReportSize                              ..//LUFA/Drivers/USB/Class/Common/HIDParser.o
USB_GetNextDescriptorComp                         ..//LUFA/Drivers/USB/Core/ConfigDescriptor.o
USB_GetNextDescriptorOfType                       ..//LUFA/Drivers/USB/Core/ConfigDescriptor.o
USB_GetNextDescriptorOfTypeAfter                  ..//LUFA/Drivers/USB/Core/ConfigDescriptor.o
USB_GetNextDescriptorOfTypeBefore                 ..//LUFA/Drivers/USB/Core/ConfigDescriptor.o
USB_INT_ClearAllInterrupts                        ..//LUFA/Drivers/USB/Core/AVR8/USBInterrupt_AVR8.o
                                                  ..//LUFA/Drivers/USB/Core/AVR8/USBController_AVR8.o
USB_INT_DisableAllInterrupts                      ..//LUFA/Drivers/USB/Core/AVR8/USBInterrupt_AVR8.o
                                                  ..//LUFA/Drivers/USB/Core/AVR8/USBController_AVR8.o
USB_Init                                          ..//LUFA/Drivers/USB/Core/AVR8/USBController_AVR8.o
                                                  main.o
USB_IsInitialized                                 ..//LUFA/Drivers/USB/Core/USBTask.o
                                                  ..//LUFA/Drivers/USB/Core/AVR8/USBController_AVR8.o
USB_ProcessHIDReport                              ..//LUFA/Drivers/USB/Class/Common/HIDParser.o
USB_ResetInterface                                ..//LUFA/Drivers/USB/Core/AVR8/USBController_AVR8.o
USB_SetHIDReportItemInfo                          ..//LUFA/Drivers/USB/Class/Common/HIDParser.o
USB_USBTask                                       ..//LUFA/Drivers/USB/Core/USBTask.o
                                                  ..//LUFA/Drivers/USB/Class/Device/MassStorageClassDevice.o
                                                  ..//LUFA/Drivers/USB/Class/Device/CDCClassDevice.o
                                                  ..//LUFA/Drivers/USB/Core/AVR8/EndpointStream_AVR8.o
                                                  main.o
VirtualSerial_CDC_Interface                       main.o
X_MAG                                             main.o
Y_MAG                                             main.o
Z_MAG                                             main.o
__addsf3                                          c:/winavr-20100110/bin/../lib/gcc/avr/4.3.3/../../../../avr/lib/avr5\libm.a(addsf3.o)
                                                  c:/winavr-20100110/bin/../lib/gcc/avr/4.3.3/../../../../avr/lib/avr5\libm.a(atan2.o)
                                                  main.o
__addsf3x                                         c:/winavr-20100110/bin/../lib/gcc/avr/4.3.3/../../../../avr/lib/avr5\libm.a(addsf3x.o)
                                                  c:/winavr-20100110/bin/../lib/gcc/avr/4.3.3/../../../../avr/lib/avr5\libm.a(fp_powser.o)
                                                  c:/winavr-20100110/bin/../lib/gcc/avr/4.3.3/../../../../avr/lib/avr5\libm.a(atan.o)
                                                  c:/winavr-20100110/bin/../lib/gcc/avr/4.3.3/../../../../avr/lib/avr5\libm.a(addsf3.o)
                                                  c:/winavr-20100110/bin/../lib/gcc/avr/4.3.3/../../../../avr/lib/avr5\libm.a(acos.o)
__bad_interrupt                                   c:/winavr-20100110/bin/../lib/gcc/avr/4.3.3/../../../../avr/lib/avr5/crtm32u4.o
__bss_end                                         c:/winavr-20100110/bin/../lib/gcc/avr/4.3.3/avr5\libgcc.a(_clear_bss.o)
__bss_start                                       c:/winavr-20100110/bin/../lib/gcc/avr/4.3.3/avr5\libgcc.a(_clear_bss.o)
__cmpsf2                                          c:/winavr-20100110/bin/../lib/gcc/avr/4.3.3/../../../../avr/lib/avr5\libm.a(cmpsf2.o)
__data_end                                        c:/winavr-20100110/bin/../lib/gcc/avr/4.3.3/avr5\libgcc.a(_copy_data.o)
__data_load_start                                 c:/winavr-20100110/bin/../lib/gcc/avr/4.3.3/avr5\libgcc.a(_copy_data.o)
__data_start                                      c:/winavr-20100110/bin/../lib/gcc/avr/4.3.3/avr5\libgcc.a(_copy_data.o)
__divsf3                                          c:/winavr-20100110/bin/../lib/gcc/avr/4.3.3/../../../../avr/lib/avr5\libm.a(divsf3.o)
                                                  c:/winavr-20100110/bin/../lib/gcc/avr/4.3.3/../../../../avr/lib/avr5\libm.a(inverse.o)
                                                  main.o
__divsf3_pse                                      c:/winavr-20100110/bin/../lib/gcc/avr/4.3.3/../../../../avr/lib/avr5\libm.a(divsf3x.o)
                                                  c:/winavr-20100110/bin/../lib/gcc/avr/4.3.3/../../../../avr/lib/avr5\libm.a(atan2.o)
__divsf3x                                         c:/winavr-20100110/bin/../lib/gcc/avr/4.3.3/../../../../avr/lib/avr5\libm.a(divsf3x.o)
                                                  c:/winavr-20100110/bin/../lib/gcc/avr/4.3.3/../../../../avr/lib/avr5\libm.a(divsf3.o)
__do_clear_bss                                    c:/winavr-20100110/bin/../lib/gcc/avr/4.3.3/avr5\libgcc.a(_clear_bss.o)
                                                  ..//LUFA/Drivers/USB/Core/USBTask.o
                                                  ..//LUFA/Drivers/USB/Core/DeviceStandardReq.o
                                                  main.o
__do_copy_data                                    c:/winavr-20100110/bin/../lib/gcc/avr/4.3.3/avr5\libgcc.a(_copy_data.o)
                                                  ..//LUFA/Drivers/USB/Class/Device/RNDISClassDevice.o
                                                  ..//LUFA/Drivers/USB/Class/Device/CDCClassDevice.o
                                                  main.o
__eerd_byte_m32u4                                 c:/winavr-20100110/bin/../lib/gcc/avr/4.3.3/../../../../avr/lib/avr5\libc.a(eerd_byte_atmega32u4.o)
                                                  ..//LUFA/Drivers/USB/Core/AVR8/EndpointStream_AVR8.o
__eeupd_byte_m32u4                                c:/winavr-20100110/bin/../lib/gcc/avr/4.3.3/../../../../avr/lib/avr5\libc.a(eeupd_byte_atmega32u4.o)
                                                  ..//LUFA/Drivers/USB/Core/AVR8/EndpointStream_AVR8.o
__eeupd_r18_m32u4                                 c:/winavr-20100110/bin/../lib/gcc/avr/4.3.3/../../../../avr/lib/avr5\libc.a(eeupd_byte_atmega32u4.o)
__epilogue_restores__                             c:/winavr-20100110/bin/../lib/gcc/avr/4.3.3/avr5\libgcc.a(_epilogue.o)
                                                  c:/winavr-20100110/bin/../lib/gcc/avr/4.3.3/../../../../avr/lib/avr5\libc.a(vfprintf_std.o)
                                                  c:/winavr-20100110/bin/../lib/gcc/avr/4.3.3/../../../../avr/lib/avr5\libc.a(fprintf.o)
__eqsf2                                           c:/winavr-20100110/bin/../lib/gcc/avr/4.3.3/../../../../avr/lib/avr5\libm.a(cmpsf2.o)
__floatsisf                                       c:/winavr-20100110/bin/../lib/gcc/avr/4.3.3/../../../../avr/lib/avr5\libm.a(floatsisf.o)
                                                  main.o
__floatunsisf                                     c:/winavr-20100110/bin/../lib/gcc/avr/4.3.3/../../../../avr/lib/avr5\libm.a(floatsisf.o)
__fp_arccos                                       c:/winavr-20100110/bin/../lib/gcc/avr/4.3.3/../../../../avr/lib/avr5\libm.a(fp_arccos.o)
                                                  c:/winavr-20100110/bin/../lib/gcc/avr/4.3.3/../../../../avr/lib/avr5\libm.a(acos.o)
__fp_cmp                                          c:/winavr-20100110/bin/../lib/gcc/avr/4.3.3/../../../../avr/lib/avr5\libm.a(fp_cmp.o)
                                                  c:/winavr-20100110/bin/../lib/gcc/avr/4.3.3/../../../../avr/lib/avr5\libm.a(gesf2.o)
                                                  c:/winavr-20100110/bin/../lib/gcc/avr/4.3.3/../../../../avr/lib/avr5\libm.a(cmpsf2.o)
__fp_inf                                          c:/winavr-20100110/bin/../lib/gcc/avr/4.3.3/../../../../avr/lib/avr5\libm.a(fp_inf.o)
                                                  c:/winavr-20100110/bin/../lib/gcc/avr/4.3.3/../../../../avr/lib/avr5\libm.a(mulsf3x.o)
                                                  c:/winavr-20100110/bin/../lib/gcc/avr/4.3.3/../../../../avr/lib/avr5\libm.a(divsf3x.o)
                                                  c:/winavr-20100110/bin/../lib/gcc/avr/4.3.3/../../../../avr/lib/avr5\libm.a(addsf3x.o)
__fp_mintl                                        c:/winavr-20100110/bin/../lib/gcc/avr/4.3.3/../../../../avr/lib/avr5\libm.a(fp_mintl.o)
                                                  c:/winavr-20100110/bin/../lib/gcc/avr/4.3.3/../../../../avr/lib/avr5\libm.a(round.o)
__fp_mpack                                        c:/winavr-20100110/bin/../lib/gcc/avr/4.3.3/../../../../avr/lib/avr5\libm.a(fp_mpack.o)
                                                  c:/winavr-20100110/bin/../lib/gcc/avr/4.3.3/../../../../avr/lib/avr5\libm.a(sqrt.o)
                                                  c:/winavr-20100110/bin/../lib/gcc/avr/4.3.3/../../../../avr/lib/avr5\libm.a(round.o)
__fp_mpack_finite                                 c:/winavr-20100110/bin/../lib/gcc/avr/4.3.3/../../../../avr/lib/avr5\libm.a(fp_mpack.o)
__fp_nan                                          c:/winavr-20100110/bin/../lib/gcc/avr/4.3.3/../../../../avr/lib/avr5\libm.a(fp_nan.o)
                                                  c:/winavr-20100110/bin/../lib/gcc/avr/4.3.3/../../../../avr/lib/avr5\libm.a(sqrt.o)
                                                  c:/winavr-20100110/bin/../lib/gcc/avr/4.3.3/../../../../avr/lib/avr5\libm.a(mulsf3x.o)
                                                  c:/winavr-20100110/bin/../lib/gcc/avr/4.3.3/../../../../avr/lib/avr5\libm.a(divsf3x.o)
                                                  c:/winavr-20100110/bin/../lib/gcc/avr/4.3.3/../../../../avr/lib/avr5\libm.a(atan2.o)
                                                  c:/winavr-20100110/bin/../lib/gcc/avr/4.3.3/../../../../avr/lib/avr5\libm.a(addsf3x.o)
__fp_norm2                                        c:/winavr-20100110/bin/../lib/gcc/avr/4.3.3/../../../../avr/lib/avr5\libm.a(fp_norm2.o)
                                                  c:/winavr-20100110/bin/../lib/gcc/avr/4.3.3/../../../../avr/lib/avr5\libm.a(sqrt.o)
__fp_powser                                       c:/winavr-20100110/bin/../lib/gcc/avr/4.3.3/../../../../avr/lib/avr5\libm.a(fp_powser.o)
                                                  c:/winavr-20100110/bin/../lib/gcc/avr/4.3.3/../../../../avr/lib/avr5\libm.a(fp_arccos.o)
                                                  c:/winavr-20100110/bin/../lib/gcc/avr/4.3.3/../../../../avr/lib/avr5\libm.a(atan.o)
__fp_pscA                                         c:/winavr-20100110/bin/../lib/gcc/avr/4.3.3/../../../../avr/lib/avr5\libm.a(fp_pscA.o)
                                                  c:/winavr-20100110/bin/../lib/gcc/avr/4.3.3/../../../../avr/lib/avr5\libm.a(mulsf3x.o)
                                                  c:/winavr-20100110/bin/../lib/gcc/avr/4.3.3/../../../../avr/lib/avr5\libm.a(divsf3x.o)
                                                  c:/winavr-20100110/bin/../lib/gcc/avr/4.3.3/../../../../avr/lib/avr5\libm.a(atan2.o)
                                                  c:/winavr-20100110/bin/../lib/gcc/avr/4.3.3/../../../../avr/lib/avr5\libm.a(addsf3x.o)
__fp_pscB                                         c:/winavr-20100110/bin/../lib/gcc/avr/4.3.3/../../../../avr/lib/avr5\libm.a(fp_pscB.o)
                                                  c:/winavr-20100110/bin/../lib/gcc/avr/4.3.3/../../../../avr/lib/avr5\libm.a(mulsf3x.o)
                                                  c:/winavr-20100110/bin/../lib/gcc/avr/4.3.3/../../../../avr/lib/avr5\libm.a(divsf3x.o)
                                                  c:/winavr-20100110/bin/../lib/gcc/avr/4.3.3/../../../../avr/lib/avr5\libm.a(atan2.o)
                                                  c:/winavr-20100110/bin/../lib/gcc/avr/4.3.3/../../../../avr/lib/avr5\libm.a(addsf3x.o)
__fp_round                                        c:/winavr-20100110/bin/../lib/gcc/avr/4.3.3/../../../../avr/lib/avr5\libm.a(fp_round.o)
                                                  c:/winavr-20100110/bin/../lib/gcc/avr/4.3.3/../../../../avr/lib/avr5\libm.a(mulsf3.o)
                                                  c:/winavr-20100110/bin/../lib/gcc/avr/4.3.3/../../../../avr/lib/avr5\libm.a(fp_arccos.o)
                                                  c:/winavr-20100110/bin/../lib/gcc/avr/4.3.3/../../../../avr/lib/avr5\libm.a(divsf3.o)
                                                  c:/winavr-20100110/bin/../lib/gcc/avr/4.3.3/../../../../avr/lib/avr5\libm.a(atan.o)
                                                  c:/winavr-20100110/bin/../lib/gcc/avr/4.3.3/../../../../avr/lib/avr5\libm.a(atan2.o)
                                                  c:/winavr-20100110/bin/../lib/gcc/avr/4.3.3/../../../../avr/lib/avr5\libm.a(addsf3.o)
                                                  c:/winavr-20100110/bin/../lib/gcc/avr/4.3.3/../../../../avr/lib/avr5\libm.a(acos.o)
__fp_split3                                       c:/winavr-20100110/bin/../lib/gcc/avr/4.3.3/../../../../avr/lib/avr5\libm.a(fp_split3.o)
                                                  c:/winavr-20100110/bin/../lib/gcc/avr/4.3.3/../../../../avr/lib/avr5\libm.a(mulsf3x.o)
                                                  c:/winavr-20100110/bin/../lib/gcc/avr/4.3.3/../../../../avr/lib/avr5\libm.a(divsf3x.o)
                                                  c:/winavr-20100110/bin/../lib/gcc/avr/4.3.3/../../../../avr/lib/avr5\libm.a(atan2.o)
                                                  c:/winavr-20100110/bin/../lib/gcc/avr/4.3.3/../../../../avr/lib/avr5\libm.a(addsf3x.o)
__fp_splitA                                       c:/winavr-20100110/bin/../lib/gcc/avr/4.3.3/../../../../avr/lib/avr5\libm.a(fp_split3.o)
                                                  c:/winavr-20100110/bin/../lib/gcc/avr/4.3.3/../../../../avr/lib/avr5\libm.a(sqrt.o)
                                                  c:/winavr-20100110/bin/../lib/gcc/avr/4.3.3/../../../../avr/lib/avr5\libm.a(round.o)
__fp_szero                                        c:/winavr-20100110/bin/../lib/gcc/avr/4.3.3/../../../../avr/lib/avr5\libm.a(fp_zero.o)
                                                  c:/winavr-20100110/bin/../lib/gcc/avr/4.3.3/../../../../avr/lib/avr5\libm.a(round.o)
                                                  c:/winavr-20100110/bin/../lib/gcc/avr/4.3.3/../../../../avr/lib/avr5\libm.a(mulsf3x.o)
                                                  c:/winavr-20100110/bin/../lib/gcc/avr/4.3.3/../../../../avr/lib/avr5\libm.a(divsf3x.o)
__fp_zero                                         c:/winavr-20100110/bin/../lib/gcc/avr/4.3.3/../../../../avr/lib/avr5\libm.a(fp_zero.o)
                                                  c:/winavr-20100110/bin/../lib/gcc/avr/4.3.3/../../../../avr/lib/avr5\libm.a(atan2.o)
                                                  c:/winavr-20100110/bin/../lib/gcc/avr/4.3.3/../../../../avr/lib/avr5\libm.a(addsf3x.o)
__gesf2                                           c:/winavr-20100110/bin/../lib/gcc/avr/4.3.3/../../../../avr/lib/avr5\libm.a(gesf2.o)
                                                  main.o
__gtsf2                                           c:/winavr-20100110/bin/../lib/gcc/avr/4.3.3/../../../../avr/lib/avr5\libm.a(gesf2.o)
                                                  main.o
__heap_end                                        c:/winavr-20100110/bin/../lib/gcc/avr/4.3.3/../../../../avr/lib/avr5/crtm32u4.o
__init                                            c:/winavr-20100110/bin/../lib/gcc/avr/4.3.3/../../../../avr/lib/avr5/crtm32u4.o
__lesf2                                           c:/winavr-20100110/bin/../lib/gcc/avr/4.3.3/../../../../avr/lib/avr5\libm.a(cmpsf2.o)
                                                  main.o
__ltsf2                                           c:/winavr-20100110/bin/../lib/gcc/avr/4.3.3/../../../../avr/lib/avr5\libm.a(cmpsf2.o)
                                                  main.o
__mulsf3                                          c:/winavr-20100110/bin/../lib/gcc/avr/4.3.3/../../../../avr/lib/avr5\libm.a(mulsf3.o)
                                                  c:/winavr-20100110/bin/../lib/gcc/avr/4.3.3/../../../../avr/lib/avr5\libm.a(square.o)
                                                  main.o
__mulsf3_pse                                      c:/winavr-20100110/bin/../lib/gcc/avr/4.3.3/../../../../avr/lib/avr5\libm.a(mulsf3x.o)
__mulsf3x                                         c:/winavr-20100110/bin/../lib/gcc/avr/4.3.3/../../../../avr/lib/avr5\libm.a(mulsf3x.o)
                                                  c:/winavr-20100110/bin/../lib/gcc/avr/4.3.3/../../../../avr/lib/avr5\libm.a(mulsf3.o)
                                                  c:/winavr-20100110/bin/../lib/gcc/avr/4.3.3/../../../../avr/lib/avr5\libm.a(fp_powser.o)
                                                  c:/winavr-20100110/bin/../lib/gcc/avr/4.3.3/../../../../avr/lib/avr5\libm.a(fp_arccos.o)
                                                  c:/winavr-20100110/bin/../lib/gcc/avr/4.3.3/../../../../avr/lib/avr5\libm.a(atan.o)
__nesf2                                           c:/winavr-20100110/bin/../lib/gcc/avr/4.3.3/../../../../avr/lib/avr5\libm.a(cmpsf2.o)
__prologue_saves__                                c:/winavr-20100110/bin/../lib/gcc/avr/4.3.3/avr5\libgcc.a(_prologue.o)
                                                  c:/winavr-20100110/bin/../lib/gcc/avr/4.3.3/../../../../avr/lib/avr5\libc.a(vfprintf_std.o)
                                                  c:/winavr-20100110/bin/../lib/gcc/avr/4.3.3/../../../../avr/lib/avr5\libc.a(fprintf.o)
__stack                                           c:/winavr-20100110/bin/../lib/gcc/avr/4.3.3/../../../../avr/lib/avr5/crtm32u4.o
__subsf3                                          c:/winavr-20100110/bin/../lib/gcc/avr/4.3.3/../../../../avr/lib/avr5\libm.a(addsf3.o)
                                                  c:/winavr-20100110/bin/../lib/gcc/avr/4.3.3/../../../../avr/lib/avr5\libm.a(fp_arccos.o)
                                                  main.o
__udivmodsi4                                      c:/winavr-20100110/bin/../lib/gcc/avr/4.3.3/avr5\libgcc.a(_udivmodsi4.o)
                                                  main.o
__ultoa_invert                                    c:/winavr-20100110/bin/../lib/gcc/avr/4.3.3/../../../../avr/lib/avr5\libc.a(ultoa_invert.o)
                                                  c:/winavr-20100110/bin/../lib/gcc/avr/4.3.3/../../../../avr/lib/avr5\libc.a(vfprintf_std.o)
__vector_1                                        c:/winavr-20100110/bin/../lib/gcc/avr/4.3.3/../../../../avr/lib/avr5/crtm32u4.o
__vector_10                                       ..//LUFA/Drivers/USB/Core/AVR8/USBInterrupt_AVR8.o
                                                  c:/winavr-20100110/bin/../lib/gcc/avr/4.3.3/../../../../avr/lib/avr5/crtm32u4.o
__vector_11                                       c:/winavr-20100110/bin/../lib/gcc/avr/4.3.3/../../../../avr/lib/avr5/crtm32u4.o
__vector_12                                       c:/winavr-20100110/bin/../lib/gcc/avr/4.3.3/../../../../avr/lib/avr5/crtm32u4.o
__vector_13                                       c:/winavr-20100110/bin/../lib/gcc/avr/4.3.3/../../../../avr/lib/avr5/crtm32u4.o
__vector_14                                       c:/winavr-20100110/bin/../lib/gcc/avr/4.3.3/../../../../avr/lib/avr5/crtm32u4.o
__vector_15                                       c:/winavr-20100110/bin/../lib/gcc/avr/4.3.3/../../../../avr/lib/avr5/crtm32u4.o
__vector_16                                       c:/winavr-20100110/bin/../lib/gcc/avr/4.3.3/../../../../avr/lib/avr5/crtm32u4.o
__vector_17                                       c:/winavr-20100110/bin/../lib/gcc/avr/4.3.3/../../../../avr/lib/avr5/crtm32u4.o
__vector_18                                       c:/winavr-20100110/bin/../lib/gcc/avr/4.3.3/../../../../avr/lib/avr5/crtm32u4.o
__vector_19                                       c:/winavr-20100110/bin/../lib/gcc/avr/4.3.3/../../../../avr/lib/avr5/crtm32u4.o
__vector_2                                        c:/winavr-20100110/bin/../lib/gcc/avr/4.3.3/../../../../avr/lib/avr5/crtm32u4.o
__vector_20                                       main.o
                                                  c:/winavr-20100110/bin/../lib/gcc/avr/4.3.3/../../../../avr/lib/avr5/crtm32u4.o
__vector_21                                       c:/winavr-20100110/bin/../lib/gcc/avr/4.3.3/../../../../avr/lib/avr5/crtm32u4.o
__vector_22                                       c:/winavr-20100110/bin/../lib/gcc/avr/4.3.3/../../../../avr/lib/avr5/crtm32u4.o
__vector_23                                       c:/winavr-20100110/bin/../lib/gcc/avr/4.3.3/../../../../avr/lib/avr5/crtm32u4.o
__vector_24                                       c:/winavr-20100110/bin/../lib/gcc/avr/4.3.3/../../../../avr/lib/avr5/crtm32u4.o
__vector_25                                       c:/winavr-20100110/bin/../lib/gcc/avr/4.3.3/../../../../avr/lib/avr5/crtm32u4.o
__vector_26                                       c:/winavr-20100110/bin/../lib/gcc/avr/4.3.3/../../../../avr/lib/avr5/crtm32u4.o
__vector_27                                       c:/winavr-20100110/bin/../lib/gcc/avr/4.3.3/../../../../avr/lib/avr5/crtm32u4.o
__vector_28                                       c:/winavr-20100110/bin/../lib/gcc/avr/4.3.3/../../../../avr/lib/avr5/crtm32u4.o
__vector_29                                       c:/winavr-20100110/bin/../lib/gcc/avr/4.3.3/../../../../avr/lib/avr5/crtm32u4.o
__vector_3                                        c:/winavr-20100110/bin/../lib/gcc/avr/4.3.3/../../../../avr/lib/avr5/crtm32u4.o
__vector_30                                       c:/winavr-20100110/bin/../lib/gcc/avr/4.3.3/../../../../avr/lib/avr5/crtm32u4.o
__vector_31                                       c:/winavr-20100110/bin/../lib/gcc/avr/4.3.3/../../../../avr/lib/avr5/crtm32u4.o
__vector_32                                       c:/winavr-20100110/bin/../lib/gcc/avr/4.3.3/../../../../avr/lib/avr5/crtm32u4.o
__vector_33                                       c:/winavr-20100110/bin/../lib/gcc/avr/4.3.3/../../../../avr/lib/avr5/crtm32u4.o
__vector_34                                       c:/winavr-20100110/bin/../lib/gcc/avr/4.3.3/../../../../avr/lib/avr5/crtm32u4.o
__vector_35                                       c:/winavr-20100110/bin/../lib/gcc/avr/4.3.3/../../../../avr/lib/avr5/crtm32u4.o
__vector_36                                       c:/winavr-20100110/bin/../lib/gcc/avr/4.3.3/../../../../avr/lib/avr5/crtm32u4.o
__vector_37                                       c:/winavr-20100110/bin/../lib/gcc/avr/4.3.3/../../../../avr/lib/avr5/crtm32u4.o
__vector_38                                       c:/winavr-20100110/bin/../lib/gcc/avr/4.3.3/../../../../avr/lib/avr5/crtm32u4.o
__vector_39                                       c:/winavr-20100110/bin/../lib/gcc/avr/4.3.3/../../../../avr/lib/avr5/crtm32u4.o
__vector_4                                        c:/winavr-20100110/bin/../lib/gcc/avr/4.3.3/../../../../avr/lib/avr5/crtm32u4.o
__vector_40                                       c:/winavr-20100110/bin/../lib/gcc/avr/4.3.3/../../../../avr/lib/avr5/crtm32u4.o
__vector_41                                       c:/winavr-20100110/bin/../lib/gcc/avr/4.3.3/../../../../avr/lib/avr5/crtm32u4.o
__vector_42                                       c:/winavr-20100110/bin/../lib/gcc/avr/4.3.3/../../../../avr/lib/avr5/crtm32u4.o
__vector_5                                        c:/winavr-20100110/bin/../lib/gcc/avr/4.3.3/../../../../avr/lib/avr5/crtm32u4.o
__vector_6                                        c:/winavr-20100110/bin/../lib/gcc/avr/4.3.3/../../../../avr/lib/avr5/crtm32u4.o
__vector_7                                        c:/winavr-20100110/bin/../lib/gcc/avr/4.3.3/../../../../avr/lib/avr5/crtm32u4.o
__vector_8                                        c:/winavr-20100110/bin/../lib/gcc/avr/4.3.3/../../../../avr/lib/avr5/crtm32u4.o
__vector_9                                        c:/winavr-20100110/bin/../lib/gcc/avr/4.3.3/../../../../avr/lib/avr5/crtm32u4.o
__vector_default                                  c:/winavr-20100110/bin/../lib/gcc/avr/4.3.3/../../../../avr/lib/avr5/crtm32u4.o
__vectors                                         c:/winavr-20100110/bin/../lib/gcc/avr/4.3.3/../../../../avr/lib/avr5/crtm32u4.o
_exit                                             c:/winavr-20100110/bin/../lib/gcc/avr/4.3.3/avr5\libgcc.a(_exit.o)
accel_angle(vector)                               main.o
accel_angle_acquisition()                         main.o
accel_g(vector*)                                  main.o
accel_measurement_noise()                         main.o
accelcompass_angle_acquisition()                  main.o
accelerometer_init()                              main.o
acos                                              c:/winavr-20100110/bin/../lib/gcc/avr/4.3.3/../../../../avr/lib/avr5\libm.a(acos.o)
                                                  main.o
anglesAccel                                       main.o
anglesGyro                                        main.o
anglesGyroGlobal                                  main.o
anglesOutput                                      main.o
atan                                              c:/winavr-20100110/bin/../lib/gcc/avr/4.3.3/../../../../avr/lib/avr5\libm.a(atan.o)
                                                  c:/winavr-20100110/bin/../lib/gcc/avr/4.3.3/../../../../avr/lib/avr5\libm.a(atan2.o)
atan2                                             c:/winavr-20100110/bin/../lib/gcc/avr/4.3.3/../../../../avr/lib/avr5\libm.a(atan2.o)
                                                  main.o
buffer                                            main.o
compass_calibration()                             main.o
compass_config()                                  main.o
compass_read_data(vector*, vector*)               main.o
delay_ms(unsigned int)                            main.o
exit                                              c:/winavr-20100110/bin/../lib/gcc/avr/4.3.3/avr5\libgcc.a(_exit.o)
                                                  c:/winavr-20100110/bin/../lib/gcc/avr/4.3.3/../../../../avr/lib/avr5/crtm32u4.o
filter()                                          main.o
fprintf                                           c:/winavr-20100110/bin/../lib/gcc/avr/4.3.3/../../../../avr/lib/avr5\libc.a(fprintf.o)
                                                  main.o
fputc                                             c:/winavr-20100110/bin/../lib/gcc/avr/4.3.3/../../../../avr/lib/avr5\libc.a(fputc.o)
                                                  c:/winavr-20100110/bin/../lib/gcc/avr/4.3.3/../../../../avr/lib/avr5\libc.a(vfprintf_std.o)
get_heading(vector*, vector*, vector*)            main.o
gyro_angle(vector)                                main.o
gyro_angle_acquisition()                          main.o
gyro_config()                                     main.o
gyro_dps(vector*)                                 main.o
gyro_init()                                       main.o
gyro_measurement_noise()                          main.o
gyro_read_data(vector*)                           main.o
i2cGetReceivedByte()                              main.o
i2cGetStatus()                                    main.o
i2cInit()                                         main.o
i2cReceiveByte(unsigned char)                     main.o
i2cSendByte(unsigned char)                        main.o
i2cSendStart()                                    main.o
i2cSendStop()                                     main.o
i2cSetBitrate(unsigned short)                     main.o
i2cWaitForComplete()                              main.o
init_all()                                        main.o
init_interrupts()                                 main.o
initialAngles                                     main.o
inverse                                           c:/winavr-20100110/bin/../lib/gcc/avr/4.3.3/../../../../avr/lib/avr5\libm.a(inverse.o)
                                                  c:/winavr-20100110/bin/../lib/gcc/avr/4.3.3/../../../../avr/lib/avr5\libm.a(atan.o)
m_max                                             main.o
m_min                                             main.o
magnetometer_init()                               main.o
magnetometer_values()                             main.o
main                                              main.o
                                                  c:/winavr-20100110/bin/../lib/gcc/avr/4.3.3/../../../../avr/lib/avr5/crtm32u4.o
memcmp                                            c:/winavr-20100110/bin/../lib/gcc/avr/4.3.3/../../../../avr/lib/avr5\libc.a(memcmp.o)
                                                  ..//LUFA/Drivers/USB/Class/Device/HIDClassDevice.o
memcpy                                            c:/winavr-20100110/bin/../lib/gcc/avr/4.3.3/../../../../avr/lib/avr5\libc.a(memcpy.o)
                                                  ..//LUFA/Drivers/USB/Class/Device/RNDISClassDevice.o
                                                  ..//LUFA/Drivers/USB/Class/Device/HIDClassDevice.o
memcpy_P                                          c:/winavr-20100110/bin/../lib/gcc/avr/4.3.3/../../../../avr/lib/avr5\libc.a(memcpy_P.o)
                                                  ..//LUFA/Drivers/USB/Class/Device/RNDISClassDevice.o
memset                                            c:/winavr-20100110/bin/../lib/gcc/avr/4.3.3/../../../../avr/lib/avr5\libc.a(memset.o)
                                                  ..//LUFA/Drivers/USB/Class/Device/HIDClassDevice.o
print_adxl345(__file)                             main.o
print_hmc5883(__file)                             main.o
print_itg3205(__file)                             main.o
round                                             c:/winavr-20100110/bin/../lib/gcc/avr/4.3.3/../../../../avr/lib/avr5\libm.a(round.o)
                                                  main.o
sqrt                                              c:/winavr-20100110/bin/../lib/gcc/avr/4.3.3/../../../../avr/lib/avr5\libm.a(sqrt.o)
                                                  c:/winavr-20100110/bin/../lib/gcc/avr/4.3.3/../../../../avr/lib/avr5\libm.a(fp_arccos.o)
                                                  main.o
square                                            c:/winavr-20100110/bin/../lib/gcc/avr/4.3.3/../../../../avr/lib/avr5\libm.a(square.o)
                                                  c:/winavr-20100110/bin/../lib/gcc/avr/4.3.3/../../../../avr/lib/avr5\libm.a(atan.o)
strnlen                                           c:/winavr-20100110/bin/../lib/gcc/avr/4.3.3/../../../../avr/lib/avr5\libc.a(strnlen.o)
                                                  c:/winavr-20100110/bin/../lib/gcc/avr/4.3.3/../../../../avr/lib/avr5\libc.a(vfprintf_std.o)
strnlen_P                                         c:/winavr-20100110/bin/../lib/gcc/avr/4.3.3/../../../../avr/lib/avr5\libc.a(strnlen_P.o)
                                                  c:/winavr-20100110/bin/../lib/gcc/avr/4.3.3/../../../../avr/lib/avr5\libc.a(vfprintf_std.o)
tcnt1                                             main.o
vector_cross(vector const*, vector const*, vector*) main.o
vector_dot(vector const*, vector const*)          main.o
vector_normalize(vector*)                         main.o
vfprintf                                          c:/winavr-20100110/bin/../lib/gcc/avr/4.3.3/../../../../avr/lib/avr5\libc.a(vfprintf_std.o)
                                                  c:/winavr-20100110/bin/../lib/gcc/avr/4.3.3/../../../../avr/lib/avr5\libc.a(fprintf.o)
x_accel()                                         main.o
x_gyro()                                          main.o
y_accel()                                         main.o
y_gyro()                                          main.o
z_accel()                                         main.o
z_gyro()                                          main.o