Archive member included because of file (symbol)

c:/winavr-20100110/bin/../lib/gcc/avr/4.3.3/../../../../avr/lib/avr5\libm.a(acos.o)
                              GenericHID.o (acos)
c:/winavr-20100110/bin/../lib/gcc/avr/4.3.3/../../../../avr/lib/avr5\libm.a(addsf3.o)
                              GenericHID.o (__subsf3)
c:/winavr-20100110/bin/../lib/gcc/avr/4.3.3/../../../../avr/lib/avr5\libm.a(addsf3x.o)
                              c:/winavr-20100110/bin/../lib/gcc/avr/4.3.3/../../../../avr/lib/avr5\libm.a(acos.o) (__addsf3x)
c:/winavr-20100110/bin/../lib/gcc/avr/4.3.3/../../../../avr/lib/avr5\libm.a(atan2.o)
                              GenericHID.o (atan2)
c:/winavr-20100110/bin/../lib/gcc/avr/4.3.3/../../../../avr/lib/avr5\libm.a(atan.o)
                              c:/winavr-20100110/bin/../lib/gcc/avr/4.3.3/../../../../avr/lib/avr5\libm.a(atan2.o) (atan)
c:/winavr-20100110/bin/../lib/gcc/avr/4.3.3/../../../../avr/lib/avr5\libm.a(cmpsf2.o)
                              GenericHID.o (__ltsf2)
c:/winavr-20100110/bin/../lib/gcc/avr/4.3.3/../../../../avr/lib/avr5\libm.a(divsf3.o)
                              GenericHID.o (__divsf3)
c:/winavr-20100110/bin/../lib/gcc/avr/4.3.3/../../../../avr/lib/avr5\libm.a(divsf3x.o)
                              c:/winavr-20100110/bin/../lib/gcc/avr/4.3.3/../../../../avr/lib/avr5\libm.a(divsf3.o) (__divsf3x)
c:/winavr-20100110/bin/../lib/gcc/avr/4.3.3/../../../../avr/lib/avr5\libm.a(fixsfsi.o)
                              GenericHID.o (__fixsfsi)
c:/winavr-20100110/bin/../lib/gcc/avr/4.3.3/../../../../avr/lib/avr5\libm.a(fixunssfsi.o)
                              c:/winavr-20100110/bin/../lib/gcc/avr/4.3.3/../../../../avr/lib/avr5\libm.a(fixsfsi.o) (__fixunssfsi)
c:/winavr-20100110/bin/../lib/gcc/avr/4.3.3/../../../../avr/lib/avr5\libm.a(floatsisf.o)
                              GenericHID.o (__floatsisf)
c:/winavr-20100110/bin/../lib/gcc/avr/4.3.3/../../../../avr/lib/avr5\libm.a(fp_arccos.o)
                              c:/winavr-20100110/bin/../lib/gcc/avr/4.3.3/../../../../avr/lib/avr5\libm.a(acos.o) (__fp_arccos)
c:/winavr-20100110/bin/../lib/gcc/avr/4.3.3/../../../../avr/lib/avr5\libm.a(fp_cmp.o)
                              c:/winavr-20100110/bin/../lib/gcc/avr/4.3.3/../../../../avr/lib/avr5\libm.a(cmpsf2.o) (__fp_cmp)
c:/winavr-20100110/bin/../lib/gcc/avr/4.3.3/../../../../avr/lib/avr5\libm.a(fp_inf.o)
                              c:/winavr-20100110/bin/../lib/gcc/avr/4.3.3/../../../../avr/lib/avr5\libm.a(addsf3x.o) (__fp_inf)
c:/winavr-20100110/bin/../lib/gcc/avr/4.3.3/../../../../avr/lib/avr5\libm.a(fp_nan.o)
                              c:/winavr-20100110/bin/../lib/gcc/avr/4.3.3/../../../../avr/lib/avr5\libm.a(addsf3x.o) (__fp_nan)
c:/winavr-20100110/bin/../lib/gcc/avr/4.3.3/../../../../avr/lib/avr5\libm.a(fp_powser.o)
                              c:/winavr-20100110/bin/../lib/gcc/avr/4.3.3/../../../../avr/lib/avr5\libm.a(atan.o) (__fp_powser)
c:/winavr-20100110/bin/../lib/gcc/avr/4.3.3/../../../../avr/lib/avr5\libm.a(fp_pscA.o)
                              c:/winavr-20100110/bin/../lib/gcc/avr/4.3.3/../../../../avr/lib/avr5\libm.a(addsf3x.o) (__fp_pscA)
c:/winavr-20100110/bin/../lib/gcc/avr/4.3.3/../../../../avr/lib/avr5\libm.a(fp_pscB.o)
                              c:/winavr-20100110/bin/../lib/gcc/avr/4.3.3/../../../../avr/lib/avr5\libm.a(addsf3x.o) (__fp_pscB)
c:/winavr-20100110/bin/../lib/gcc/avr/4.3.3/../../../../avr/lib/avr5\libm.a(fp_round.o)
                              c:/winavr-20100110/bin/../lib/gcc/avr/4.3.3/../../../../avr/lib/avr5\libm.a(acos.o) (__fp_round)
c:/winavr-20100110/bin/../lib/gcc/avr/4.3.3/../../../../avr/lib/avr5\libm.a(fp_split3.o)
                              c:/winavr-20100110/bin/../lib/gcc/avr/4.3.3/../../../../avr/lib/avr5\libm.a(addsf3x.o) (__fp_split3)
c:/winavr-20100110/bin/../lib/gcc/avr/4.3.3/../../../../avr/lib/avr5\libm.a(fp_zero.o)
                              c:/winavr-20100110/bin/../lib/gcc/avr/4.3.3/../../../../avr/lib/avr5\libm.a(addsf3x.o) (__fp_zero)
c:/winavr-20100110/bin/../lib/gcc/avr/4.3.3/../../../../avr/lib/avr5\libm.a(gesf2.o)
                              GenericHID.o (__gtsf2)
c:/winavr-20100110/bin/../lib/gcc/avr/4.3.3/../../../../avr/lib/avr5\libm.a(inverse.o)
                              c:/winavr-20100110/bin/../lib/gcc/avr/4.3.3/../../../../avr/lib/avr5\libm.a(atan.o) (inverse)
c:/winavr-20100110/bin/../lib/gcc/avr/4.3.3/../../../../avr/lib/avr5\libm.a(mulsf3.o)
                              GenericHID.o (__mulsf3)
c:/winavr-20100110/bin/../lib/gcc/avr/4.3.3/../../../../avr/lib/avr5\libm.a(mulsf3x.o)
                              c:/winavr-20100110/bin/../lib/gcc/avr/4.3.3/../../../../avr/lib/avr5\libm.a(atan.o) (__mulsf3x)
c:/winavr-20100110/bin/../lib/gcc/avr/4.3.3/../../../../avr/lib/avr5\libm.a(round.o)
                              GenericHID.o (round)
[...]
Memory Configuration

Name             Origin             Length             Attributes
text             0x00000000         0x00020000         xr
data             0x00800060         0x0000ffa0         rw !x
eeprom           0x00810000         0x00010000         rw !x
fuse             0x00820000         0x00000400         rw !x
lock             0x00830000         0x00000400         rw !x
signature        0x00840000         0x00000400         rw !x
*default*        0x00000000         0xffffffff

Linker script and memory map

Address of section .data set to 0x800100
LOAD c:/winavr-20100110/bin/../lib/gcc/avr/4.3.3/../../../../avr/lib/avr5/crtm32u4.o
LOAD GenericHID.o
LOAD Descriptors.o
LOAD LUFA/Drivers/USB/Core/AVR8/Device_AVR8.o
LOAD LUFA/Drivers/USB/Core/AVR8/Endpoint_AVR8.o
LOAD LUFA/Drivers/USB/Core/AVR8/Host_AVR8.o
LOAD LUFA/Drivers/USB/Core/AVR8/Pipe_AVR8.o
LOAD LUFA/Drivers/USB/Core/AVR8/USBController_AVR8.o
LOAD LUFA/Drivers/USB/Core/AVR8/USBInterrupt_AVR8.o
LOAD LUFA/Drivers/USB/Core/AVR8/EndpointStream_AVR8.o
LOAD LUFA/Drivers/USB/Core/AVR8/PipeStream_AVR8.o
LOAD LUFA/Drivers/USB/Core/ConfigDescriptors.o
LOAD LUFA/Drivers/USB/Core/DeviceStandardReq.o
LOAD LUFA/Drivers/USB/Core/Events.o
LOAD LUFA/Drivers/USB/Core/HostStandardReq.o
LOAD LUFA/Drivers/USB/Core/USBTask.o
LOAD LUFA/Drivers/USB/Class/Common/HIDParser.o
LOAD c:/winavr-20100110/bin/../lib/gcc/avr/4.3.3/../../../../avr/lib/avr5\libm.a
LOAD c:/winavr-20100110/bin/../lib/gcc/avr/4.3.3/avr5\libgcc.a
LOAD c:/winavr-20100110/bin/../lib/gcc/avr/4.3.3/../../../../avr/lib/avr5\libc.a
LOAD c:/winavr-20100110/bin/../lib/gcc/avr/4.3.3/avr5\libgcc.a

.hash
 *(.hash)

.dynsym
 *(.dynsym)

.dynstr
 *(.dynstr)

.gnu.version
 *(.gnu.version)

.gnu.version_d
 *(.gnu.version_d)

.gnu.version_r
 *(.gnu.version_r)

.rel.init
 *(.rel.init)

.rela.init
 *(.rela.init)

.rel.text
 *(.rel.text)
 *(.rel.text.*)
 *(.rel.gnu.linkonce.t*)

.rela.text
 *(.rela.text)
 *(.rela.text.*)
 *(.rela.gnu.linkonce.t*)

.rel.fini
 *(.rel.fini)

.rela.fini
 *(.rela.fini)

.rel.rodata
 *(.rel.rodata)
 *(.rel.rodata.*)
 *(.rel.gnu.linkonce.r*)

.rela.rodata
 *(.rela.rodata)
 *(.rela.rodata.*)
 *(.rela.gnu.linkonce.r*)

.rel.data
 *(.rel.data)
 *(.rel.data.*)
 *(.rel.gnu.linkonce.d*)

.rela.data
 *(.rela.data)
 *(.rela.data.*)
 *(.rela.gnu.linkonce.d*)

.rel.ctors
 *(.rel.ctors)

.rela.ctors
 *(.rela.ctors)

.rel.dtors
 *(.rel.dtors)

.rela.dtors
 *(.rela.dtors)

.rel.got
 *(.rel.got)

.rela.got
 *(.rela.got)

.rel.bss
 *(.rel.bss)

.rela.bss
 *(.rela.bss)

.rel.plt
 *(.rel.plt)

.rela.plt
 *(.rela.plt)

.text           0x00000000     0x2314
 *(.vectors)
 .vectors       0x00000000       0xac c:/winavr-20100110/bin/../lib/gcc/avr/4.3.3/../../../../avr/lib/avr5/crtm32u4.o
                0x00000000                __vectors
                0x00000000                __vector_default
 *(.vectors)
 *(.progmem.gcc*)
 .progmem.gcc_fplib
                0x000000ac       0x2d c:/winavr-20100110/bin/../lib/gcc/avr/4.3.3/../../../../avr/lib/avr5\libm.a(atan.o)
 .progmem.gcc_fplib
                0x000000d9       0x28 c:/winavr-20100110/bin/../lib/gcc/avr/4.3.3/../../../../avr/lib/avr5\libm.a(fp_arccos.o)
 *(.progmem*)
 .progmem.data  0x00000101       0xa7 Descriptors.o
                0x00000101                GenericReport
                0x00000160                ManufacturerString
                0x0000015c                LanguageString
                0x00000121                DeviceDescriptor
                0x0000017a                ProductString
                0x00000133                ConfigurationDescriptor
                0x000001a8                . = ALIGN (0x2)
                0x000001a8                __trampolines_start = .
 *(.trampolines)
 .trampolines   0x000001a8        0x0 linker stubs
 *(.trampolines*)
                0x000001a8                __trampolines_end = .
 *(.jumptables)
 *(.jumptables*)
 *(.lowtext)
 *(.lowtext*)
                0x000001a8                __ctors_start = .
 *(.ctors)
                0x000001a8                __ctors_end = .
                0x000001a8                __dtors_start = .
 *(.dtors)
                0x000001a8                __dtors_end = .
 SORT(*)(.ctors)
 SORT(*)(.dtors)
 *(.init0)
 .init0         0x000001a8        0x0 c:/winavr-20100110/bin/../lib/gcc/avr/4.3.3/../../../../avr/lib/avr5/crtm32u4.o
                0x000001a8                __init
 *(.init0)
 *(.init1)
 *(.init1)
 *(.init2)
 .init2         0x000001a8        0xc c:/winavr-20100110/bin/../lib/gcc/avr/4.3.3/../../../../avr/lib/avr5/crtm32u4.o
 *(.init2)
 *(.init3)
 *(.init3)
 *(.init4)
 .init4         0x000001b4       0x16 c:/winavr-20100110/bin/../lib/gcc/avr/4.3.3/avr5\libgcc.a(_copy_data.o)
                0x000001b4                __do_copy_data
 .init4         0x000001ca       0x10 c:/winavr-20100110/bin/../lib/gcc/avr/4.3.3/avr5\libgcc.a(_clear_bss.o)
                0x000001ca                __do_clear_bss
 *(.init4)
 *(.init5)
 *(.init5)
 *(.init6)
 *(.init6)
 *(.init7)
 *(.init7)
 *(.init8)
 *(.init8)
 *(.init9)
 .init9         0x000001da        0x6 c:/winavr-20100110/bin/../lib/gcc/avr/4.3.3/../../../../avr/lib/avr5/crtm32u4.o
 *(.init9)
 *(.text)
 .text          0x000001e0        0x2 c:/winavr-20100110/bin/../lib/gcc/avr/4.3.3/../../../../avr/lib/avr5/crtm32u4.o
                0x000001e0                __vector_38
                0x000001e0                __vector_22
                0x000001e0                __vector_28
                0x000001e0                __vector_1
                0x000001e0                __vector_32
                0x000001e0                __vector_34
                0x000001e0                __vector_24
                0x000001e0                __vector_12
                0x000001e0                __bad_interrupt
                0x000001e0                __vector_6
                0x000001e0                __vector_31
                0x000001e0                __vector_35
                0x000001e0                __vector_39
                0x000001e0                __vector_3
                0x000001e0                __vector_23
                0x000001e0                __vector_30
                0x000001e0                __vector_25
                0x000001e0                __vector_11
                0x000001e0                __vector_13
                0x000001e0                __vector_17
                0x000001e0                __vector_19
                0x000001e0                __vector_7
                0x000001e0                __vector_41
                0x000001e0                __vector_27
                0x000001e0                __vector_5
                0x000001e0                __vector_33
                0x000001e0                __vector_37
                0x000001e0                __vector_4
                0x000001e0                __vector_9
                0x000001e0                __vector_2
                0x000001e0                __vector_21
                0x000001e0                __vector_15
                0x000001e0                __vector_36
                0x000001e0                __vector_29
                0x000001e0                __vector_40
                0x000001e0                __vector_8
                0x000001e0                __vector_26
                0x000001e0                __vector_14
                0x000001e0                __vector_16
                0x000001e0                __vector_18
                0x000001e0                __vector_42
                0x000001e2                . = ALIGN (0x2)
 *(.text.*)
 .text._Z13i2cSetBitratet
                0x000001e2       0x3c GenericHID.o
                0x000001e2                i2cSetBitrate(unsigned short)
 .text._Z7i2cInitv
                0x0000021e       0x12 GenericHID.o
                0x0000021e                i2cInit()
 .text._Z12i2cSendStartv
                0x00000230        0xa GenericHID.o
                0x00000230                i2cSendStart()
 .text._Z11i2cSendStopv
                0x0000023a        0x8 GenericHID.o
                0x0000023a                i2cSendStop()
 .text._Z18i2cWaitForCompletev
                0x00000242       0x1a GenericHID.o
                0x00000242                i2cWaitForComplete()
 .text._Z14i2cReceiveByteh
                0x0000025c       0x1c GenericHID.o
                0x0000025c                i2cReceiveByte(unsigned char)
 .text._Z18i2cGetReceivedBytev
                0x00000278        0x6 GenericHID.o
                0x00000278                i2cGetReceivedByte()
 .text._Z8delay_msj
                0x0000027e       0x1e GenericHID.o
                0x0000027e                delay_ms(unsigned int)
 .text._Z11i2cSendByteh
                0x0000029c       0x1a GenericHID.o
                0x0000029c                i2cSendByte(unsigned char)
 .text._Z9gyro_initv
                0x000002b6       0x54 GenericHID.o
                0x000002b6                gyro_init()
 .text._Z18accelerometer_initv
                0x0000030a       0x30 GenericHID.o
                0x0000030a                accelerometer_init()
 .text._Z17magnetometer_initv
                0x0000033a       0x48 GenericHID.o
                0x0000033a                magnetometer_init()
 .text._Z14compass_configv
                0x00000382        0x4 GenericHID.o
                0x00000382                compass_config()
 .text._Z17compass_read_dataP6vectorS0_
                0x00000386      0x29a GenericHID.o
                0x00000386                compass_read_data(vector*, vector*)
 .text._Z11gyro_configv
                0x00000620        0x4 GenericHID.o
                0x00000620                gyro_config()
 .text._Z12vector_crossPK6vectorS1_PS_
                0x00000624      0x10e GenericHID.o
                0x00000624                vector_cross(vector const*, vector const*, vector*)
 .text._Z10vector_dotPK6vectorS1_
                0x00000732       0x8e GenericHID.o
                0x00000732                vector_dot(vector const*, vector const*)
 .text._Z7accel_gP6vector
                0x000007c0       0x80 GenericHID.o
                0x000007c0                accel_g(vector*)
 .text.EVENT_USB_Device_Connect
                0x00000840        0xa GenericHID.o
                0x00000840                EVENT_USB_Device_Connect
 .text.EVENT_USB_Device_Disconnect
                0x0000084a        0xa GenericHID.o
                0x0000084a                EVENT_USB_Device_Disconnect
 .text._Z23ProcessGenericHIDReportPh
                0x00000854       0x12 GenericHID.o
                0x00000854                ProcessGenericHIDReport(unsigned char*)
 .text._Z22CreateGenericHIDReportPh
                0x00000866       0xb2 GenericHID.o
                0x00000866                CreateGenericHIDReport(unsigned char*)
 .text._Z8init_allv
                0x00000918        0xe GenericHID.o
                0x00000918                init_all()
 .text._Z15init_interruptsv
                0x00000926       0x4e GenericHID.o
                0x00000926                init_interrupts()
 .text._Z8HID_Taskv
                0x00000974       0x9a GenericHID.o
                0x00000974                HID_Task()
 .text.EVENT_USB_Device_ControlRequest
                0x00000a0e       0x9a GenericHID.o
                0x00000a0e                EVENT_USB_Device_ControlRequest
 .text.EVENT_USB_Device_ConfigurationChanged
                0x00000aa8       0x36 GenericHID.o
                0x00000aa8                EVENT_USB_Device_ConfigurationChanged
 .text._Z13SetupHardwarev
                0x00000ade       0x2a GenericHID.o
                0x00000ade                SetupHardware()
 .text.main     0x00000b08       0x24 GenericHID.o
                0x00000b08                main
 .text._Z16vector_normalizeP6vector
                0x00000b2c       0x78 GenericHID.o
                0x00000b2c                vector_normalize(vector*)
 .text._Z11accel_angle6vector
                0x00000ba4      0x272 GenericHID.o
                0x00000ba4                accel_angle(vector)
 .text._Z11get_headingP6vectorS0_S0_
                0x00000e16      0x224 GenericHID.o
                0x00000e16                get_heading(vector*, vector*, vector*)
 .text._Z30accelcompass_angle_acquisitionv
                0x0000103a       0xba GenericHID.o
                0x0000103a                accelcompass_angle_acquisition()
 .text.__vector_20
                0x000010f4       0xb6 GenericHID.o
                0x000010f4                __vector_20
 .text.CALLBACK_USB_GetDescriptor
                0x000011aa       0x80 Descriptors.o
                0x000011aa                CALLBACK_USB_GetDescriptor
 .text.Endpoint_ConfigureEndpoint_Prv
                0x0000122a       0x70 LUFA/Drivers/USB/Core/AVR8/Endpoint_AVR8.o
                0x0000122a                Endpoint_ConfigureEndpoint_Prv
 .text.Endpoint_ClearStatusStage
                0x0000129a       0x42 LUFA/Drivers/USB/Core/AVR8/Endpoint_AVR8.o
                0x0000129a                Endpoint_ClearStatusStage
 .text.Endpoint_WaitUntilReady
                0x000012dc       0x64 LUFA/Drivers/USB/Core/AVR8/Endpoint_AVR8.o
                0x000012dc                Endpoint_WaitUntilReady
 .text.USB_ResetInterface
                0x00001340       0x88 LUFA/Drivers/USB/Core/AVR8/USBController_AVR8.o
                0x00001340                USB_ResetInterface
 .text.USB_Init
                0x000013c8       0x20 LUFA/Drivers/USB/Core/AVR8/USBController_AVR8.o
                0x000013c8                USB_Init
 .text.USB_INT_DisableAllInterrupts
                0x000013e8       0x10 LUFA/Drivers/USB/Core/AVR8/USBInterrupt_AVR8.o
                0x000013e8                USB_INT_DisableAllInterrupts
 .text.USB_INT_ClearAllInterrupts
                0x000013f8        0xa LUFA/Drivers/USB/Core/AVR8/USBInterrupt_AVR8.o
                0x000013f8                USB_INT_ClearAllInterrupts
 .text.__vector_10
                0x00001402      0x188 LUFA/Drivers/USB/Core/AVR8/USBInterrupt_AVR8.o
                0x00001402                __vector_10
 .text.Endpoint_Write_Control_Stream_LE
                0x0000158a       0xcc LUFA/Drivers/USB/Core/AVR8/EndpointStream_AVR8.o
                0x0000158a                Endpoint_Write_Control_Stream_LE
 .text.Endpoint_Read_Control_Stream_LE
                0x00001656       0x8c LUFA/Drivers/USB/Core/AVR8/EndpointStream_AVR8.o
                0x00001656                Endpoint_Read_Control_Stream_LE
 .text.Endpoint_Write_Control_PStream_LE
                0x000016e2       0xd0 LUFA/Drivers/USB/Core/AVR8/EndpointStream_AVR8.o
                0x000016e2                Endpoint_Write_Control_PStream_LE
 .text.Endpoint_Read_Stream_LE
                0x000017b2       0xa4 LUFA/Drivers/USB/Core/AVR8/EndpointStream_AVR8.o
                0x000017b2                Endpoint_Read_Stream_LE
 .text.Endpoint_Write_Stream_LE
                0x00001856       0xa4 LUFA/Drivers/USB/Core/AVR8/EndpointStream_AVR8.o
                0x00001856                Endpoint_Write_Stream_LE
 .text.USB_Device_ProcessControlRequest
                0x000018fa      0x2d8 LUFA/Drivers/USB/Core/DeviceStandardReq.o
                0x000018fa                USB_Device_ProcessControlRequest
 .text.USB_Event_Stub
                0x00001bd2        0x2 LUFA/Drivers/USB/Core/Events.o
                0x00001bd2                EVENT_USB_Device_WakeUp
                0x00001bd2                USB_Event_Stub
                0x00001bd2                EVENT_USB_Device_Suspend
                0x00001bd2                EVENT_USB_Device_StartOfFrame
                0x00001bd2                EVENT_USB_Device_Reset
 .text.USB_USBTask
                0x00001bd4       0x2a LUFA/Drivers/USB/Core/USBTask.o
                0x00001bd4                USB_USBTask
 .text.avr-libc.fplib
                0x00001bfe       0x1c c:/winavr-20100110/bin/../lib/gcc/avr/4.3.3/../../../../avr/lib/avr5\libm.a(acos.o)
                0x00001bfe                acos
 .text.avr-libc.fplib
                0x00001c1a        0xa c:/winavr-20100110/bin/../lib/gcc/avr/4.3.3/../../../../avr/lib/avr5\libm.a(addsf3.o)
                0x00001c1a                __subsf3
                0x00001c1c                __addsf3
 .text.avr-libc.fplib
                0x00001c24       0xc0 c:/winavr-20100110/bin/../lib/gcc/avr/4.3.3/../../../../avr/lib/avr5\libm.a(addsf3x.o)
                0x00001c3e                __addsf3x
 .text.avr-libc.fplib
                0x00001ce4       0x74 c:/winavr-20100110/bin/../lib/gcc/avr/4.3.3/../../../../avr/lib/avr5\libm.a(atan2.o)
                0x00001d02                atan2
 .text.avr-libc.fplib
                0x00001d58       0x50 c:/winavr-20100110/bin/../lib/gcc/avr/4.3.3/../../../../avr/lib/avr5\libm.a(atan.o)
                0x00001d58                atan
 .text.avr-libc.fplib
                0x00001da8        0x8 c:/winavr-20100110/bin/../lib/gcc/avr/4.3.3/../../../../avr/lib/avr5\libm.a(cmpsf2.o)
                0x00001da8                __lesf2
                0x00001da8                __nesf2
                0x00001da8                __eqsf2
                0x00001da8                __cmpsf2
                0x00001da8                __ltsf2
 .text.avr-libc.fplib
                0x00001db0        0x4 c:/winavr-20100110/bin/../lib/gcc/avr/4.3.3/../../../../avr/lib/avr5\libm.a(divsf3.o)
                0x00001db0                __divsf3
 .text.avr-libc.fplib
                0x00001db4       0xcc c:/winavr-20100110/bin/../lib/gcc/avr/4.3.3/../../../../avr/lib/avr5\libm.a(divsf3x.o)
                0x00001dca                __divsf3x
                0x00001dce                __divsf3_pse
 .text.avr-libc.fplib
                0x00001e80        0xa c:/winavr-20100110/bin/../lib/gcc/avr/4.3.3/../../../../avr/lib/avr5\libm.a(fixsfsi.o)
                0x00001e80                __fixsfsi
 .text.avr-libc.fplib
                0x00001e8a       0x58 c:/winavr-20100110/bin/../lib/gcc/avr/4.3.3/../../../../avr/lib/avr5\libm.a(fixunssfsi.o)
                0x00001e8a                __fixunssfsi
 .text.avr-libc.fplib
                0x00001ee2       0x7a c:/winavr-20100110/bin/../lib/gcc/avr/4.3.3/../../../../avr/lib/avr5\libm.a(floatsisf.o)
                0x00001ee6                __floatsisf
                0x00001ee2                __floatunsisf
 .text.avr-libc.fplib
                0x00001f5c       0x36 c:/winavr-20100110/bin/../lib/gcc/avr/4.3.3/../../../../avr/lib/avr5\libm.a(fp_arccos.o)
                0x00001f5c                __fp_arccos
 .text.avr-libc.fplib
                0x00001f92       0x48 c:/winavr-20100110/bin/../lib/gcc/avr/4.3.3/../../../../avr/lib/avr5\libm.a(fp_cmp.o)
                0x00001f92                __fp_cmp
 .text.avr-libc.fplib
                0x00001fda        0xc c:/winavr-20100110/bin/../lib/gcc/avr/4.3.3/../../../../avr/lib/avr5\libm.a(fp_inf.o)
                0x00001fda                __fp_inf
 .text.avr-libc.fplib
                0x00001fe6        0x6 c:/winavr-20100110/bin/../lib/gcc/avr/4.3.3/../../../../avr/lib/avr5\libm.a(fp_nan.o)
                0x00001fe6                __fp_nan
 .text.avr-libc.fplib
                0x00001fec       0x4a c:/winavr-20100110/bin/../lib/gcc/avr/4.3.3/../../../../avr/lib/avr5\libm.a(fp_powser.o)
                0x00001fec                __fp_powser
 .text.avr-libc.fplib
                0x00002036        0xe c:/winavr-20100110/bin/../lib/gcc/avr/4.3.3/../../../../avr/lib/avr5\libm.a(fp_pscA.o)
                0x00002036                __fp_pscA
 .text.avr-libc.fplib
                0x00002044        0xe c:/winavr-20100110/bin/../lib/gcc/avr/4.3.3/../../../../avr/lib/avr5\libm.a(fp_pscB.o)
                0x00002044                __fp_pscB
 .text.avr-libc.fplib
                0x00002052       0x22 c:/winavr-20100110/bin/../lib/gcc/avr/4.3.3/../../../../avr/lib/avr5\libm.a(fp_round.o)
                0x00002052                __fp_round
 .text.avr-libc.fplib
                0x00002074       0x44 c:/winavr-20100110/bin/../lib/gcc/avr/4.3.3/../../../../avr/lib/avr5\libm.a(fp_split3.o)
                0x00002074                __fp_split3
                0x00002084                __fp_splitA
 .text.avr-libc.fplib
                0x000020b8        0xe c:/winavr-20100110/bin/../lib/gcc/avr/4.3.3/../../../../avr/lib/avr5\libm.a(fp_zero.o)
                0x000020b8                __fp_zero
                0x000020ba                __fp_szero
 .text.avr-libc.fplib
                0x000020c6        0x8 c:/winavr-20100110/bin/../lib/gcc/avr/4.3.3/../../../../avr/lib/avr5\libm.a(gesf2.o)
                0x000020c6                __gtsf2
                0x000020c6                __gesf2
 .text.avr-libc.fplib
                0x000020ce        0xe c:/winavr-20100110/bin/../lib/gcc/avr/4.3.3/../../../../avr/lib/avr5\libm.a(inverse.o)
                0x000020ce                inverse
 .text.avr-libc.fplib
                0x000020dc        0x4 c:/winavr-20100110/bin/../lib/gcc/avr/4.3.3/../../../../avr/lib/avr5\libm.a(mulsf3.o)
                0x000020dc                __mulsf3
 .text.avr-libc.fplib
                0x000020e0       0xc2 c:/winavr-20100110/bin/../lib/gcc/avr/4.3.3/../../../../avr/lib/avr5\libm.a(mulsf3x.o)
                0x000020f8                __mulsf3_pse
                0x000020f4                __mulsf3x
 .text.avr-libc.fplib
                0x000021a2       0x40 c:/winavr-20100110/bin/../lib/gcc/avr/4.3.3/../../../../avr/lib/avr5\libm.a(round.o)
                0x000021a2                round
 .text.avr-libc.fplib
                0x000021e2       0x84 c:/winavr-20100110/bin/../lib/gcc/avr/4.3.3/../../../../avr/lib/avr5\libm.a(sqrt.o)
                0x000021ea                sqrt
 .text.avr-libc.fplib
                0x00002266        0x6 c:/winavr-20100110/bin/../lib/gcc/avr/4.3.3/../../../../avr/lib/avr5\libm.a(square.o)
                0x00002266                square
 .text.avr-libc.fplib
                0x0000226c       0x36 c:/winavr-20100110/bin/../lib/gcc/avr/4.3.3/../../../../avr/lib/avr5\libm.a(fp_mintl.o)
                0x0000226c                __fp_mintl
 .text.avr-libc.fplib
                0x000022a2       0x1c c:/winavr-20100110/bin/../lib/gcc/avr/4.3.3/../../../../avr/lib/avr5\libm.a(fp_mpack.o)
                0x000022a6                __fp_mpack_finite
                0x000022a2                __fp_mpack
 .text.avr-libc.fplib
                0x000022be        0xe c:/winavr-20100110/bin/../lib/gcc/avr/4.3.3/../../../../avr/lib/avr5\libm.a(fp_norm2.o)
                0x000022be                __fp_norm2
 .text.libgcc   0x000022cc       0x44 c:/winavr-20100110/bin/../lib/gcc/avr/4.3.3/avr5\libgcc.a(_udivmodsi4.o)
                0x000022cc                __udivmodsi4
                0x00002310                . = ALIGN (0x2)
 *(.fini9)
 .fini9         0x00002310        0x0 c:/winavr-20100110/bin/../lib/gcc/avr/4.3.3/avr5\libgcc.a(_exit.o)
                0x00002310                exit
                0x00002310                _exit
 *(.fini9)
 *(.fini8)
 *(.fini8)
 *(.fini7)
 *(.fini7)
 *(.fini6)
 *(.fini6)
 *(.fini5)
 *(.fini5)
 *(.fini4)
 *(.fini4)
 *(.fini3)
 *(.fini3)
 *(.fini2)
 *(.fini2)
 *(.fini1)
 *(.fini1)
 *(.fini0)
 .fini0         0x00002310        0x4 c:/winavr-20100110/bin/../lib/gcc/avr/4.3.3/avr5\libgcc.a(_exit.o)
 *(.fini0)
                0x00002314                _etext = .

.data           0x00800100       0x4a load address 0x00002314
                0x00800100                PROVIDE (__data_start, .)
 *(.data)
 .data          0x00800100       0x4a GenericHID.o
                0x00800118                tcnt1
                0x00800100                m_min
                0x0080010c                m_max
 *(.data*)
 *(.rodata)
 *(.rodata*)
 *(.gnu.linkonce.d*)
                0x0080014a                . = ALIGN (0x2)
                0x0080014a                _edata = .
                0x0080014a                PROVIDE (__data_end, .)

.bss            0x0080014a       0x35
                0x0080014a                PROVIDE (__bss_start, .)
 *(.bss)
 .bss           0x0080014a       0x28 GenericHID.o
                0x0080014e                Z_MAG
                0x00800170                t
                0x00800164                anglesAccel
                0x0080014a                X_MAG
                0x0080014c                Y_MAG
                0x00800150                gyro_calibration
                0x0080015c                tempArray
 *(.bss*)
 *(COMMON)
 COMMON         0x00800172        0x3 LUFA/Drivers/USB/Core/DeviceStandardReq.o
                0x00800172                USB_Device_ConfigurationNumber
                0x00800173                USB_Device_CurrentlySelfPowered
                0x00800174                USB_Device_RemoteWakeupEnabled
 COMMON         0x00800175        0xa LUFA/Drivers/USB/Core/USBTask.o
                0x00800175                USB_IsInitialized
                0x00800176                USB_DeviceState
                0x00800177                USB_ControlRequest
                0x0080017f                PROVIDE (__bss_end, .)
                0x00002314                __data_load_start = LOADADDR (.data)
                0x0000235e                __data_load_end = (__data_load_start + SIZEOF (.data))

.noinit         0x0080017f        0x0
                0x0080017f                PROVIDE (__noinit_start, .)
 *(.noinit*)
                0x0080017f                PROVIDE (__noinit_end, .)
                0x0080017f                _end = .
                0x0080017f                PROVIDE (__heap_start, .)

.eeprom         0x00810000        0x0
 *(.eeprom*)
                0x00810000                __eeprom_end = .

.fuse
 *(.fuse)
 *(.lfuse)
 *(.hfuse)
 *(.efuse)

.lock
 *(.lock*)

.signature
 *(.signature*)

.stab
 *(.stab)

.stabstr
 *(.stabstr)

.stab.excl
 *(.stab.excl)

.stab.exclstr
 *(.stab.exclstr)

.stab.index
 *(.stab.index)

.stab.indexstr
 *(.stab.indexstr)

.comment
 *(.comment)

.debug
 *(.debug)

.line
 *(.line)

.debug_srcinfo
 *(.debug_srcinfo)

.debug_sfnames
 *(.debug_sfnames)

.debug_aranges  0x00000000      0x468
 *(.debug_aranges)
 .debug_aranges
                0x00000000      0x1f0 GenericHID.o
 .debug_aranges
                0x000001f0       0x20 Descriptors.o
 .debug_aranges
                0x00000210       0x20 LUFA/Drivers/USB/Core/AVR8/Device_AVR8.o
 .debug_aranges
                0x00000230       0x40 LUFA/Drivers/USB/Core/AVR8/Endpoint_AVR8.o
 .debug_aranges
                0x00000270       0x30 LUFA/Drivers/USB/Core/AVR8/USBController_AVR8.o
 .debug_aranges
                0x000002a0       0x30 LUFA/Drivers/USB/Core/AVR8/USBInterrupt_AVR8.o
 .debug_aranges
                0x000002d0       0xc8 LUFA/Drivers/USB/Core/AVR8/EndpointStream_AVR8.o
 .debug_aranges
                0x00000398       0x38 LUFA/Drivers/USB/Core/ConfigDescriptors.o
 .debug_aranges
                0x000003d0       0x20 LUFA/Drivers/USB/Core/DeviceStandardReq.o
 .debug_aranges
                0x000003f0       0x20 LUFA/Drivers/USB/Core/Events.o
 .debug_aranges
                0x00000410       0x20 LUFA/Drivers/USB/Core/USBTask.o
 .debug_aranges
                0x00000430       0x38 LUFA/Drivers/USB/Class/Common/HIDParser.o

.debug_pubnames
                0x00000000      0xc4c
 *(.debug_pubnames)
 .debug_pubnames
                0x00000000      0x4f2 GenericHID.o
 .debug_pubnames
                0x000004f2       0xb0 Descriptors.o
 .debug_pubnames
                0x000005a2       0x32 LUFA/Drivers/USB/Core/AVR8/Device_AVR8.o
 .debug_pubnames
                0x000005d4       0xaf LUFA/Drivers/USB/Core/AVR8/Endpoint_AVR8.o
 .debug_pubnames
                0x00000683       0x46 LUFA/Drivers/USB/Core/AVR8/USBController_AVR8.o
 .debug_pubnames
                0x000006c9       0x62 LUFA/Drivers/USB/Core/AVR8/USBInterrupt_AVR8.o
 .debug_pubnames
                0x0000072b      0x2df LUFA/Drivers/USB/Core/AVR8/EndpointStream_AVR8.o
 .debug_pubnames
                0x00000a0a       0x9b LUFA/Drivers/USB/Core/ConfigDescriptors.o
 .debug_pubnames
                0x00000aa5       0xa1 LUFA/Drivers/USB/Core/DeviceStandardReq.o
 .debug_pubnames
                0x00000b46       0x25 LUFA/Drivers/USB/Core/Events.o
 .debug_pubnames
                0x00000b6b       0x63 LUFA/Drivers/USB/Core/USBTask.o
 .debug_pubnames
                0x00000bce       0x7e LUFA/Drivers/USB/Class/Common/HIDParser.o

.debug_info     0x00000000     0x5b32
 *(.debug_info)
 .debug_info    0x00000000     0x167e GenericHID.o
 .debug_info    0x0000167e      0x63f Descriptors.o
 .debug_info    0x00001cbd       0xc4 LUFA/Drivers/USB/Core/AVR8/Device_AVR8.o
 .debug_info    0x00001d81      0x5f2 LUFA/Drivers/USB/Core/AVR8/Endpoint_AVR8.o
 .debug_info    0x00002373       0x61 LUFA/Drivers/USB/Core/AVR8/Host_AVR8.o
 .debug_info    0x000023d4       0x61 LUFA/Drivers/USB/Core/AVR8/Pipe_AVR8.o
 .debug_info    0x00002435      0x4ab LUFA/Drivers/USB/Core/AVR8/USBController_AVR8.o
 .debug_info    0x000028e0      0x571 LUFA/Drivers/USB/Core/AVR8/USBInterrupt_AVR8.o
 .debug_info    0x00002e51     0x157a LUFA/Drivers/USB/Core/AVR8/EndpointStream_AVR8.o
 .debug_info    0x000043cb       0x61 LUFA/Drivers/USB/Core/AVR8/PipeStream_AVR8.o
 .debug_info    0x0000442c      0x34b LUFA/Drivers/USB/Core/ConfigDescriptors.o
 .debug_info    0x00004777      0x9ed LUFA/Drivers/USB/Core/DeviceStandardReq.o
 .debug_info    0x00005164       0x79 LUFA/Drivers/USB/Core/Events.o
 .debug_info    0x000051dd        0x0 LUFA/Drivers/USB/Core/HostStandardReq.o
 .debug_info    0x000051dd      0x269 LUFA/Drivers/USB/Core/USBTask.o
 .debug_info    0x00005446      0x6ec LUFA/Drivers/USB/Class/Common/HIDParser.o
 *(.gnu.linkonce.wi.*)

.debug_abbrev   0x00000000     0x1493
 *(.debug_abbrev)
 .debug_abbrev  0x00000000      0x46e GenericHID.o
 .debug_abbrev  0x0000046e      0x16c Descriptors.o
 .debug_abbrev  0x000005da       0x79 LUFA/Drivers/USB/Core/AVR8/Device_AVR8.o
 .debug_abbrev  0x00000653      0x1fb LUFA/Drivers/USB/Core/AVR8/Endpoint_AVR8.o
 .debug_abbrev  0x0000084e       0x33 LUFA/Drivers/USB/Core/AVR8/Host_AVR8.o
 .debug_abbrev  0x00000881       0x33 LUFA/Drivers/USB/Core/AVR8/Pipe_AVR8.o
 .debug_abbrev  0x000008b4      0x143 LUFA/Drivers/USB/Core/AVR8/USBController_AVR8.o
 .debug_abbrev  0x000009f7      0x17f LUFA/Drivers/USB/Core/AVR8/USBInterrupt_AVR8.o
 .debug_abbrev  0x00000b76      0x1bb LUFA/Drivers/USB/Core/AVR8/EndpointStream_AVR8.o
 .debug_abbrev  0x00000d31       0x33 LUFA/Drivers/USB/Core/AVR8/PipeStream_AVR8.o
 .debug_abbrev  0x00000d64      0x15c LUFA/Drivers/USB/Core/ConfigDescriptors.o
 .debug_abbrev  0x00000ec0      0x22d LUFA/Drivers/USB/Core/DeviceStandardReq.o
 .debug_abbrev  0x000010ed       0x4a LUFA/Drivers/USB/Core/Events.o
 .debug_abbrev  0x00001137        0x1 LUFA/Drivers/USB/Core/HostStandardReq.o
 .debug_abbrev  0x00001138      0x174 LUFA/Drivers/USB/Core/USBTask.o
 .debug_abbrev  0x000012ac      0x1e7 LUFA/Drivers/USB/Class/Common/HIDParser.o

.debug_line     0x00000000     0x57df
 *(.debug_line)
 .debug_line    0x00000000     0x2073 GenericHID.o
 .debug_line    0x00002073      0x1c4 Descriptors.o
 .debug_line    0x00002237      0x11b LUFA/Drivers/USB/Core/AVR8/Device_AVR8.o
 .debug_line    0x00002352      0x4cd LUFA/Drivers/USB/Core/AVR8/Endpoint_AVR8.o
 .debug_line    0x0000281f       0x3e LUFA/Drivers/USB/Core/AVR8/Host_AVR8.o
 .debug_line    0x0000285d       0x3e LUFA/Drivers/USB/Core/AVR8/Pipe_AVR8.o
 .debug_line    0x0000289b      0x340 LUFA/Drivers/USB/Core/AVR8/USBController_AVR8.o
 .debug_line    0x00002bdb      0x4e4 LUFA/Drivers/USB/Core/AVR8/USBInterrupt_AVR8.o
 .debug_line    0x000030bf     0x1757 LUFA/Drivers/USB/Core/AVR8/EndpointStream_AVR8.o
 .debug_line    0x00004816       0x3e LUFA/Drivers/USB/Core/AVR8/PipeStream_AVR8.o
 .debug_line    0x00004854      0x234 LUFA/Drivers/USB/Core/ConfigDescriptors.o
 .debug_line    0x00004a88      0x5a3 LUFA/Drivers/USB/Core/DeviceStandardReq.o
 .debug_line    0x0000502b       0x7a LUFA/Drivers/USB/Core/Events.o
 .debug_line    0x000050a5       0x24 LUFA/Drivers/USB/Core/HostStandardReq.o
 .debug_line    0x000050c9      0x195 LUFA/Drivers/USB/Core/USBTask.o
 .debug_line    0x0000525e      0x581 LUFA/Drivers/USB/Class/Common/HIDParser.o

.debug_frame    0x00000000      0x750
 *(.debug_frame)
 .debug_frame   0x00000000      0x3c0 GenericHID.o
 .debug_frame   0x000003c0       0x20 Descriptors.o
 .debug_frame   0x000003e0       0x20 LUFA/Drivers/USB/Core/AVR8/Device_AVR8.o
 .debug_frame   0x00000400       0x60 LUFA/Drivers/USB/Core/AVR8/Endpoint_AVR8.o
 .debug_frame   0x00000460       0x40 LUFA/Drivers/USB/Core/AVR8/USBController_AVR8.o
 .debug_frame   0x000004a0       0x40 LUFA/Drivers/USB/Core/AVR8/USBInterrupt_AVR8.o
 .debug_frame   0x000004e0      0x170 LUFA/Drivers/USB/Core/AVR8/EndpointStream_AVR8.o
 .debug_frame   0x00000650       0x50 LUFA/Drivers/USB/Core/ConfigDescriptors.o
 .debug_frame   0x000006a0       0x20 LUFA/Drivers/USB/Core/DeviceStandardReq.o
 .debug_frame   0x000006c0       0x20 LUFA/Drivers/USB/Core/Events.o
 .debug_frame   0x000006e0       0x20 LUFA/Drivers/USB/Core/USBTask.o
 .debug_frame   0x00000700       0x50 LUFA/Drivers/USB/Class/Common/HIDParser.o

.debug_str      0x00000000     0x274f
 *(.debug_str)
 .debug_str     0x00000000      0xb84 GenericHID.o
                                0xc0b (size before relaxing)
 .debug_str     0x00000b84      0x4f4 Descriptors.o
                                0x629 (size before relaxing)
 .debug_str     0x00001078       0x71 LUFA/Drivers/USB/Core/AVR8/Device_AVR8.o
                                0x127 (size before relaxing)
 .debug_str     0x000010e9      0x2c5 LUFA/Drivers/USB/Core/AVR8/Endpoint_AVR8.o
                                0x551 (size before relaxing)
 .debug_str     0x000013ae       0x27 LUFA/Drivers/USB/Core/AVR8/Host_AVR8.o
                                 0xd7 (size before relaxing)
 .debug_str     0x000013d5       0x27 LUFA/Drivers/USB/Core/AVR8/Pipe_AVR8.o
                                 0xd7 (size before relaxing)
 .debug_str     0x000013fc      0x247 LUFA/Drivers/USB/Core/AVR8/USBController_AVR8.o
                                0x439 (size before relaxing)
 .debug_str     0x00001643       0xe3 LUFA/Drivers/USB/Core/AVR8/USBInterrupt_AVR8.o
                                0x3ab (size before relaxing)
 .debug_str     0x00001726      0x4e2 LUFA/Drivers/USB/Core/AVR8/EndpointStream_AVR8.o
                                0x755 (size before relaxing)
 .debug_str     0x00001c08       0x2d LUFA/Drivers/USB/Core/AVR8/PipeStream_AVR8.o
                                 0xdd (size before relaxing)
 .debug_str     0x00001c35      0x217 LUFA/Drivers/USB/Core/ConfigDescriptors.o
                                0x2f5 (size before relaxing)
 .debug_str     0x00001e4c      0x3e8 LUFA/Drivers/USB/Core/DeviceStandardReq.o
                                0x81c (size before relaxing)
 .debug_str     0x00002234       0x2e LUFA/Drivers/USB/Core/Events.o
                                 0xde (size before relaxing)
 .debug_str     0x00002262       0x64 LUFA/Drivers/USB/Core/USBTask.o
                                0x295 (size before relaxing)
 .debug_str     0x000022c6      0x489 LUFA/Drivers/USB/Class/Common/HIDParser.o
                                0x5cc (size before relaxing)

.debug_loc      0x00000000     0x3296
 *(.debug_loc)
 .debug_loc     0x00000000      0xcfb GenericHID.o
 .debug_loc     0x00000cfb      0x1a0 Descriptors.o
 .debug_loc     0x00000e9b      0x11c LUFA/Drivers/USB/Core/AVR8/Endpoint_AVR8.o
 .debug_loc     0x00000fb7     0x1886 LUFA/Drivers/USB/Core/AVR8/EndpointStream_AVR8.o
 .debug_loc     0x0000283d      0x2c7 LUFA/Drivers/USB/Core/ConfigDescriptors.o
 .debug_loc     0x00002b04      0x25a LUFA/Drivers/USB/Core/DeviceStandardReq.o
 .debug_loc     0x00002d5e      0x538 LUFA/Drivers/USB/Class/Common/HIDParser.o

.debug_macinfo
 *(.debug_macinfo)
OUTPUT(GenericHID.elf elf32-avr)
LOAD linker stubs

.debug_ranges   0x00000000      0x520
 .debug_ranges  0x00000000      0x218 GenericHID.o
 .debug_ranges  0x00000218       0x18 Descriptors.o
 .debug_ranges  0x00000230       0x18 LUFA/Drivers/USB/Core/AVR8/Device_AVR8.o
 .debug_ranges  0x00000248       0x50 LUFA/Drivers/USB/Core/AVR8/Endpoint_AVR8.o
 .debug_ranges  0x00000298       0x28 LUFA/Drivers/USB/Core/AVR8/USBController_AVR8.o
 .debug_ranges  0x000002c0       0x28 LUFA/Drivers/USB/Core/AVR8/USBInterrupt_AVR8.o
 .debug_ranges  0x000002e8       0xc0 LUFA/Drivers/USB/Core/AVR8/EndpointStream_AVR8.o
 .debug_ranges  0x000003a8       0x30 LUFA/Drivers/USB/Core/ConfigDescriptors.o
 .debug_ranges  0x000003d8       0x78 LUFA/Drivers/USB/Core/DeviceStandardReq.o
 .debug_ranges  0x00000450       0x18 LUFA/Drivers/USB/Core/Events.o
 .debug_ranges  0x00000468       0x18 LUFA/Drivers/USB/Core/USBTask.o
 .debug_ranges  0x00000480       0xa0 LUFA/Drivers/USB/Class/Common/HIDParser.o

Cross Reference Table

Symbol                                            File
CALLBACK_HIDParser_FilterHIDReportItem            LUFA/Drivers/USB/Class/Common/HIDParser.o
CALLBACK_USB_GetDescriptor                        Descriptors.o
                                                  LUFA/Drivers/USB/Core/DeviceStandardReq.o
ConfigurationDescriptor                           Descriptors.o
CreateGenericHIDReport(unsigned char*)            GenericHID.o
DeviceDescriptor                                  Descriptors.o
EVENT_USB_Device_ConfigurationChanged             GenericHID.o
                                                  LUFA/Drivers/USB/Core/DeviceStandardReq.o
EVENT_USB_Device_Connect                          GenericHID.o
                                                  LUFA/Drivers/USB/Core/AVR8/USBInterrupt_AVR8.o
EVENT_USB_Device_ControlRequest                   GenericHID.o
                                                  LUFA/Drivers/USB/Core/DeviceStandardReq.o
EVENT_USB_Device_Disconnect                       GenericHID.o
                                                  LUFA/Drivers/USB/Core/AVR8/USBInterrupt_AVR8.o
EVENT_USB_Device_Reset                            LUFA/Drivers/USB/Core/Events.o
                                                  LUFA/Drivers/USB/Core/AVR8/USBInterrupt_AVR8.o
EVENT_USB_Device_StartOfFrame                     LUFA/Drivers/USB/Core/Events.o
                                                  LUFA/Drivers/USB/Core/AVR8/USBInterrupt_AVR8.o
EVENT_USB_Device_Suspend                          LUFA/Drivers/USB/Core/Events.o
                                                  LUFA/Drivers/USB/Core/AVR8/USBInterrupt_AVR8.o
EVENT_USB_Device_WakeUp                           LUFA/Drivers/USB/Core/Events.o
                                                  LUFA/Drivers/USB/Core/AVR8/USBInterrupt_AVR8.o
Endpoint_ClearEndpoints                           LUFA/Drivers/USB/Core/AVR8/Endpoint_AVR8.o
Endpoint_ClearStatusStage                         LUFA/Drivers/USB/Core/AVR8/Endpoint_AVR8.o
                                                  LUFA/Drivers/USB/Core/DeviceStandardReq.o
Endpoint_ConfigureEndpointTable                   LUFA/Drivers/USB/Core/AVR8/Endpoint_AVR8.o
Endpoint_ConfigureEndpoint_Prv                    LUFA/Drivers/USB/Core/AVR8/Endpoint_AVR8.o
                                                  LUFA/Drivers/USB/Core/AVR8/USBInterrupt_AVR8.o
                                                  LUFA/Drivers/USB/Core/AVR8/USBController_AVR8.o
                                                  GenericHID.o
Endpoint_Discard_Stream                           LUFA/Drivers/USB/Core/AVR8/EndpointStream_AVR8.o
Endpoint_Null_Stream                              LUFA/Drivers/USB/Core/AVR8/EndpointStream_AVR8.o
Endpoint_Read_Control_EStream_BE                  LUFA/Drivers/USB/Core/AVR8/EndpointStream_AVR8.o
Endpoint_Read_Control_EStream_LE                  LUFA/Drivers/USB/Core/AVR8/EndpointStream_AVR8.o
Endpoint_Read_Control_Stream_BE                   LUFA/Drivers/USB/Core/AVR8/EndpointStream_AVR8.o
Endpoint_Read_Control_Stream_LE                   LUFA/Drivers/USB/Core/AVR8/EndpointStream_AVR8.o
                                                  GenericHID.o
Endpoint_Read_EStream_BE                          LUFA/Drivers/USB/Core/AVR8/EndpointStream_AVR8.o
Endpoint_Read_EStream_LE                          LUFA/Drivers/USB/Core/AVR8/EndpointStream_AVR8.o
Endpoint_Read_Stream_BE                           LUFA/Drivers/USB/Core/AVR8/EndpointStream_AVR8.o
Endpoint_Read_Stream_LE                           LUFA/Drivers/USB/Core/AVR8/EndpointStream_AVR8.o
                                                  GenericHID.o
Endpoint_WaitUntilReady                           LUFA/Drivers/USB/Core/AVR8/Endpoint_AVR8.o
                                                  LUFA/Drivers/USB/Core/AVR8/EndpointStream_AVR8.o
Endpoint_Write_Control_EStream_BE                 LUFA/Drivers/USB/Core/AVR8/EndpointStream_AVR8.o
Endpoint_Write_Control_EStream_LE                 LUFA/Drivers/USB/Core/AVR8/EndpointStream_AVR8.o
Endpoint_Write_Control_PStream_BE                 LUFA/Drivers/USB/Core/AVR8/EndpointStream_AVR8.o
Endpoint_Write_Control_PStream_LE                 LUFA/Drivers/USB/Core/AVR8/EndpointStream_AVR8.o
                                                  LUFA/Drivers/USB/Core/DeviceStandardReq.o
Endpoint_Write_Control_Stream_BE                  LUFA/Drivers/USB/Core/AVR8/EndpointStream_AVR8.o
Endpoint_Write_Control_Stream_LE                  LUFA/Drivers/USB/Core/AVR8/EndpointStream_AVR8.o
                                                  LUFA/Drivers/USB/Core/DeviceStandardReq.o
                                                  GenericHID.o
Endpoint_Write_EStream_BE                         LUFA/Drivers/USB/Core/AVR8/EndpointStream_AVR8.o
Endpoint_Write_EStream_LE                         LUFA/Drivers/USB/Core/AVR8/EndpointStream_AVR8.o
Endpoint_Write_PStream_BE                         LUFA/Drivers/USB/Core/AVR8/EndpointStream_AVR8.o
Endpoint_Write_PStream_LE                         LUFA/Drivers/USB/Core/AVR8/EndpointStream_AVR8.o
Endpoint_Write_Stream_BE                          LUFA/Drivers/USB/Core/AVR8/EndpointStream_AVR8.o
Endpoint_Write_Stream_LE                          LUFA/Drivers/USB/Core/AVR8/EndpointStream_AVR8.o
                                                  GenericHID.o
GenericReport                                     Descriptors.o
HID_Task()                                        GenericHID.o
LanguageString                                    Descriptors.o
ManufacturerString                                Descriptors.o
Matrix::Matrix()                                  GenericHID.o
Matrix::Matrix()                                  GenericHID.o
Matrix::Matrix(Matrix const&)                     GenericHID.o
Matrix::Matrix(Matrix const&)                     GenericHID.o
Matrix::Matrix(int, int)                          GenericHID.o
Matrix::Matrix(int, int)                          GenericHID.o
Matrix::init()                                    GenericHID.o
Matrix::invert_3x3()                              GenericHID.o
Matrix::operator()(unsigned int, unsigned int)    GenericHID.o
Matrix::operator=(Matrix const&)                  GenericHID.o
Matrix::~Matrix()                                 GenericHID.o
Matrix::~Matrix()                                 GenericHID.o
ProcessGenericHIDReport(unsigned char*)           GenericHID.o
ProductString                                     Descriptors.o
SetupHardware()                                   GenericHID.o
USB_ControlRequest                                LUFA/Drivers/USB/Core/USBTask.o
                                                  LUFA/Drivers/USB/Core/DeviceStandardReq.o
                                                  LUFA/Drivers/USB/Core/AVR8/EndpointStream_AVR8.o
                                                  LUFA/Drivers/USB/Core/AVR8/Endpoint_AVR8.o
                                                  GenericHID.o
USB_DeviceState                                   LUFA/Drivers/USB/Core/USBTask.o
                                                  LUFA/Drivers/USB/Core/DeviceStandardReq.o
                                                  LUFA/Drivers/USB/Core/AVR8/EndpointStream_AVR8.o
                                                  LUFA/Drivers/USB/Core/AVR8/USBInterrupt_AVR8.o
                                                  LUFA/Drivers/USB/Core/AVR8/USBController_AVR8.o
                                                  LUFA/Drivers/USB/Core/AVR8/Endpoint_AVR8.o
                                                  GenericHID.o
USB_Device_ConfigurationNumber                    LUFA/Drivers/USB/Core/DeviceStandardReq.o
                                                  LUFA/Drivers/USB/Core/AVR8/USBInterrupt_AVR8.o
                                                  LUFA/Drivers/USB/Core/AVR8/USBController_AVR8.o
USB_Device_CurrentlySelfPowered                   LUFA/Drivers/USB/Core/DeviceStandardReq.o
                                                  LUFA/Drivers/USB/Core/AVR8/USBController_AVR8.o
USB_Device_ProcessControlRequest                  LUFA/Drivers/USB/Core/DeviceStandardReq.o
                                                  LUFA/Drivers/USB/Core/USBTask.o
USB_Device_RemoteWakeupEnabled                    LUFA/Drivers/USB/Core/DeviceStandardReq.o
                                                  LUFA/Drivers/USB/Core/AVR8/USBController_AVR8.o
USB_Device_SendRemoteWakeup                       LUFA/Drivers/USB/Core/AVR8/Device_AVR8.o
USB_Disable                                       LUFA/Drivers/USB/Core/AVR8/USBController_AVR8.o
USB_Event_Stub                                    LUFA/Drivers/USB/Core/Events.o
USB_GetHIDReportItemInfo                          LUFA/Drivers/USB/Class/Common/HIDParser.o
USB_GetHIDReportSize                              LUFA/Drivers/USB/Class/Common/HIDParser.o
USB_GetNextDescriptorComp                         LUFA/Drivers/USB/Core/ConfigDescriptors.o
USB_GetNextDescriptorOfType                       LUFA/Drivers/USB/Core/ConfigDescriptors.o
USB_GetNextDescriptorOfTypeAfter                  LUFA/Drivers/USB/Core/ConfigDescriptors.o
USB_GetNextDescriptorOfTypeBefore                 LUFA/Drivers/USB/Core/ConfigDescriptors.o
USB_INT_ClearAllInterrupts                        LUFA/Drivers/USB/Core/AVR8/USBInterrupt_AVR8.o
                                                  LUFA/Drivers/USB/Core/AVR8/USBController_AVR8.o
USB_INT_DisableAllInterrupts                      LUFA/Drivers/USB/Core/AVR8/USBInterrupt_AVR8.o
                                                  LUFA/Drivers/USB/Core/AVR8/USBController_AVR8.o
USB_Init                                          LUFA/Drivers/USB/Core/AVR8/USBController_AVR8.o
                                                  GenericHID.o
USB_IsInitialized                                 LUFA/Drivers/USB/Core/USBTask.o
                                                  LUFA/Drivers/USB/Core/AVR8/USBController_AVR8.o
USB_ProcessHIDReport                              LUFA/Drivers/USB/Class/Common/HIDParser.o
USB_ResetInterface                                LUFA/Drivers/USB/Core/AVR8/USBController_AVR8.o
USB_SetHIDReportItemInfo                          LUFA/Drivers/USB/Class/Common/HIDParser.o
USB_USBTask                                       LUFA/Drivers/USB/Core/USBTask.o
                                                  LUFA/Drivers/USB/Core/AVR8/EndpointStream_AVR8.o
                                                  GenericHID.o
X_MAG                                             GenericHID.o
Y_MAG                                             GenericHID.o
Z_MAG                                             GenericHID.o
__addsf3                                          c:/winavr-20100110/bin/../lib/gcc/avr/4.3.3/../../../../avr/lib/avr5\libm.a(addsf3.o)
                                                  c:/winavr-20100110/bin/../lib/gcc/avr/4.3.3/../../../../avr/lib/avr5\libm.a(atan2.o)
                                                  GenericHID.o
__addsf3x                                         c:/winavr-20100110/bin/../lib/gcc/avr/4.3.3/../../../../avr/lib/avr5\libm.a(addsf3x.o)
                                                  c:/winavr-20100110/bin/../lib/gcc/avr/4.3.3/../../../../avr/lib/avr5\libm.a(fp_powser.o)
                                                  c:/winavr-20100110/bin/../lib/gcc/avr/4.3.3/../../../../avr/lib/avr5\libm.a(atan.o)
                                                  c:/winavr-20100110/bin/../lib/gcc/avr/4.3.3/../../../../avr/lib/avr5\libm.a(addsf3.o)
                                                  c:/winavr-20100110/bin/../lib/gcc/avr/4.3.3/../../../../avr/lib/avr5\libm.a(acos.o)
__bad_interrupt                                   c:/winavr-20100110/bin/../lib/gcc/avr/4.3.3/../../../../avr/lib/avr5/crtm32u4.o
__brkval                                          c:/winavr-20100110/bin/../lib/gcc/avr/4.3.3/../../../../avr/lib/avr5\libc.a(malloc.o)
__bss_end                                         c:/winavr-20100110/bin/../lib/gcc/avr/4.3.3/avr5\libgcc.a(_clear_bss.o)
__bss_start                                       c:/winavr-20100110/bin/../lib/gcc/avr/4.3.3/avr5\libgcc.a(_clear_bss.o)
__cmpsf2                                          c:/winavr-20100110/bin/../lib/gcc/avr/4.3.3/../../../../avr/lib/avr5\libm.a(cmpsf2.o)
__data_end                                        c:/winavr-20100110/bin/../lib/gcc/avr/4.3.3/avr5\libgcc.a(_copy_data.o)
__data_load_start                                 c:/winavr-20100110/bin/../lib/gcc/avr/4.3.3/avr5\libgcc.a(_copy_data.o)
__data_start                                      c:/winavr-20100110/bin/../lib/gcc/avr/4.3.3/avr5\libgcc.a(_copy_data.o)
__divsf3                                          c:/winavr-20100110/bin/../lib/gcc/avr/4.3.3/../../../../avr/lib/avr5\libm.a(divsf3.o)
                                                  c:/winavr-20100110/bin/../lib/gcc/avr/4.3.3/../../../../avr/lib/avr5\libm.a(inverse.o)
                                                  GenericHID.o
__divsf3_pse                                      c:/winavr-20100110/bin/../lib/gcc/avr/4.3.3/../../../../avr/lib/avr5\libm.a(divsf3x.o)
                                                  c:/winavr-20100110/bin/../lib/gcc/avr/4.3.3/../../../../avr/lib/avr5\libm.a(atan2.o)
__divsf3x                                         c:/winavr-20100110/bin/../lib/gcc/avr/4.3.3/../../../../avr/lib/avr5\libm.a(divsf3x.o)
                                                  c:/winavr-20100110/bin/../lib/gcc/avr/4.3.3/../../../../avr/lib/avr5\libm.a(divsf3.o)
__do_clear_bss                                    c:/winavr-20100110/bin/../lib/gcc/avr/4.3.3/avr5\libgcc.a(_clear_bss.o)
                                                  c:/winavr-20100110/bin/../lib/gcc/avr/4.3.3/../../../../avr/lib/avr5\libc.a(malloc.o)
                                                  LUFA/Drivers/USB/Core/USBTask.o
                                                  LUFA/Drivers/USB/Core/DeviceStandardReq.o
                                                  GenericHID.o
__do_copy_data                                    c:/winavr-20100110/bin/../lib/gcc/avr/4.3.3/avr5\libgcc.a(_copy_data.o)
                                                  c:/winavr-20100110/bin/../lib/gcc/avr/4.3.3/../../../../avr/lib/avr5\libc.a(malloc.o)
                                                  GenericHID.o
__eerd_byte_m32u4                                 c:/winavr-20100110/bin/../lib/gcc/avr/4.3.3/../../../../avr/lib/avr5\libc.a(eerd_byte_atmega32u4.o)
                                                  LUFA/Drivers/USB/Core/AVR8/EndpointStream_AVR8.o
__eeupd_byte_m32u4                                c:/winavr-20100110/bin/../lib/gcc/avr/4.3.3/../../../../avr/lib/avr5\libc.a(eeupd_byte_atmega32u4.o)
                                                  LUFA/Drivers/USB/Core/AVR8/EndpointStream_AVR8.o
__eeupd_r18_m32u4                                 c:/winavr-20100110/bin/../lib/gcc/avr/4.3.3/../../../../avr/lib/avr5\libc.a(eeupd_byte_atmega32u4.o)
__eqsf2                                           c:/winavr-20100110/bin/../lib/gcc/avr/4.3.3/../../../../avr/lib/avr5\libm.a(cmpsf2.o)
__fixsfsi                                         c:/winavr-20100110/bin/../lib/gcc/avr/4.3.3/../../../../avr/lib/avr5\libm.a(fixsfsi.o)
                                                  GenericHID.o
__fixunssfsi                                      c:/winavr-20100110/bin/../lib/gcc/avr/4.3.3/../../../../avr/lib/avr5\libm.a(fixunssfsi.o)
                                                  c:/winavr-20100110/bin/../lib/gcc/avr/4.3.3/../../../../avr/lib/avr5\libm.a(fixsfsi.o)
__floatsisf                                       c:/winavr-20100110/bin/../lib/gcc/avr/4.3.3/../../../../avr/lib/avr5\libm.a(floatsisf.o)
                                                  GenericHID.o
__floatunsisf                                     c:/winavr-20100110/bin/../lib/gcc/avr/4.3.3/../../../../avr/lib/avr5\libm.a(floatsisf.o)
__flp                                             c:/winavr-20100110/bin/../lib/gcc/avr/4.3.3/../../../../avr/lib/avr5\libc.a(malloc.o)
__fp_arccos                                       c:/winavr-20100110/bin/../lib/gcc/avr/4.3.3/../../../../avr/lib/avr5\libm.a(fp_arccos.o)
                                                  c:/winavr-20100110/bin/../lib/gcc/avr/4.3.3/../../../../avr/lib/avr5\libm.a(acos.o)
__fp_cmp                                          c:/winavr-20100110/bin/../lib/gcc/avr/4.3.3/../../../../avr/lib/avr5\libm.a(fp_cmp.o)
                                                  c:/winavr-20100110/bin/../lib/gcc/avr/4.3.3/../../../../avr/lib/avr5\libm.a(gesf2.o)
                                                  c:/winavr-20100110/bin/../lib/gcc/avr/4.3.3/../../../../avr/lib/avr5\libm.a(cmpsf2.o)
__fp_inf                                          c:/winavr-20100110/bin/../lib/gcc/avr/4.3.3/../../../../avr/lib/avr5\libm.a(fp_inf.o)
                                                  c:/winavr-20100110/bin/../lib/gcc/avr/4.3.3/../../../../avr/lib/avr5\libm.a(mulsf3x.o)
                                                  c:/winavr-20100110/bin/../lib/gcc/avr/4.3.3/../../../../avr/lib/avr5\libm.a(divsf3x.o)
                                                  c:/winavr-20100110/bin/../lib/gcc/avr/4.3.3/../../../../avr/lib/avr5\libm.a(addsf3x.o)
__fp_mintl                                        c:/winavr-20100110/bin/../lib/gcc/avr/4.3.3/../../../../avr/lib/avr5\libm.a(fp_mintl.o)
                                                  c:/winavr-20100110/bin/../lib/gcc/avr/4.3.3/../../../../avr/lib/avr5\libm.a(round.o)
__fp_mpack                                        c:/winavr-20100110/bin/../lib/gcc/avr/4.3.3/../../../../avr/lib/avr5\libm.a(fp_mpack.o)
                                                  c:/winavr-20100110/bin/../lib/gcc/avr/4.3.3/../../../../avr/lib/avr5\libm.a(sqrt.o)
                                                  c:/winavr-20100110/bin/../lib/gcc/avr/4.3.3/../../../../avr/lib/avr5\libm.a(round.o)
__fp_mpack_finite                                 c:/winavr-20100110/bin/../lib/gcc/avr/4.3.3/../../../../avr/lib/avr5\libm.a(fp_mpack.o)
__fp_nan                                          c:/winavr-20100110/bin/../lib/gcc/avr/4.3.3/../../../../avr/lib/avr5\libm.a(fp_nan.o)
                                                  c:/winavr-20100110/bin/../lib/gcc/avr/4.3.3/../../../../avr/lib/avr5\libm.a(sqrt.o)
                                                  c:/winavr-20100110/bin/../lib/gcc/avr/4.3.3/../../../../avr/lib/avr5\libm.a(mulsf3x.o)
                                                  c:/winavr-20100110/bin/../lib/gcc/avr/4.3.3/../../../../avr/lib/avr5\libm.a(divsf3x.o)
                                                  c:/winavr-20100110/bin/../lib/gcc/avr/4.3.3/../../../../avr/lib/avr5\libm.a(atan2.o)
                                                  c:/winavr-20100110/bin/../lib/gcc/avr/4.3.3/../../../../avr/lib/avr5\libm.a(addsf3x.o)
__fp_norm2                                        c:/winavr-20100110/bin/../lib/gcc/avr/4.3.3/../../../../avr/lib/avr5\libm.a(fp_norm2.o)
                                                  c:/winavr-20100110/bin/../lib/gcc/avr/4.3.3/../../../../avr/lib/avr5\libm.a(sqrt.o)
__fp_powser                                       c:/winavr-20100110/bin/../lib/gcc/avr/4.3.3/../../../../avr/lib/avr5\libm.a(fp_powser.o)
                                                  c:/winavr-20100110/bin/../lib/gcc/avr/4.3.3/../../../../avr/lib/avr5\libm.a(fp_arccos.o)
                                                  c:/winavr-20100110/bin/../lib/gcc/avr/4.3.3/../../../../avr/lib/avr5\libm.a(atan.o)
__fp_pscA                                         c:/winavr-20100110/bin/../lib/gcc/avr/4.3.3/../../../../avr/lib/avr5\libm.a(fp_pscA.o)
                                                  c:/winavr-20100110/bin/../lib/gcc/avr/4.3.3/../../../../avr/lib/avr5\libm.a(mulsf3x.o)
                                                  c:/winavr-20100110/bin/../lib/gcc/avr/4.3.3/../../../../avr/lib/avr5\libm.a(divsf3x.o)
                                                  c:/winavr-20100110/bin/../lib/gcc/avr/4.3.3/../../../../avr/lib/avr5\libm.a(atan2.o)
                                                  c:/winavr-20100110/bin/../lib/gcc/avr/4.3.3/../../../../avr/lib/avr5\libm.a(addsf3x.o)
__fp_pscB                                         c:/winavr-20100110/bin/../lib/gcc/avr/4.3.3/../../../../avr/lib/avr5\libm.a(fp_pscB.o)
                                                  c:/winavr-20100110/bin/../lib/gcc/avr/4.3.3/../../../../avr/lib/avr5\libm.a(mulsf3x.o)
                                                  c:/winavr-20100110/bin/../lib/gcc/avr/4.3.3/../../../../avr/lib/avr5\libm.a(divsf3x.o)
                                                  c:/winavr-20100110/bin/../lib/gcc/avr/4.3.3/../../../../avr/lib/avr5\libm.a(atan2.o)
                                                  c:/winavr-20100110/bin/../lib/gcc/avr/4.3.3/../../../../avr/lib/avr5\libm.a(addsf3x.o)
__fp_round                                        c:/winavr-20100110/bin/../lib/gcc/avr/4.3.3/../../../../avr/lib/avr5\libm.a(fp_round.o)
                                                  c:/winavr-20100110/bin/../lib/gcc/avr/4.3.3/../../../../avr/lib/avr5\libm.a(mulsf3.o)
                                                  c:/winavr-20100110/bin/../lib/gcc/avr/4.3.3/../../../../avr/lib/avr5\libm.a(fp_arccos.o)
                                                  c:/winavr-20100110/bin/../lib/gcc/avr/4.3.3/../../../../avr/lib/avr5\libm.a(divsf3.o)
                                                  c:/winavr-20100110/bin/../lib/gcc/avr/4.3.3/../../../../avr/lib/avr5\libm.a(atan.o)
                                                  c:/winavr-20100110/bin/../lib/gcc/avr/4.3.3/../../../../avr/lib/avr5\libm.a(atan2.o)
                                                  c:/winavr-20100110/bin/../lib/gcc/avr/4.3.3/../../../../avr/lib/avr5\libm.a(addsf3.o)
                                                  c:/winavr-20100110/bin/../lib/gcc/avr/4.3.3/../../../../avr/lib/avr5\libm.a(acos.o)
__fp_split3                                       c:/winavr-20100110/bin/../lib/gcc/avr/4.3.3/../../../../avr/lib/avr5\libm.a(fp_split3.o)
                                                  c:/winavr-20100110/bin/../lib/gcc/avr/4.3.3/../../../../avr/lib/avr5\libm.a(mulsf3x.o)
                                                  c:/winavr-20100110/bin/../lib/gcc/avr/4.3.3/../../../../avr/lib/avr5\libm.a(divsf3x.o)
                                                  c:/winavr-20100110/bin/../lib/gcc/avr/4.3.3/../../../../avr/lib/avr5\libm.a(atan2.o)
                                                  c:/winavr-20100110/bin/../lib/gcc/avr/4.3.3/../../../../avr/lib/avr5\libm.a(addsf3x.o)
__fp_splitA                                       c:/winavr-20100110/bin/../lib/gcc/avr/4.3.3/../../../../avr/lib/avr5\libm.a(fp_split3.o)
                                                  c:/winavr-20100110/bin/../lib/gcc/avr/4.3.3/../../../../avr/lib/avr5\libm.a(sqrt.o)
                                                  c:/winavr-20100110/bin/../lib/gcc/avr/4.3.3/../../../../avr/lib/avr5\libm.a(round.o)
                                                  c:/winavr-20100110/bin/../lib/gcc/avr/4.3.3/../../../../avr/lib/avr5\libm.a(fixunssfsi.o)
__fp_szero                                        c:/winavr-20100110/bin/../lib/gcc/avr/4.3.3/../../../../avr/lib/avr5\libm.a(fp_zero.o)
                                                  c:/winavr-20100110/bin/../lib/gcc/avr/4.3.3/../../../../avr/lib/avr5\libm.a(round.o)
                                                  c:/winavr-20100110/bin/../lib/gcc/avr/4.3.3/../../../../avr/lib/avr5\libm.a(mulsf3x.o)
                                                  c:/winavr-20100110/bin/../lib/gcc/avr/4.3.3/../../../../avr/lib/avr5\libm.a(fixsfsi.o)
                                                  c:/winavr-20100110/bin/../lib/gcc/avr/4.3.3/../../../../avr/lib/avr5\libm.a(divsf3x.o)
__fp_zero                                         c:/winavr-20100110/bin/../lib/gcc/avr/4.3.3/../../../../avr/lib/avr5\libm.a(fp_zero.o)
                                                  c:/winavr-20100110/bin/../lib/gcc/avr/4.3.3/../../../../avr/lib/avr5\libm.a(fixunssfsi.o)
                                                  c:/winavr-20100110/bin/../lib/gcc/avr/4.3.3/../../../../avr/lib/avr5\libm.a(atan2.o)
                                                  c:/winavr-20100110/bin/../lib/gcc/avr/4.3.3/../../../../avr/lib/avr5\libm.a(addsf3x.o)
__gesf2                                           c:/winavr-20100110/bin/../lib/gcc/avr/4.3.3/../../../../avr/lib/avr5\libm.a(gesf2.o)
__gtsf2                                           c:/winavr-20100110/bin/../lib/gcc/avr/4.3.3/../../../../avr/lib/avr5\libm.a(gesf2.o)
                                                  GenericHID.o
__heap_end                                        c:/winavr-20100110/bin/../lib/gcc/avr/4.3.3/../../../../avr/lib/avr5/crtm32u4.o
                                                  c:/winavr-20100110/bin/../lib/gcc/avr/4.3.3/../../../../avr/lib/avr5\libc.a(malloc.o)
__heap_start                                      c:/winavr-20100110/bin/../lib/gcc/avr/4.3.3/../../../../avr/lib/avr5\libc.a(malloc.o)
__init                                            c:/winavr-20100110/bin/../lib/gcc/avr/4.3.3/../../../../avr/lib/avr5/crtm32u4.o
__lesf2                                           c:/winavr-20100110/bin/../lib/gcc/avr/4.3.3/../../../../avr/lib/avr5\libm.a(cmpsf2.o)
__ltsf2                                           c:/winavr-20100110/bin/../lib/gcc/avr/4.3.3/../../../../avr/lib/avr5\libm.a(cmpsf2.o)
                                                  GenericHID.o
__malloc_heap_end                                 c:/winavr-20100110/bin/../lib/gcc/avr/4.3.3/../../../../avr/lib/avr5\libc.a(malloc.o)
__malloc_heap_start                               c:/winavr-20100110/bin/../lib/gcc/avr/4.3.3/../../../../avr/lib/avr5\libc.a(malloc.o)
__malloc_margin                                   c:/winavr-20100110/bin/../lib/gcc/avr/4.3.3/../../../../avr/lib/avr5\libc.a(malloc.o)
__mulsf3                                          c:/winavr-20100110/bin/../lib/gcc/avr/4.3.3/../../../../avr/lib/avr5\libm.a(mulsf3.o)
                                                  c:/winavr-20100110/bin/../lib/gcc/avr/4.3.3/../../../../avr/lib/avr5\libm.a(square.o)
                                                  GenericHID.o
__mulsf3_pse                                      c:/winavr-20100110/bin/../lib/gcc/avr/4.3.3/../../../../avr/lib/avr5\libm.a(mulsf3x.o)
__mulsf3x                                         c:/winavr-20100110/bin/../lib/gcc/avr/4.3.3/../../../../avr/lib/avr5\libm.a(mulsf3x.o)
                                                  c:/winavr-20100110/bin/../lib/gcc/avr/4.3.3/../../../../avr/lib/avr5\libm.a(mulsf3.o)
                                                  c:/winavr-20100110/bin/../lib/gcc/avr/4.3.3/../../../../avr/lib/avr5\libm.a(fp_powser.o)
                                                  c:/winavr-20100110/bin/../lib/gcc/avr/4.3.3/../../../../avr/lib/avr5\libm.a(fp_arccos.o)
                                                  c:/winavr-20100110/bin/../lib/gcc/avr/4.3.3/../../../../avr/lib/avr5\libm.a(atan.o)
__nesf2                                           c:/winavr-20100110/bin/../lib/gcc/avr/4.3.3/../../../../avr/lib/avr5\libm.a(cmpsf2.o)
__stack                                           c:/winavr-20100110/bin/../lib/gcc/avr/4.3.3/../../../../avr/lib/avr5/crtm32u4.o
__subsf3                                          c:/winavr-20100110/bin/../lib/gcc/avr/4.3.3/../../../../avr/lib/avr5\libm.a(addsf3.o)
                                                  c:/winavr-20100110/bin/../lib/gcc/avr/4.3.3/../../../../avr/lib/avr5\libm.a(fp_arccos.o)
                                                  GenericHID.o
__udivmodsi4                                      c:/winavr-20100110/bin/../lib/gcc/avr/4.3.3/avr5\libgcc.a(_udivmodsi4.o)
                                                  GenericHID.o
__vector_1                                        c:/winavr-20100110/bin/../lib/gcc/avr/4.3.3/../../../../avr/lib/avr5/crtm32u4.o
__vector_10                                       LUFA/Drivers/USB/Core/AVR8/USBInterrupt_AVR8.o
                                                  c:/winavr-20100110/bin/../lib/gcc/avr/4.3.3/../../../../avr/lib/avr5/crtm32u4.o
__vector_11                                       c:/winavr-20100110/bin/../lib/gcc/avr/4.3.3/../../../../avr/lib/avr5/crtm32u4.o
__vector_12                                       c:/winavr-20100110/bin/../lib/gcc/avr/4.3.3/../../../../avr/lib/avr5/crtm32u4.o
__vector_13                                       c:/winavr-20100110/bin/../lib/gcc/avr/4.3.3/../../../../avr/lib/avr5/crtm32u4.o
__vector_14                                       c:/winavr-20100110/bin/../lib/gcc/avr/4.3.3/../../../../avr/lib/avr5/crtm32u4.o
__vector_15                                       c:/winavr-20100110/bin/../lib/gcc/avr/4.3.3/../../../../avr/lib/avr5/crtm32u4.o
__vector_16                                       c:/winavr-20100110/bin/../lib/gcc/avr/4.3.3/../../../../avr/lib/avr5/crtm32u4.o
__vector_17                                       c:/winavr-20100110/bin/../lib/gcc/avr/4.3.3/../../../../avr/lib/avr5/crtm32u4.o
__vector_18                                       c:/winavr-20100110/bin/../lib/gcc/avr/4.3.3/../../../../avr/lib/avr5/crtm32u4.o
__vector_19                                       c:/winavr-20100110/bin/../lib/gcc/avr/4.3.3/../../../../avr/lib/avr5/crtm32u4.o
__vector_2                                        c:/winavr-20100110/bin/../lib/gcc/avr/4.3.3/../../../../avr/lib/avr5/crtm32u4.o
__vector_20                                       GenericHID.o
                                                  c:/winavr-20100110/bin/../lib/gcc/avr/4.3.3/../../../../avr/lib/avr5/crtm32u4.o
__vector_21                                       c:/winavr-20100110/bin/../lib/gcc/avr/4.3.3/../../../../avr/lib/avr5/crtm32u4.o
__vector_22                                       c:/winavr-20100110/bin/../lib/gcc/avr/4.3.3/../../../../avr/lib/avr5/crtm32u4.o
__vector_23                                       c:/winavr-20100110/bin/../lib/gcc/avr/4.3.3/../../../../avr/lib/avr5/crtm32u4.o
__vector_24                                       c:/winavr-20100110/bin/../lib/gcc/avr/4.3.3/../../../../avr/lib/avr5/crtm32u4.o
__vector_25                                       c:/winavr-20100110/bin/../lib/gcc/avr/4.3.3/../../../../avr/lib/avr5/crtm32u4.o
__vector_26                                       c:/winavr-20100110/bin/../lib/gcc/avr/4.3.3/../../../../avr/lib/avr5/crtm32u4.o
__vector_27                                       c:/winavr-20100110/bin/../lib/gcc/avr/4.3.3/../../../../avr/lib/avr5/crtm32u4.o
__vector_28                                       c:/winavr-20100110/bin/../lib/gcc/avr/4.3.3/../../../../avr/lib/avr5/crtm32u4.o
__vector_29                                       c:/winavr-20100110/bin/../lib/gcc/avr/4.3.3/../../../../avr/lib/avr5/crtm32u4.o
__vector_3                                        c:/winavr-20100110/bin/../lib/gcc/avr/4.3.3/../../../../avr/lib/avr5/crtm32u4.o
__vector_30                                       c:/winavr-20100110/bin/../lib/gcc/avr/4.3.3/../../../../avr/lib/avr5/crtm32u4.o
__vector_31                                       c:/winavr-20100110/bin/../lib/gcc/avr/4.3.3/../../../../avr/lib/avr5/crtm32u4.o
__vector_32                                       c:/winavr-20100110/bin/../lib/gcc/avr/4.3.3/../../../../avr/lib/avr5/crtm32u4.o
__vector_33                                       c:/winavr-20100110/bin/../lib/gcc/avr/4.3.3/../../../../avr/lib/avr5/crtm32u4.o
__vector_34                                       c:/winavr-20100110/bin/../lib/gcc/avr/4.3.3/../../../../avr/lib/avr5/crtm32u4.o
__vector_35                                       c:/winavr-20100110/bin/../lib/gcc/avr/4.3.3/../../../../avr/lib/avr5/crtm32u4.o
__vector_36                                       c:/winavr-20100110/bin/../lib/gcc/avr/4.3.3/../../../../avr/lib/avr5/crtm32u4.o
__vector_37                                       c:/winavr-20100110/bin/../lib/gcc/avr/4.3.3/../../../../avr/lib/avr5/crtm32u4.o
__vector_38                                       c:/winavr-20100110/bin/../lib/gcc/avr/4.3.3/../../../../avr/lib/avr5/crtm32u4.o
__vector_39                                       c:/winavr-20100110/bin/../lib/gcc/avr/4.3.3/../../../../avr/lib/avr5/crtm32u4.o
__vector_4                                        c:/winavr-20100110/bin/../lib/gcc/avr/4.3.3/../../../../avr/lib/avr5/crtm32u4.o
__vector_40                                       c:/winavr-20100110/bin/../lib/gcc/avr/4.3.3/../../../../avr/lib/avr5/crtm32u4.o
__vector_41                                       c:/winavr-20100110/bin/../lib/gcc/avr/4.3.3/../../../../avr/lib/avr5/crtm32u4.o
__vector_42                                       c:/winavr-20100110/bin/../lib/gcc/avr/4.3.3/../../../../avr/lib/avr5/crtm32u4.o
__vector_5                                        c:/winavr-20100110/bin/../lib/gcc/avr/4.3.3/../../../../avr/lib/avr5/crtm32u4.o
__vector_6                                        c:/winavr-20100110/bin/../lib/gcc/avr/4.3.3/../../../../avr/lib/avr5/crtm32u4.o
__vector_7                                        c:/winavr-20100110/bin/../lib/gcc/avr/4.3.3/../../../../avr/lib/avr5/crtm32u4.o
__vector_8                                        c:/winavr-20100110/bin/../lib/gcc/avr/4.3.3/../../../../avr/lib/avr5/crtm32u4.o
__vector_9                                        c:/winavr-20100110/bin/../lib/gcc/avr/4.3.3/../../../../avr/lib/avr5/crtm32u4.o
__vector_default                                  c:/winavr-20100110/bin/../lib/gcc/avr/4.3.3/../../../../avr/lib/avr5/crtm32u4.o
__vectors                                         c:/winavr-20100110/bin/../lib/gcc/avr/4.3.3/../../../../avr/lib/avr5/crtm32u4.o
_exit                                             c:/winavr-20100110/bin/../lib/gcc/avr/4.3.3/avr5\libgcc.a(_exit.o)
accel_angle(vector)                               GenericHID.o
accel_angle_acquisition()                         GenericHID.o
accel_g(vector*)                                  GenericHID.o
accelcompass_angle_acquisition()                  GenericHID.o
accelerometer_init()                              GenericHID.o
acos                                              c:/winavr-20100110/bin/../lib/gcc/avr/4.3.3/../../../../avr/lib/avr5\libm.a(acos.o)
                                                  GenericHID.o
anglesAccel                                       GenericHID.o
atan                                              c:/winavr-20100110/bin/../lib/gcc/avr/4.3.3/../../../../avr/lib/avr5\libm.a(atan.o)
                                                  c:/winavr-20100110/bin/../lib/gcc/avr/4.3.3/../../../../avr/lib/avr5\libm.a(atan2.o)
atan2                                             c:/winavr-20100110/bin/../lib/gcc/avr/4.3.3/../../../../avr/lib/avr5\libm.a(atan2.o)
                                                  GenericHID.o
compass_calibration()                             GenericHID.o
compass_config()                                  GenericHID.o
compass_read_data(vector*, vector*)               GenericHID.o
delay_ms(unsigned int)                            GenericHID.o
exit                                              c:/winavr-20100110/bin/../lib/gcc/avr/4.3.3/avr5\libgcc.a(_exit.o)
                                                  c:/winavr-20100110/bin/../lib/gcc/avr/4.3.3/../../../../avr/lib/avr5/crtm32u4.o
free                                              c:/winavr-20100110/bin/../lib/gcc/avr/4.3.3/../../../../avr/lib/avr5\libc.a(malloc.o)
                                                  GenericHID.o
get_heading(vector*, vector*, vector*)            GenericHID.o
gyro_calibration                                  GenericHID.o
gyro_config()                                     GenericHID.o
gyro_init()                                       GenericHID.o
i2cGetReceivedByte()                              GenericHID.o
i2cGetStatus()                                    GenericHID.o
i2cInit()                                         GenericHID.o
i2cReceiveByte(unsigned char)                     GenericHID.o
i2cSendByte(unsigned char)                        GenericHID.o
i2cSendStart()                                    GenericHID.o
i2cSendStop()                                     GenericHID.o
i2cSetBitrate(unsigned short)                     GenericHID.o
i2cWaitForComplete()                              GenericHID.o
init_all()                                        GenericHID.o
init_interrupts()                                 GenericHID.o
inverse                                           c:/winavr-20100110/bin/../lib/gcc/avr/4.3.3/../../../../avr/lib/avr5\libm.a(inverse.o)
                                                  c:/winavr-20100110/bin/../lib/gcc/avr/4.3.3/../../../../avr/lib/avr5\libm.a(atan.o)
m_max                                             GenericHID.o
m_min                                             GenericHID.o
magnetometer_init()                               GenericHID.o
magnetometer_values()                             GenericHID.o
main                                              GenericHID.o
                                                  c:/winavr-20100110/bin/../lib/gcc/avr/4.3.3/../../../../avr/lib/avr5/crtm32u4.o
malloc                                            c:/winavr-20100110/bin/../lib/gcc/avr/4.3.3/../../../../avr/lib/avr5\libc.a(malloc.o)
                                                  GenericHID.o
operator*(Matrix const&, Matrix const&)           GenericHID.o
operator+(Matrix const&, Matrix const&)           GenericHID.o
operator-(Matrix const&, Matrix const&)           GenericHID.o
round                                             c:/winavr-20100110/bin/../lib/gcc/avr/4.3.3/../../../../avr/lib/avr5\libm.a(round.o)
                                                  GenericHID.o
sqrt                                              c:/winavr-20100110/bin/../lib/gcc/avr/4.3.3/../../../../avr/lib/avr5\libm.a(sqrt.o)
                                                  c:/winavr-20100110/bin/../lib/gcc/avr/4.3.3/../../../../avr/lib/avr5\libm.a(fp_arccos.o)
                                                  GenericHID.o
square                                            c:/winavr-20100110/bin/../lib/gcc/avr/4.3.3/../../../../avr/lib/avr5\libm.a(square.o)
                                                  c:/winavr-20100110/bin/../lib/gcc/avr/4.3.3/../../../../avr/lib/avr5\libm.a(atan.o)
t                                                 GenericHID.o
tcnt1                                             GenericHID.o
tempArray                                         GenericHID.o
vector_cross(vector const*, vector const*, vector*) GenericHID.o
vector_dot(vector const*, vector const*)          GenericHID.o
vector_normalize(vector*)                         GenericHID.o
x_accel()                                         GenericHID.o
x_gyro()                                          GenericHID.o
y_accel()                                         GenericHID.o
y_gyro()                                          GenericHID.o
z_accel()                                         GenericHID.o
z_gyro()                                          GenericHID.o
